01-01 00:06:30.232307  1207  1322 I am_stop_activity: [0,112765402,com.coloros.wirelesssettings/.OppoWirelessSettingsActivity]
01-01 00:06:30.254102  4213  4213 I am_on_stop_called: [0,com.coloros.wirelesssettings.OppoWirelessSettingsActivity,STOP_ACTIVITY_ITEM]
01-01 00:06:30.539670  1207  1219 I am_uid_active: 10012
01-01 00:06:30.584460  1207  2914 I am_create_activity: [0,267029258,2,com.coloros.bootreg/.activity.FingerprintPage,NULL,NULL,NULL,8388608]
01-01 00:06:30.586878  1207  2914 I am_pause_activity: [0,100847379,com.coloros.bootreg/.activity.WlanAssistantPage,userLeaving=true,resume-request]
01-01 00:06:30.587696  3289  3289 I am_on_paused_called: [0,com.coloros.bootreg.activity.WlanAssistantPage,performPause]
01-01 00:06:30.597891  1207  4500 I am_restart_activity: [0,267029258,2,com.coloros.bootreg/.activity.FingerprintPage]
01-01 00:06:30.601850  1207  4500 I am_set_resumed_activity: [0,com.coloros.bootreg/.activity.FingerprintPage,minimalResumeActivityLocked]
01-01 00:06:30.618551  1207  1322 I sysui_count: [window_time_0,0]
01-01 00:06:30.618704  1207  1322 I sysui_multi_action: [757,803,799,window_time_0,802,0]
01-01 00:06:30.652179  3289  3289 I am_on_create_called: [0,com.coloros.bootreg.activity.FingerprintPage,performCreate]
01-01 00:06:30.653267  3289  3289 I am_on_start_called: [0,com.coloros.bootreg.activity.FingerprintPage,handleStartActivity]
01-01 00:06:30.654176  3289  3289 I am_on_resume_called: [0,com.coloros.bootreg.activity.FingerprintPage,RESUME_ACTIVITY]
01-01 00:06:30.710724  1207  5095 I am_uid_active: 10092
01-01 00:06:30.739504  1207  1505 I commit_sys_config_file: [settings-0-0,6]
01-01 00:06:30.747921  1207  1364 I am_activity_launch_time: [0,267029258,com.coloros.bootreg/.activity.FingerprintPage,146,146]
01-01 00:06:30.825455  1207  1353 I am_proc_start: [0,8368,1000,com.coloros.sau,service,com.coloros.sau/.service.SAUAppService]
01-01 00:06:30.843000  8368  8368 I auditd  : type=1400 audit(0.0:9058): avc: denied { read } for comm="re-initialized>" name="u:object_r:mtk_amslog_prop:s0" dev="tmpfs" ino=12719 scontext=u:r:system_app:s0 tcontext=u:object_r:mtk_amslog_prop:s0 tclass=file permissive=0
01-01 00:06:30.847965  1207  8019 I am_proc_bound: [0,8368,com.coloros.sau]
01-01 00:06:31.091232  1207  1322 I am_stop_activity: [0,100847379,com.coloros.bootreg/.activity.WlanAssistantPage]
01-01 00:06:31.117443  3289  3289 I am_on_stop_called: [0,com.coloros.bootreg.activity.WlanAssistantPage,STOP_ACTIVITY_ITEM]
01-01 00:06:31.141003  1207  5095 I netstats_mobile_sample: [0,0,0,0,0,0,0,0,0,0,0,0,1546272391140]
01-01 00:06:31.141110  1207  5095 I netstats_wifi_sample: [0,0,0,0,0,0,0,0,0,0,0,0,1546272391140]
01-01 00:06:31.264354  3289  3289 I menu_item_selected: [0,]
01-01 00:06:31.382463  1207  1505 I commit_sys_config_file: [settings-1-0,9]
01-01 00:06:31.960962  1207  8019 I am_create_activity: [0,175458498,2,com.coloros.bootreg/.activity.OppoCloudPage,NULL,NULL,NULL,8388608]
01-01 00:06:31.963602  1207  8019 I am_pause_activity: [0,267029258,com.coloros.bootreg/.activity.FingerprintPage,userLeaving=true,resume-request]
01-01 00:06:31.980807  3289  3289 I am_on_paused_called: [0,com.coloros.bootreg.activity.FingerprintPage,performPause]
01-01 00:06:31.988320  1207  2914 I am_restart_activity: [0,175458498,2,com.coloros.bootreg/.activity.OppoCloudPage]
01-01 00:06:31.992119  1207  2914 I am_set_resumed_activity: [0,com.coloros.bootreg/.activity.OppoCloudPage,minimalResumeActivityLocked]
01-01 00:06:31.999876  1207  1322 I sysui_count: [window_time_0,2]
01-01 00:06:32.000043  1207  1322 I sysui_multi_action: [757,803,799,window_time_0,802,2]
01-01 00:06:32.017579  3289  3289 I am_on_create_called: [0,com.coloros.bootreg.activity.OppoCloudPage,performCreate]
01-01 00:06:32.018520  3289  3289 I am_on_start_called: [0,com.coloros.bootreg.activity.OppoCloudPage,handleStartActivity]
01-01 00:06:32.019501  3289  3289 I am_on_resume_called: [0,com.coloros.bootreg.activity.OppoCloudPage,RESUME_ACTIVITY]
01-01 00:06:32.108343  1207  1364 I am_activity_launch_time: [0,175458498,com.coloros.bootreg/.activity.OppoCloudPage,111,111]
01-01 00:06:32.432477  3010  3010 I service_manager_stats: [236,203,5218]
01-01 00:06:32.460403  1207  1322 I am_stop_activity: [0,267029258,com.coloros.bootreg/.activity.FingerprintPage]
01-01 00:06:32.461499  3289  3289 I am_on_stop_called: [0,com.coloros.bootreg.activity.FingerprintPage,STOP_ACTIVITY_ITEM]
01-01 00:06:33.826686  1207  4500 I am_create_activity: [0,101017712,2,com.coloros.bootreg/.activity.AccountPage,com.coloros.bootreg.activity.accountpage,NULL,NULL,545259520]
01-01 00:06:33.829315  1207  4500 I am_pause_activity: [0,175458498,com.coloros.bootreg/.activity.OppoCloudPage,userLeaving=true,resume-request]
01-01 00:06:33.839687  3289  3289 I am_on_paused_called: [0,com.coloros.bootreg.activity.OppoCloudPage,performPause]
01-01 00:06:33.846889  1207  8019 I am_restart_activity: [0,101017712,2,com.coloros.bootreg/.activity.AccountPage]
01-01 00:06:33.850311  1207  8019 I am_set_resumed_activity: [0,com.coloros.bootreg/.activity.AccountPage,minimalResumeActivityLocked]
01-01 00:06:33.862760  1207  1322 I sysui_count: [window_time_0,2]
01-01 00:06:33.862824  1207  1322 I sysui_multi_action: [757,803,799,window_time_0,802,2]
01-01 00:06:33.881873  3289  3289 I am_on_create_called: [0,com.coloros.bootreg.activity.AccountPage,performCreate]
01-01 00:06:33.885149  3289  3289 I am_on_start_called: [0,com.coloros.bootreg.activity.AccountPage,handleStartActivity]
01-01 00:06:33.885992  3289  3289 I am_on_resume_called: [0,com.coloros.bootreg.activity.AccountPage,RESUME_ACTIVITY]
01-01 00:06:33.954273  1207  1364 I am_activity_launch_time: [0,101017712,com.coloros.bootreg/.activity.AccountPage,100,100]
01-01 00:06:34.031677  1207  1505 I commit_sys_config_file: [settings-1-0,6]
01-01 00:06:34.312771  1207  1322 I am_stop_activity: [0,175458498,com.coloros.bootreg/.activity.OppoCloudPage]
01-01 00:06:34.314027  3289  3289 I am_on_stop_called: [0,com.coloros.bootreg.activity.OppoCloudPage,STOP_ACTIVITY_ITEM]
01-01 00:06:34.496596  3289  3289 I menu_item_selected: [0,]
01-01 00:06:35.071817  1207  2914 I am_create_activity: [0,14292988,2,com.coloros.bootreg/.activity.OTAControlPage,com.coloros.bootreg.activity.otacontrolpage,NULL,NULL,343932928]
01-01 00:06:35.075816  1207  2914 I am_pause_activity: [0,101017712,com.coloros.bootreg/.activity.AccountPage,userLeaving=true,resume-request]
01-01 00:06:35.098945  3289  3289 I am_on_paused_called: [0,com.coloros.bootreg.activity.AccountPage,performPause]
01-01 00:06:35.106217  1207  8019 I am_restart_activity: [0,14292988,2,com.coloros.bootreg/.activity.OTAControlPage]
01-01 00:06:35.110093  1207  8019 I am_set_resumed_activity: [0,com.coloros.bootreg/.activity.OTAControlPage,minimalResumeActivityLocked]
01-01 00:06:35.116493  1207  1322 I sysui_count: [window_time_0,1]
01-01 00:06:35.116576  1207  1322 I sysui_multi_action: [757,803,799,window_time_0,802,1]
01-01 00:06:35.133511  3289  3289 I am_on_create_called: [0,com.coloros.bootreg.activity.OTAControlPage,performCreate]
01-01 00:06:35.134402  3289  3289 I am_on_start_called: [0,com.coloros.bootreg.activity.OTAControlPage,handleStartActivity]
01-01 00:06:35.135155  3289  3289 I am_on_resume_called: [0,com.coloros.bootreg.activity.OTAControlPage,RESUME_ACTIVITY]
01-01 00:06:35.193996  1207  1364 I am_activity_launch_time: [0,14292988,com.coloros.bootreg/.activity.OTAControlPage,84,84]
01-01 00:06:35.540740  1207  1322 I am_stop_activity: [0,101017712,com.coloros.bootreg/.activity.AccountPage]
01-01 00:06:35.542013  3289  3289 I am_on_stop_called: [0,com.coloros.bootreg.activity.AccountPage,STOP_ACTIVITY_ITEM]
01-01 00:06:35.727855  1207  8019 I am_create_activity: [0,83101097,2,com.coloros.bootreg/.activity.LockScreenPage,NULL,NULL,NULL,8388608]
01-01 00:06:35.730804  1207  8019 I am_pause_activity: [0,14292988,com.coloros.bootreg/.activity.OTAControlPage,userLeaving=true,resume-request]
01-01 00:06:35.741292  3289  3289 I am_on_paused_called: [0,com.coloros.bootreg.activity.OTAControlPage,performPause]
01-01 00:06:35.744143  1207  8019 I am_restart_activity: [0,83101097,2,com.coloros.bootreg/.activity.LockScreenPage]
01-01 00:06:35.749271  1207  8019 I am_set_resumed_activity: [0,com.coloros.bootreg/.activity.LockScreenPage,minimalResumeActivityLocked]
01-01 00:06:35.758364  1207  1322 I sysui_count: [window_time_0,1]
01-01 00:06:35.758517  1207  1322 I sysui_multi_action: [757,803,799,window_time_0,802,1]
01-01 00:06:35.859984  3289  3289 I am_on_create_called: [0,com.coloros.bootreg.activity.LockScreenPage,performCreate]
01-01 00:06:35.860761  3289  3289 I am_on_start_called: [0,com.coloros.bootreg.activity.LockScreenPage,handleStartActivity]
01-01 00:06:35.861566  3289  3289 I am_on_resume_called: [0,com.coloros.bootreg.activity.LockScreenPage,RESUME_ACTIVITY]
01-01 00:06:35.931889  1207  1505 I commit_sys_config_file: [settings-0-0,6]
01-01 00:06:35.943237  1207  1364 I am_activity_launch_time: [0,83101097,com.coloros.bootreg/.activity.LockScreenPage,185,185]
01-01 00:06:36.284861  1207  1322 I am_stop_activity: [0,14292988,com.coloros.bootreg/.activity.OTAControlPage]
01-01 00:06:36.286407  3289  3289 I am_on_stop_called: [0,com.coloros.bootreg.activity.OTAControlPage,STOP_ACTIVITY_ITEM]
01-01 00:06:36.555171  1207  8019 I am_create_activity: [0,159165209,2,com.coloros.bootreg/.activity.TermsUsePage,NULL,NULL,NULL,8388608]
01-01 00:06:36.558846  1207  8019 I am_pause_activity: [0,83101097,com.coloros.bootreg/.activity.LockScreenPage,userLeaving=true,resume-request]
01-01 00:06:36.569349  3289  3289 I am_on_paused_called: [0,com.coloros.bootreg.activity.LockScreenPage,performPause]
01-01 00:06:36.573991  1207  8019 I am_restart_activity: [0,159165209,2,com.coloros.bootreg/.activity.TermsUsePage]
01-01 00:06:36.578288  1207  8019 I am_set_resumed_activity: [0,com.coloros.bootreg/.activity.TermsUsePage,minimalResumeActivityLocked]
01-01 00:06:36.589967  1207  1322 I sysui_count: [window_time_0,0]
01-01 00:06:36.590116  1207  1322 I sysui_multi_action: [757,803,799,window_time_0,802,0]
01-01 00:06:36.618859  3289  3289 I am_on_create_called: [0,com.coloros.bootreg.activity.TermsUsePage,performCreate]
01-01 00:06:36.619788  3289  3289 I am_on_start_called: [0,com.coloros.bootreg.activity.TermsUsePage,handleStartActivity]
01-01 00:06:36.623161  3289  3289 I am_on_resume_called: [0,com.coloros.bootreg.activity.TermsUsePage,RESUME_ACTIVITY]
01-01 00:06:36.703036  1207  1364 I am_activity_launch_time: [0,159165209,com.coloros.bootreg/.activity.TermsUsePage,127,127]
01-01 00:06:36.759762  1207  1505 I commit_sys_config_file: [settings-1-0,6]
01-01 00:06:37.057749  1207  1322 I am_stop_activity: [0,83101097,com.coloros.bootreg/.activity.LockScreenPage]
01-01 00:06:37.059056  3289  3289 I am_on_stop_called: [0,com.coloros.bootreg.activity.LockScreenPage,STOP_ACTIVITY_ITEM]
01-01 00:06:37.328408  1207  5079 I am_create_activity: [0,183602313,2,com.coloros.bootreg/.activity.PermissionPage,NULL,NULL,NULL,8388608]
01-01 00:06:37.331457  1207  5079 I am_pause_activity: [0,159165209,com.coloros.bootreg/.activity.TermsUsePage,userLeaving=true,resume-request]
01-01 00:06:37.337610  3289  3289 I am_on_paused_called: [0,com.coloros.bootreg.activity.TermsUsePage,performPause]
01-01 00:06:37.344243  1207  5079 I am_restart_activity: [0,183602313,2,com.coloros.bootreg/.activity.PermissionPage]
01-01 00:06:37.348697  1207  5079 I am_set_resumed_activity: [0,com.coloros.bootreg/.activity.PermissionPage,minimalResumeActivityLocked]
01-01 00:06:37.355621  1207  1322 I sysui_count: [window_time_0,1]
01-01 00:06:37.355689  1207  1322 I sysui_multi_action: [757,803,799,window_time_0,802,1]
01-01 00:06:37.374822  3289  3289 I am_on_create_called: [0,com.coloros.bootreg.activity.PermissionPage,performCreate]
01-01 00:06:37.375730  3289  3289 I am_on_start_called: [0,com.coloros.bootreg.activity.PermissionPage,handleStartActivity]
01-01 00:06:37.376424  3289  3289 I am_on_resume_called: [0,com.coloros.bootreg.activity.PermissionPage,RESUME_ACTIVITY]
01-01 00:06:37.384272  1207  1386 I auto_brightness_adj: [1200.000000,357,1200.000000,357]
01-01 00:06:37.435188  3010  3010 I service_manager_stats: [237,111,5003]
01-01 00:06:37.450303  1207  1364 I am_activity_launch_time: [0,183602313,com.coloros.bootreg/.activity.PermissionPage,96,96]
01-01 00:06:37.728667  1207  1207 I notification_enqueue: [1000,6605,com.oppo.logkit,2017,NULL,0,Notification(channel=null pri=2 contentView=null vibrate=null sound=null tick defaults=0x0 flags=0x22 color=0x00000000 vis=PRIVATE),1]
01-01 00:06:37.803596  1207  1322 I am_stop_activity: [0,159165209,com.coloros.bootreg/.activity.TermsUsePage]
01-01 00:06:37.804568  3289  3289 I am_on_stop_called: [0,com.coloros.bootreg.activity.TermsUsePage,STOP_ACTIVITY_ITEM]
01-01 00:06:38.158822  1207  1394 I commit_sys_config_file: [package-user-0,5]
01-01 00:06:38.173997  1207  1352 I am_uid_running: 10041
01-01 00:06:38.177830  1207  5079 I am_uid_running: 10013
01-01 00:06:38.179075  1207  1394 I am_uid_stopped: 10041
01-01 00:06:38.179964  1207  1394 I am_broadcast_discard_app: [0,20029233,android.intent.action.PACKAGE_CHANGED,0,ResolveInfo{187e616 com.android.vending/com.google.android.finsky.packagemanager.impl.PackageMonitorReceiverImpl$RegisteredReceiver m=0x208000}]
01-01 00:06:38.195247  1207  1394 I commit_sys_config_file: [package-user-0,5]
01-01 00:06:38.232734  1207  1353 I am_proc_start: [0,8594,10013,com.google.process.gapps,content provider,com.google.android.gsf/.settings.GoogleSettingsProvider]
01-01 00:06:38.243000  8594  8594 I auditd  : type=1400 audit(0.0:9059): avc: denied { read } for comm="re-initialized>" name="u:object_r:mtk_amslog_prop:s0" dev="tmpfs" ino=12719 scontext=u:r:priv_app:s0:c512,c768 tcontext=u:object_r:mtk_amslog_prop:s0 tclass=file permissive=0
01-01 00:06:38.250976  1207  1219 I am_proc_bound: [0,8594,com.google.process.gapps]
01-01 00:06:38.255407  1207  1219 I am_uid_active: 10013
01-01 00:06:38.262441  1207  1353 I am_proc_start: [0,8609,10013,com.google.android.gms.persistent,broadcast,com.google.android.gms/.chimera.GmsIntentOperationService$PersistentTrustedReceiver]
01-01 00:06:38.267000  8609  8609 I auditd  : type=1400 audit(0.0:9060): avc: denied { read } for comm="re-initialized>" name="u:object_r:mtk_amslog_prop:s0" dev="tmpfs" ino=12719 scontext=u:r:priv_app:s0:c512,c768 tcontext=u:object_r:mtk_amslog_prop:s0 tclass=file permissive=0
01-01 00:06:38.272721  1207  1219 I am_proc_bound: [0,8609,com.google.android.gms.persistent]
01-01 00:06:38.279716  1207  1352 I am_uid_running: 10041
01-01 00:06:38.304825  1207  1353 I am_proc_start: [0,8626,10041,com.android.vending,broadcast,com.android.vending/com.google.android.finsky.packagemanager.impl.PackageMonitorReceiverImpl$RegisteredReceiver]
01-01 00:06:38.311000  8626  8626 I auditd  : type=1400 audit(0.0:9061): avc: denied { read } for comm="re-initialized>" name="u:object_r:mtk_amslog_prop:s0" dev="tmpfs" ino=12719 scontext=u:r:priv_app:s0:c512,c768 tcontext=u:object_r:mtk_amslog_prop:s0 tclass=file permissive=0
01-01 00:06:38.317980  1207  4500 I am_proc_bound: [0,8626,com.android.vending]
01-01 00:06:38.332038  1207  1353 I am_proc_start: [0,8640,10013,com.google.process.gservices,content provider,com.google.android.gsf/.gservices.GservicesProvider]
01-01 00:06:38.343000  8640  8640 I auditd  : type=1400 audit(0.0:9062): avc: denied { read } for comm="re-initialized>" name="u:object_r:mtk_amslog_prop:s0" dev="tmpfs" ino=12719 scontext=u:r:priv_app:s0:c512,c768 tcontext=u:object_r:mtk_amslog_prop:s0 tclass=file permissive=0
01-01 00:06:38.356777  1207  5095 I am_proc_bound: [0,8640,com.google.process.gservices]
01-01 00:06:38.360447  1207  1505 I commit_sys_config_file: [settings-1-0,7]
01-01 00:06:38.422249  1207  1207 I commit_sys_config_file: [notification-policy,5]
01-01 00:06:38.432032  1207  5079 I am_create_activity: [0,139296928,2,com.coloros.bootreg/.activity.CUCCPermissionPage,NULL,NULL,NULL,8388608]
01-01 00:06:38.436080  1207  5079 I am_pause_activity: [0,183602313,com.coloros.bootreg/.activity.PermissionPage,userLeaving=true,resume-request]
01-01 00:06:38.450715  3289  3289 I am_on_paused_called: [0,com.coloros.bootreg.activity.PermissionPage,performPause]
01-01 00:06:38.456365  1207  1219 I am_restart_activity: [0,139296928,2,com.coloros.bootreg/.activity.CUCCPermissionPage]
01-01 00:06:38.459994  1207  1219 I am_set_resumed_activity: [0,com.coloros.bootreg/.activity.CUCCPermissionPage,minimalResumeActivityLocked]
01-01 00:06:38.471844  1207  1322 I sysui_count: [window_time_0,1]
01-01 00:06:38.471927  1207  1322 I sysui_multi_action: [757,803,799,window_time_0,802,1]
01-01 00:06:38.488605  3289  3289 I am_on_create_called: [0,com.coloros.bootreg.activity.CUCCPermissionPage,performCreate]
01-01 00:06:38.489604  3289  3289 I am_on_start_called: [0,com.coloros.bootreg.activity.CUCCPermissionPage,handleStartActivity]
01-01 00:06:38.490554  3289  3289 I am_on_resume_called: [0,com.coloros.bootreg.activity.CUCCPermissionPage,RESUME_ACTIVITY]
01-01 00:06:38.575738  1207  1364 I am_activity_launch_time: [0,139296928,com.coloros.bootreg/.activity.CUCCPermissionPage,112,112]
01-01 00:06:38.912698  1207  1322 I am_stop_activity: [0,183602313,com.coloros.bootreg/.activity.PermissionPage]
01-01 00:06:38.913747  3289  3289 I am_on_stop_called: [0,com.coloros.bootreg.activity.PermissionPage,STOP_ACTIVITY_ITEM]
01-01 00:06:38.970097  1207  1505 I commit_sys_config_file: [settings-3-0,5]
01-01 00:06:39.027694  1207  1353 I am_proc_start: [0,8697,10013,com.google.android.gms,service,com.google.android.gms/.chimera.GmsIntentOperationService]
01-01 00:06:39.035000  8697  8697 I auditd  : type=1400 audit(0.0:9063): avc: denied { read } for comm="re-initialized>" name="u:object_r:mtk_amslog_prop:s0" dev="tmpfs" ino=12719 scontext=u:r:priv_app:s0:c512,c768 tcontext=u:object_r:mtk_amslog_prop:s0 tclass=file permissive=0
01-01 00:06:39.039561  1207  2925 I am_proc_bound: [0,8697,com.google.android.gms]
01-01 00:06:39.247171  1207  1207 I notification_cancel_all: [1000,1207,com.android.vending,0,0,0,17,NULL]
01-01 00:06:39.250361  1207  4500 I am_create_activity: [0,136544991,2,com.coloros.bootreg/.activity.DataMigrationPage,NULL,NULL,NULL,8388608]
01-01 00:06:39.250548  1207  2925 I sysui_multi_action: [757,856,758,1,806,com.android.vending,857,1.high-priority-notifications,858,3]
01-01 00:06:39.251644  1207  2925 I sysui_multi_action: [757,856,758,1,806,com.android.vending,857,2.account-alerts-notifications,858,3]
01-01 00:06:39.252756  1207  5079 I sysui_multi_action: [757,856,758,1,806,com.android.vending,857,3.update-notifications,858,2]
01-01 00:06:39.252931  1207  1207 I commit_sys_config_file: [notification-policy,5]
01-01 00:06:39.253187  1207  1207 I notification_cancel_all: [1000,1207,com.android.vending,0,0,0,17,NULL]
01-01 00:06:39.253251  1207  1207 I chatty  : uid=1000 system_server identical 1 line
01-01 00:06:39.253287  1207  1207 I notification_cancel_all: [1000,1207,com.android.vending,0,0,0,17,NULL]
01-01 00:06:39.253285  1207  4500 I am_pause_activity: [0,139296928,com.coloros.bootreg/.activity.CUCCPermissionPage,userLeaving=true,resume-request]
01-01 00:06:39.254556  1207  5079 I sysui_multi_action: [757,856,758,1,806,com.android.vending,857,4.update-completion-notifications,858,2]
01-01 00:06:39.255588  1207  5079 I sysui_multi_action: [757,856,758,1,806,com.android.vending,857,5.maintenance-channel,858,1]
01-01 00:06:39.256667  1207  5079 I sysui_multi_action: [757,856,758,1,806,com.android.vending,857,6.connectivity-notifications,858,2]
01-01 00:06:39.258736  1207  1207 I commit_sys_config_file: [notification-policy,5]
01-01 00:06:39.261243  3289  3289 I am_on_paused_called: [0,com.coloros.bootreg.activity.CUCCPermissionPage,performPause]
01-01 00:06:39.263256  1207  1207 I commit_sys_config_file: [notification-policy,5]
01-01 00:06:39.266334  1207  1219 I am_restart_activity: [0,136544991,2,com.coloros.bootreg/.activity.DataMigrationPage]
01-01 00:06:39.270684  1207  1219 I am_set_resumed_activity: [0,com.coloros.bootreg/.activity.DataMigrationPage,minimalResumeActivityLocked]
01-01 00:06:39.282652  1207  1322 I sysui_count: [window_time_0,1]
01-01 00:06:39.282747  1207  1322 I sysui_multi_action: [757,803,799,window_time_0,802,1]
01-01 00:06:39.288991  1207  5094 I sysui_multi_action: [757,856,758,6,806,com.android.vending,857,2.account-alerts-notifications,858,3]
01-01 00:06:39.290235  1207  4500 I sysui_multi_action: [757,856,758,6,806,com.android.vending,857,1.high-priority-notifications,858,3]
01-01 00:06:39.293230  1207  1219 I sysui_multi_action: [757,856,758,6,806,com.android.vending,857,3.update-notifications,858,2]
01-01 00:06:39.294589  1207  2914 I sysui_multi_action: [757,856,758,6,806,com.android.vending,857,2.account-alerts-notifications,858,3]
01-01 00:06:39.298567  1207  4500 I sysui_multi_action: [757,856,758,6,806,com.android.vending,857,3.update-notifications,858,2]
01-01 00:06:39.298739  1207  5094 I sysui_multi_action: [757,856,758,6,806,com.android.vending,857,1.high-priority-notifications,858,3]
01-01 00:06:39.299704  1207  1207 I commit_sys_config_file: [notification-policy,9]
01-01 00:06:39.301942  1207  1219 I sysui_multi_action: [757,856,758,6,806,com.android.vending,857,2.account-alerts-notifications,858,3]
01-01 00:06:39.303475  1207  2914 I sysui_multi_action: [757,856,758,6,806,com.android.vending,857,1.high-priority-notifications,858,3]
01-01 00:06:39.304670  1207  5094 I sysui_multi_action: [757,856,758,6,806,com.android.vending,857,3.update-notifications,858,2]
01-01 00:06:39.305693  1207  2925 I sysui_multi_action: [757,856,758,6,806,com.android.vending,857,2.account-alerts-notifications,858,3]
01-01 00:06:39.305728  1207  2914 I sysui_multi_action: [757,856,758,6,806,com.android.vending,857,1.high-priority-notifications,858,3]
01-01 00:06:39.305808  1207  1207 I commit_sys_config_file: [notification-policy,6]
01-01 00:06:39.306810  3289  3289 I am_on_create_called: [0,com.coloros.bootreg.activity.DataMigrationPage,performCreate]
01-01 00:06:39.307877  3289  3289 I am_on_start_called: [0,com.coloros.bootreg.activity.DataMigrationPage,handleStartActivity]
01-01 00:06:39.308851  3289  3289 I am_on_resume_called: [0,com.coloros.bootreg.activity.DataMigrationPage,RESUME_ACTIVITY]
01-01 00:06:39.312083  1207  1207 I commit_sys_config_file: [notification-policy,6]
01-01 00:06:39.312104  1207  1219 I sysui_multi_action: [757,856,758,6,806,com.android.vending,857,1.high-priority-notifications,858,3]
01-01 00:06:39.312166  1207  2914 I sysui_multi_action: [757,856,758,6,806,com.android.vending,857,2.account-alerts-notifications,858,3]
01-01 00:06:39.313791  1207  1220 I sysui_multi_action: [757,856,758,6,806,com.android.vending,857,3.update-notifications,858,2]
01-01 00:06:39.315060  1207  2914 I sysui_multi_action: [757,856,758,6,806,com.android.vending,857,1.high-priority-notifications,858,3]
01-01 00:06:39.315434  1207  4500 I sysui_multi_action: [757,856,758,6,806,com.android.vending,857,2.account-alerts-notifications,858,3]
01-01 00:06:39.316463  1207  2914 I sysui_multi_action: [757,856,758,6,806,com.android.vending,857,3.update-notifications,858,2]
01-01 00:06:39.318167  1207  1207 I commit_sys_config_file: [notification-policy,6]
01-01 00:06:39.323805  1207  1207 I commit_sys_config_file: [notification-policy,5]
01-01 00:06:39.326648  1207  1219 I sysui_multi_action: [757,856,758,6,806,com.android.vending,857,3.update-notifications,858,2]
01-01 00:06:39.332758  1207  1207 I commit_sys_config_file: [notification-policy,8]
01-01 00:06:39.338062  1207  5095 I sysui_multi_action: [757,856,758,6,806,com.android.vending,857,4.update-completion-notifications,858,2]
01-01 00:06:39.338291  1207  1207 I commit_sys_config_file: [notification-policy,6]
01-01 00:06:39.343255  1207  8019 I sysui_multi_action: [757,856,758,6,806,com.android.vending,857,5.maintenance-channel,858,1]
01-01 00:06:39.346279  1207  1219 I sysui_multi_action: [757,856,758,6,806,com.android.vending,857,4.update-completion-notifications,858,2]
01-01 00:06:39.347753  1207  1207 I commit_sys_config_file: [notification-policy,9]
01-01 00:06:39.347985  1207  5095 I sysui_multi_action: [757,856,758,6,806,com.android.vending,857,5.maintenance-channel,858,1]
01-01 00:06:39.352556  1207  2925 I sysui_multi_action: [757,856,758,6,806,com.android.vending,857,4.update-completion-notifications,858,2]
01-01 00:06:39.353692  1207  5094 I sysui_multi_action: [757,856,758,6,806,com.android.vending,857,5.maintenance-channel,858,1]
01-01 00:06:39.354957  1207  5094 I sysui_multi_action: [757,856,758,6,806,com.android.vending,857,5.maintenance-channel,858,1]
01-01 00:06:39.354956  1207  5079 I sysui_multi_action: [757,856,758,6,806,com.android.vending,857,4.update-completion-notifications,858,2]
01-01 00:06:39.360210  1207  1207 I commit_sys_config_file: [notification-policy,11]
01-01 00:06:39.363228  1207  5095 I sysui_multi_action: [757,856,758,6,806,com.android.vending,857,4.update-completion-notifications,858,2]
01-01 00:06:39.365102  1207  1219 I sysui_multi_action: [757,856,758,6,806,com.android.vending,857,4.update-completion-notifications,858,2]
01-01 00:06:39.365181  1207  8019 I sysui_multi_action: [757,856,758,6,806,com.android.vending,857,5.maintenance-channel,858,1]
01-01 00:06:39.366279  1207  2925 I sysui_multi_action: [757,856,758,6,806,com.android.vending,857,6.connectivity-notifications,858,2]
01-01 00:06:39.368991  1207  1207 I commit_sys_config_file: [notification-policy,8]
01-01 00:06:39.373153  1207  2925 I sysui_multi_action: [757,856,758,6,806,com.android.vending,857,5.maintenance-channel,858,1]
01-01 00:06:39.374812  1207  8019 I sysui_multi_action: [757,856,758,6,806,com.android.vending,857,6.connectivity-notifications,858,2]
01-01 00:06:39.377431  1207  1207 I commit_sys_config_file: [notification-policy,8]
01-01 00:06:39.377798  1207  2925 I sysui_multi_action: [757,856,758,6,806,com.android.vending,857,6.connectivity-notifications,858,2]
01-01 00:06:39.382700  1207  2925 I sysui_multi_action: [757,856,758,6,806,com.android.vending,857,6.connectivity-notifications,858,2]
01-01 00:06:39.385107  1207  1207 I commit_sys_config_file: [notification-policy,6]
01-01 00:06:39.386748  1207  2925 I sysui_multi_action: [757,856,758,6,806,com.android.vending,857,6.connectivity-notifications,858,2]
01-01 00:06:39.389768  1207  1219 I sysui_multi_action: [757,856,758,6,806,com.android.vending,857,6.connectivity-notifications,858,2]
01-01 00:06:39.390882  1207  1207 I commit_sys_config_file: [notification-policy,5]
01-01 00:06:39.395861  1207  1207 I commit_sys_config_file: [notification-policy,4]
01-01 00:06:39.401336  1207  1364 I am_activity_launch_time: [0,136544991,com.coloros.bootreg/.activity.DataMigrationPage,125,125]
01-01 00:06:39.456724  1207  1505 I commit_sys_config_file: [settings-2-0,7]
01-01 00:06:39.750032  1207  1322 I am_stop_activity: [0,139296928,com.coloros.bootreg/.activity.CUCCPermissionPage]
01-01 00:06:39.750994  3289  3289 I am_on_stop_called: [0,com.coloros.bootreg.activity.CUCCPermissionPage,STOP_ACTIVITY_ITEM]
01-01 00:06:40.140899  1207  1219 I am_create_activity: [0,129660036,2,com.coloros.bootreg/.activity.CompletePage,NULL,NULL,NULL,8388608]
01-01 00:06:40.143549  1207  1219 I am_pause_activity: [0,136544991,com.coloros.bootreg/.activity.DataMigrationPage,userLeaving=true,resume-request]
01-01 00:06:40.149702  3289  3289 I am_on_paused_called: [0,com.coloros.bootreg.activity.DataMigrationPage,performPause]
01-01 00:06:40.156478  1207  2925 I am_restart_activity: [0,129660036,2,com.coloros.bootreg/.activity.CompletePage]
01-01 00:06:40.160735  1207  2925 I am_set_resumed_activity: [0,com.coloros.bootreg/.activity.CompletePage,minimalResumeActivityLocked]
01-01 00:06:40.170999  1207  1322 I sysui_count: [window_time_0,1]
01-01 00:06:40.171094  1207  1322 I sysui_multi_action: [757,803,799,window_time_0,802,1]
01-01 00:06:40.180470  3289  3289 I am_on_create_called: [0,com.coloros.bootreg.activity.CompletePage,performCreate]
01-01 00:06:40.181519  3289  3289 I am_on_start_called: [0,com.coloros.bootreg.activity.CompletePage,handleStartActivity]
01-01 00:06:40.182459  3289  3289 I am_on_resume_called: [0,com.coloros.bootreg.activity.CompletePage,RESUME_ACTIVITY]
01-01 00:06:40.279151  1207  1364 I am_activity_launch_time: [0,129660036,com.coloros.bootreg/.activity.CompletePage,119,119]
01-01 00:06:40.487000   767   767 I auditd  : type=1400 audit(0.0:9064): avc: denied { read } for comm="omx@1.0-service" name="u:object_r:default_prop:s0" dev="tmpfs" ino=12659 scontext=u:r:mediacodec:s0 tcontext=u:object_r:default_prop:s0 tclass=file permissive=0
01-01 00:06:40.487000   767   767 I auditd  : type=1400 audit(0.0:9065): avc: denied { read } for comm="omx@1.0-service" name="u:object_r:default_prop:s0" dev="tmpfs" ino=12659 scontext=u:r:mediacodec:s0 tcontext=u:object_r:default_prop:s0 tclass=file permissive=0
01-01 00:06:40.495000   635   635 I auditd  : type=1400 audit(0.0:9066): avc: denied { search } for comm="atlasservice" name="753" dev="proc" ino=21106 scontext=u:r:atlasservice:s0 tcontext=u:r:mediaserver:s0 tclass=dir permissive=0
01-01 00:06:40.527000   753   753 I auditd  : type=1400 audit(0.0:9067): avc: denied { search } for comm="CodecLooper" name="clients" dev="debugfs" ino=7839 scontext=u:r:mediaserver:s0 tcontext=u:object_r:debugfs_ion:s0 tclass=dir permissive=0
01-01 00:06:40.632767  1207  1322 I am_stop_activity: [0,136544991,com.coloros.bootreg/.activity.DataMigrationPage]
01-01 00:06:40.635000   595   595 I auditd  : type=1400 audit(0.0:9068): avc: denied { read } for comm="Dispatcher_0" name="u:object_r:default_prop:s0" dev="tmpfs" ino=12659 scontext=u:r:hal_graphics_composer_default:s0 tcontext=u:object_r:default_prop:s0 tclass=file permissive=0
01-01 00:06:40.639000   595   595 I auditd  : type=1400 audit(0.0:9069): avc: denied { read } for comm="Dispatcher_0" name="boot_mode" dev="sysfs" ino=6690 scontext=u:r:hal_graphics_composer_default:s0 tcontext=u:object_r:sysfs_boot_mode:s0 tclass=file permissive=0
01-01 00:06:40.640351  3289  3289 I am_on_stop_called: [0,com.coloros.bootreg.activity.DataMigrationPage,STOP_ACTIVITY_ITEM]
01-01 00:06:40.851307  1207  1352 I am_uid_running: 10032
01-01 00:06:40.856251  1207  8019 I commit_sys_config_file: [settings-0-0,8]
01-01 00:06:40.863112  1207  5095 I commit_sys_config_file: [settings-2-0,5]
01-01 00:06:40.876318  1207  1394 I commit_sys_config_file: [package-user-0,6]
01-01 00:06:40.882043  1207  2925 I wm_task_created: [3,0]
01-01 00:06:40.883727  1207  2925 I wm_task_moved: [3,0,2147483647]
01-01 00:06:40.884431  1207  2925 I am_create_task: [0,3]
01-01 00:06:40.884479  1207  2925 I am_create_activity: [0,148686536,3,com.oppo.launcher/.Launcher,android.intent.action.MAIN,NULL,NULL,268435456]
01-01 00:06:40.884719  1207  2925 I wm_task_moved: [3,0,2147483647]
01-01 00:06:40.883000  8760  8760 I auditd  : type=1400 audit(0.0:9070): avc: denied { read } for comm="re-initialized>" name="u:object_r:mtk_amslog_prop:s0" dev="tmpfs" ino=12719 scontext=u:r:priv_app:s0:c512,c768 tcontext=u:object_r:mtk_amslog_prop:s0 tclass=file permissive=0
01-01 00:06:40.887533  1207  2925 I am_pause_activity: [0,129660036,com.coloros.bootreg/.activity.CompletePage,userLeaving=true,resume-request]
01-01 00:06:40.894389  1207  1207 I commit_sys_config_file: [sync-accounts,5]
01-01 00:06:40.895651  1207  1353 I am_proc_start: [0,8760,10032,com.coloros.speechassist,broadcast,com.coloros.speechassist/.DaemonService$ScreenStateReciver]
01-01 00:06:40.898754  1207  5079 I am_proc_bound: [0,8760,com.coloros.speechassist]
01-01 00:06:40.907000  1207  1207 I auditd  : type=1400 audit(0.0:9071): avc: denied { search } for comm="Binder:1207_C" name="heaps" dev="debugfs" ino=7838 scontext=u:r:system_server:s0 tcontext=u:object_r:debugfs_ion_mm_heap:s0 tclass=dir permissive=0
01-01 00:06:40.923159  1207  8019 I am_finish_activity: [0,233966159,2,com.coloros.bootreg/.activity.WelcomePage,finish-and-remove-task]
01-01 00:06:40.923651  1207  8019 I am_destroy_activity: [0,233966159,2,com.coloros.bootreg/.activity.WelcomePage,finish-imm:finishActivityLocked]
01-01 00:06:40.928117  1207  8019 I am_finish_activity: [0,112765402,2,com.coloros.wirelesssettings/.OppoWirelessSettingsActivity,finish-and-remove-task]
01-01 00:06:40.928708  1207  8019 I am_destroy_activity: [0,112765402,2,com.coloros.wirelesssettings/.OppoWirelessSettingsActivity,finish-imm:finishActivityLocked]
01-01 00:06:40.933619  1207  8019 I am_finish_activity: [0,100847379,2,com.coloros.bootreg/.activity.WlanAssistantPage,finish-and-remove-task]
01-01 00:06:40.933962  1207  8019 I am_destroy_activity: [0,100847379,2,com.coloros.bootreg/.activity.WlanAssistantPage,finish-imm:finishActivityLocked]
01-01 00:06:40.937829  1207  8019 I am_finish_activity: [0,267029258,2,com.coloros.bootreg/.activity.FingerprintPage,finish-and-remove-task]
01-01 00:06:40.938713  1207  8019 I am_destroy_activity: [0,267029258,2,com.coloros.bootreg/.activity.FingerprintPage,finish-imm:finishActivityLocked]
01-01 00:06:40.944789  1207  8019 I am_finish_activity: [0,175458498,2,com.coloros.bootreg/.activity.OppoCloudPage,finish-and-remove-task]
01-01 00:06:40.945261  1207  8019 I am_destroy_activity: [0,175458498,2,com.coloros.bootreg/.activity.OppoCloudPage,finish-imm:finishActivityLocked]
01-01 00:06:40.949045  1207  8019 I am_finish_activity: [0,101017712,2,com.coloros.bootreg/.activity.AccountPage,finish-and-remove-task]
01-01 00:06:40.949495  1207  8019 I am_destroy_activity: [0,101017712,2,com.coloros.bootreg/.activity.AccountPage,finish-imm:finishActivityLocked]
01-01 00:06:40.953164  1207  8019 I am_finish_activity: [0,14292988,2,com.coloros.bootreg/.activity.OTAControlPage,finish-and-remove-task]
01-01 00:06:40.953537  1207  8019 I am_destroy_activity: [0,14292988,2,com.coloros.bootreg/.activity.OTAControlPage,finish-imm:finishActivityLocked]
01-01 00:06:40.958202  1207  8019 I am_finish_activity: [0,83101097,2,com.coloros.bootreg/.activity.LockScreenPage,finish-and-remove-task]
01-01 00:06:40.958616  1207  8019 I am_destroy_activity: [0,83101097,2,com.coloros.bootreg/.activity.LockScreenPage,finish-imm:finishActivityLocked]
01-01 00:06:40.963772  1207  8019 I am_finish_activity: [0,159165209,2,com.coloros.bootreg/.activity.TermsUsePage,finish-and-remove-task]
01-01 00:06:40.964168  1207  8019 I am_destroy_activity: [0,159165209,2,com.coloros.bootreg/.activity.TermsUsePage,finish-imm:finishActivityLocked]
01-01 00:06:40.968350  1207  8019 I am_finish_activity: [0,183602313,2,com.coloros.bootreg/.activity.PermissionPage,finish-and-remove-task]
01-01 00:06:40.968695  1207  8019 I am_destroy_activity: [0,183602313,2,com.coloros.bootreg/.activity.PermissionPage,finish-imm:finishActivityLocked]
01-01 00:06:40.973216  1207  8019 I am_finish_activity: [0,139296928,2,com.coloros.bootreg/.activity.CUCCPermissionPage,finish-and-remove-task]
01-01 00:06:40.973623  1207  8019 I am_destroy_activity: [0,139296928,2,com.coloros.bootreg/.activity.CUCCPermissionPage,finish-imm:finishActivityLocked]
01-01 00:06:40.977372  1207  8019 I am_finish_activity: [0,136544991,2,com.coloros.bootreg/.activity.DataMigrationPage,finish-and-remove-task]
01-01 00:06:40.977740  1207  8019 I am_destroy_activity: [0,136544991,2,com.coloros.bootreg/.activity.DataMigrationPage,finish-imm:finishActivityLocked]
01-01 00:06:40.981551  1207  8019 I am_finish_activity: [0,129660036,2,com.coloros.bootreg/.activity.CompletePage,finish-and-remove-task]
01-01 00:06:40.988490  1207  1322 I sysui_count: [window_time_0,1]
01-01 00:06:40.988614  1207  1322 I sysui_multi_action: [757,803,799,window_time_0,802,1]
01-01 00:06:40.988723  1207  1322 I sysui_count: [window_time_0,0]
01-01 00:06:40.988799  1207  1322 I sysui_multi_action: [757,803,799,window_time_0,802,0]
01-01 00:06:40.989055  3289  3289 I am_on_paused_called: [0,com.coloros.bootreg.activity.CompletePage,performPause]
01-01 00:06:40.996393  4213  4213 I am_on_destroy_called: [0,com.coloros.wirelesssettings.OppoWirelessSettingsActivity,performDestroy]
01-01 00:06:41.000037  1207  5094 I am_restart_activity: [0,148686536,3,com.oppo.launcher/.Launcher]
01-01 00:06:41.001348  1207  1220 I notification_expansion: [0|com.coloros.browser|0|BootPush-1|10014,0,1,306195,306195,0]
01-01 00:06:41.005571  1207  5094 I am_set_resumed_activity: [0,com.oppo.launcher/.Launcher,minimalResumeActivityLocked]
01-01 00:06:41.011000  4046  4046 I auditd  : type=1400 audit(0.0:9072): avc: denied { read } for comm="neo-ns" name="kneuron_stat" dev="proc" ino=4026534378 scontext=u:r:neo:s0 tcontext=u:object_r:proc:s0 tclass=file permissive=0
01-01 00:06:41.015000   625   625 I auditd  : type=1400 audit(0.0:9073): avc: denied { getattr } for comm="oiface@1.0-serv" path="/sys/devices/platform/charger/power_supply/ac/online" dev="sysfs" ino=38552 scontext=u:r:hal_oiface_oppo:s0 tcontext=u:object_r:sysfs_batteryinfo:s0 tclass=file permissive=0
01-01 00:06:41.019000   625   625 I auditd  : type=1400 audit(0.0:9075): avc: denied { getattr } for comm="oiface@1.0-serv" path="/sys/devices/platform/charger/power_supply/battery/batt_rm" dev="sysfs" ino=38613 scontext=u:r:hal_oiface_oppo:s0 tcontext=u:object_r:sysfs_batteryinfo:s0 tclass=file permissive=0
01-01 00:06:41.029532  3289  3289 I am_on_destroy_called: [0,com.coloros.bootreg.activity.WelcomePage,performDestroy]
01-01 00:06:41.040353  1207  1352 I am_uid_running: 10049
01-01 00:06:41.045960  3289  3289 I am_on_destroy_called: [0,com.coloros.bootreg.activity.WlanAssistantPage,performDestroy]
01-01 00:06:41.056977  3289  3289 I am_on_destroy_called: [0,com.coloros.bootreg.activity.FingerprintPage,performDestroy]
01-01 00:06:41.057871  1207  1322 I sysui_count: [window_time_0,0]
01-01 00:06:41.057974  1207  1322 I sysui_multi_action: [757,803,799,window_time_0,802,0]
01-01 00:06:41.058269  1207  1322 I sysui_count: [window_time_0,0]
01-01 00:06:41.058366  1207  1322 I sysui_multi_action: [757,803,799,window_time_0,802,0]
01-01 00:06:41.072824  3289  3289 I am_on_destroy_called: [0,com.coloros.bootreg.activity.OppoCloudPage,performDestroy]
01-01 00:06:41.076448  1207  1322 I sysui_count: [window_time_0,0]
01-01 00:06:41.076572  1207  1322 I sysui_multi_action: [757,803,799,window_time_0,802,0]
01-01 00:06:41.076683  1207  1322 I sysui_count: [window_time_0,0]
01-01 00:06:41.076756  1207  1322 I sysui_multi_action: [757,803,799,window_time_0,802,0]
01-01 00:06:41.080308  1207  1505 I commit_sys_config_file: [settings-2-0,11]
01-01 00:06:41.083415  3289  3289 I am_on_destroy_called: [0,com.coloros.bootreg.activity.AccountPage,performDestroy]
01-01 00:06:41.084431  1207  1322 I sysui_count: [window_time_0,0]
01-01 00:06:41.084566  1207  1322 I sysui_multi_action: [757,803,799,window_time_0,802,0]
01-01 00:06:41.084692  1207  1322 I sysui_count: [window_time_0,0]
01-01 00:06:41.084785  1207  1322 I sysui_multi_action: [757,803,799,window_time_0,802,0]
01-01 00:06:41.095957  3289  3289 I am_on_destroy_called: [0,com.coloros.bootreg.activity.OTAControlPage,performDestroy]
01-01 00:06:41.104965  3289  3289 I am_on_destroy_called: [0,com.coloros.bootreg.activity.LockScreenPage,performDestroy]
01-01 00:06:41.109130  1207  1322 I sysui_count: [window_time_0,0]
01-01 00:06:41.109255  1207  1322 I sysui_multi_action: [757,803,799,window_time_0,802,0]
01-01 00:06:41.109552  1207  1353 I am_proc_start: [0,8795,10049,com.coloros.backuprestore,broadcast,com.coloros.backuprestore/com.coloros.phoneclone.BootRegReceiver]
01-01 00:06:41.119000   649   649 I auditd  : type=1400 audit(0.0:9076): avc: denied { read } for comm="surfaceflinger" name="u:object_r:vendor_default_prop:s0" dev="tmpfs" ino=12904 scontext=u:r:surfaceflinger:s0 tcontext=u:object_r:vendor_default_prop:s0 tclass=file permissive=0
01-01 00:06:41.123000   649   649 I chatty  : uid=1000(system) /system/bin/surfaceflinger identical 9 lines
01-01 00:06:41.123000   649   649 I auditd  : type=1400 audit(0.0:9086): avc: denied { read } for comm="surfaceflinger" name="u:object_r:vendor_default_prop:s0" dev="tmpfs" ino=12904 scontext=u:r:surfaceflinger:s0 tcontext=u:object_r:vendor_default_prop:s0 tclass=file permissive=0
01-01 00:06:41.123000  8795  8795 I auditd  : type=1400 audit(0.0:9087): avc: denied { read } for comm="re-initialized>" name="u:object_r:mtk_amslog_prop:s0" dev="tmpfs" ino=12719 scontext=u:r:platform_app:s0:c512,c768 tcontext=u:object_r:mtk_amslog_prop:s0 tclass=file permissive=0
01-01 00:06:41.128809  1207  1394 I commit_sys_config_file: [package-user-0,11]
01-01 00:06:41.127000   649   649 I auditd  : type=1400 audit(0.0:9088): avc: denied { read } for comm="surfaceflinger" name="boot_mode" dev="sysfs" ino=6690 scontext=u:r:surfaceflinger:s0 tcontext=u:object_r:sysfs_boot_mode:s0 tclass=file permissive=0
01-01 00:06:41.135000   649   649 I auditd  : type=1400 audit(0.0:9089): avc: denied { read } for comm="surfaceflinger" name="u:object_r:vendor_default_prop:s0" dev="tmpfs" ino=12904 scontext=u:r:surfaceflinger:s0 tcontext=u:object_r:vendor_default_prop:s0 tclass=file permissive=0
01-01 00:06:41.141866  1207  1394 I commit_sys_config_file: [package-user-0,7]
01-01 00:06:41.154712  3289  3289 I am_on_destroy_called: [0,com.coloros.bootreg.activity.TermsUsePage,performDestroy]
01-01 00:06:41.168266  3289  3289 I am_on_destroy_called: [0,com.coloros.bootreg.activity.PermissionPage,performDestroy]
01-01 00:06:41.167000   731   731 I auditd  : type=1400 audit(0.0:9090): avc: denied { read } for comm="Binder:731_2" name="u:object_r:vendor_default_prop:s0" dev="tmpfs" ino=12904 scontext=u:r:drmserver:s0 tcontext=u:object_r:vendor_default_prop:s0 tclass=file permissive=0
01-01 00:06:41.171000   731   731 I auditd  : type=1400 audit(0.0:9091): avc: denied { read } for comm="Binder:731_2" name="u:object_r:vendor_default_prop:s0" dev="tmpfs" ino=12904 scontext=u:r:drmserver:s0 tcontext=u:object_r:vendor_default_prop:s0 tclass=file permissive=0
01-01 00:06:41.186310  3289  3289 I am_on_destroy_called: [0,com.coloros.bootreg.activity.CUCCPermissionPage,performDestroy]
01-01 00:06:41.189773  1207  1322 I sysui_count: [window_time_0,0]
01-01 00:06:41.189933  1207  1322 I sysui_multi_action: [757,803,799,window_time_0,802,0]
01-01 00:06:41.190067  1207  1322 I sysui_count: [window_time_0,0]
01-01 00:06:41.190140  1207  1322 I sysui_multi_action: [757,803,799,window_time_0,802,0]
01-01 00:06:41.190193  1207  1322 I sysui_count: [window_time_0,0]
01-01 00:06:41.190232  1207  1322 I sysui_multi_action: [757,803,799,window_time_0,802,0]
01-01 00:06:41.190278  1207  1322 I sysui_count: [window_time_0,0]
01-01 00:06:41.190316  1207  1322 I sysui_multi_action: [757,803,799,window_time_0,802,0]
01-01 00:06:41.199000   741   741 I auditd  : type=1400 audit(0.0:9092): avc: denied { search } for comm="Binder:741_1" name="8760" dev="proc" ino=137625 scontext=u:r:mediaextractor:s0 tcontext=u:r:priv_app:s0:c512,c768 tclass=dir permissive=0
01-01 00:06:41.208871  3289  3289 I am_on_destroy_called: [0,com.coloros.bootreg.activity.DataMigrationPage,performDestroy]
01-01 00:06:41.222605  1207  1322 I sysui_count: [window_time_0,0]
01-01 00:06:41.222727  1207  1322 I sysui_multi_action: [757,803,799,window_time_0,802,0]
01-01 00:06:41.234395  1207  4500 I am_proc_bound: [0,8795,com.coloros.backuprestore]
01-01 00:06:41.247389  1207  4500 I am_uid_active: 10010
01-01 00:06:41.252588  1207  1352 I am_uid_running: 10095
01-01 00:06:41.258026  1207  1353 I am_proc_start: [0,8817,1000,com.coloros.recents,service,com.coloros.recents/com.android.quickstep.TouchInteractionService]
01-01 00:06:41.267000  8817  8817 I auditd  : type=1400 audit(0.0:9093): avc: denied { read } for comm="re-initialized>" name="u:object_r:mtk_amslog_prop:s0" dev="tmpfs" ino=12719 scontext=u:r:system_app:s0 tcontext=u:object_r:mtk_amslog_prop:s0 tclass=file permissive=0
01-01 00:06:41.270485  1207  5079 I am_kill : [0,6423,com.mediatek.providers.drm,906,empty #17]
01-01 00:06:41.276701  1207  7655 I am_proc_bound: [0,8817,com.coloros.recents]
01-01 00:06:41.306635  1207  1353 I am_proc_start: [0,8837,10095,com.coloros.regservice,broadcast,com.coloros.regservice/com.dmyk.android.telephony.OppoReceiver]
01-01 00:06:41.338273  1207  2914 I am_uid_running: 10094
01-01 00:06:41.343000  8837  8837 I auditd  : type=1400 audit(0.0:9094): avc: denied { read } for comm="re-initialized>" name="u:object_r:mtk_amslog_prop:s0" dev="tmpfs" ino=12719 scontext=u:r:platform_app:s0:c512,c768 tcontext=u:object_r:mtk_amslog_prop:s0 tclass=file permissive=0
01-01 00:06:41.353827  1207  2925 I am_proc_bound: [0,8837,com.coloros.regservice]
01-01 00:06:41.375000   731   731 I auditd  : type=1400 audit(0.0:9095): avc: denied { read } for comm="Binder:731_2" name="u:object_r:vendor_default_prop:s0" dev="tmpfs" ino=12904 scontext=u:r:drmserver:s0 tcontext=u:object_r:vendor_default_prop:s0 tclass=file permissive=0
01-01 00:06:41.384314  1207  2914 I am_proc_died: [0,6423,com.mediatek.providers.drm,906,18]
01-01 00:06:41.383000   731   731 I auditd  : type=1400 audit(0.0:9096): avc: denied { read } for comm="Binder:731_2" name="u:object_r:vendor_default_prop:s0" dev="tmpfs" ino=12904 scontext=u:r:drmserver:s0 tcontext=u:object_r:vendor_default_prop:s0 tclass=file permissive=0
01-01 00:06:41.395008  1207  1352 I am_uid_running: 10090
01-01 00:06:41.398712  1207  1505 I commit_sys_config_file: [settings-2-0,25]
01-01 00:06:41.401818  1207  1353 I am_proc_start: [0,8858,10094,com.coloros.pictorial,service,com.coloros.pictorial/.PictorialService]
01-01 00:06:41.407000  8858  8858 I auditd  : type=1400 audit(0.0:9097): avc: denied { read } for comm="re-initialized>" name="u:object_r:mtk_amslog_prop:s0" dev="tmpfs" ino=12719 scontext=u:r:untrusted_app_27:s0:c512,c768 tcontext=u:object_r:mtk_amslog_prop:s0 tclass=file permissive=0
01-01 00:06:41.417748  1207  7655 I am_proc_bound: [0,8858,com.coloros.pictorial]
01-01 00:06:41.423000   741   741 I auditd  : type=1400 audit(0.0:9098): avc: denied { search } for comm="Binder:741_4" name="8760" dev="proc" ino=137625 scontext=u:r:mediaextractor:s0 tcontext=u:r:priv_app:s0:c512,c768 tclass=dir permissive=0
01-01 00:06:41.426888  1207  7655 I am_uid_active: 10094
01-01 00:06:41.429553  3434  3434 I am_on_create_called: [0,com.oppo.launcher.Launcher,performCreate]
01-01 00:06:41.432140  3434  3434 I am_on_start_called: [0,com.oppo.launcher.Launcher,handleStartActivity]
01-01 00:06:41.448130  3434  3434 I am_on_resume_called: [0,com.oppo.launcher.Launcher,RESUME_ACTIVITY]
01-01 00:06:41.460510  1207  1505 I commit_sys_config_file: [settings-1-0,51]
01-01 00:06:41.499000  8886  8886 I auditd  : type=1400 audit(0.0:9099): avc: denied { read } for comm="re-initialized>" name="u:object_r:mtk_amslog_prop:s0" dev="tmpfs" ino=12719 scontext=u:r:untrusted_app_27:s0:c512,c768 tcontext=u:object_r:mtk_amslog_prop:s0 tclass=file permissive=0
01-01 00:06:41.482708  1207  1353 I am_proc_start: [0,8886,10090,com.coloros.wifisecuredetect,broadcast,com.coloros.wifisecuredetect/.OppoWifiDetectReceiver]
01-01 00:06:41.513344  1207  2817 I am_proc_bound: [0,8886,com.coloros.wifisecuredetect]
01-01 00:06:41.535000  3434  3434 I auditd  : type=1400 audit(0.0:9100): avc: denied { search } for comm="RenderThread" name="clients" dev="debugfs" ino=7839 scontext=u:r:priv_app:s0:c512,c768 tcontext=u:object_r:debugfs_ion:s0 tclass=dir permissive=0
01-01 00:06:41.595000   731   731 I auditd  : type=1400 audit(0.0:9101): avc: denied { read } for comm="Binder:731_2" name="u:object_r:vendor_default_prop:s0" dev="tmpfs" ino=12904 scontext=u:r:drmserver:s0 tcontext=u:object_r:vendor_default_prop:s0 tclass=file permissive=0
01-01 00:06:41.607000   731   731 I auditd  : type=1400 audit(0.0:9102): avc: denied { read } for comm="Binder:731_3" name="u:object_r:vendor_default_prop:s0" dev="tmpfs" ino=12904 scontext=u:r:drmserver:s0 tcontext=u:object_r:vendor_default_prop:s0 tclass=file permissive=0
01-01 00:06:41.625839  1207  2914 I am_kill : [0,6447,com.nearme.instant.platform,906,empty #17]
01-01 00:06:41.681281  1207  1371 I am_proc_died: [0,6447,com.nearme.instant.platform,906,18]
01-01 00:06:41.679000   741   741 I auditd  : type=1400 audit(0.0:9103): avc: denied { search } for comm="Binder:741_5" name="8760" dev="proc" ino=137625 scontext=u:r:mediaextractor:s0 tcontext=u:r:priv_app:s0:c512,c768 tclass=dir permissive=0
01-01 00:06:41.685026  1207  1371 I am_uid_stopped: 10072
01-01 00:06:41.791617  1207  1505 I commit_sys_config_file: [settings-2-0,64]
01-01 00:06:41.839843  1207  5094 I netstats_mobile_sample: [0,0,0,0,0,0,0,0,0,0,0,0,1546272401839]
01-01 00:06:41.839968  1207  5094 I netstats_wifi_sample: [0,0,0,0,0,0,0,0,0,0,0,0,1546272401839]
01-01 00:06:41.913949  1207  1364 I am_activity_launch_time: [0,148686536,com.oppo.launcher/.Launcher,991,991]
01-01 00:06:41.930465  1207  1314 I sysui_multi_action: [319,155,321,75,322,1012,325,397,757,761,758,8,759,1,806,com.oppo.launcher,871,com.oppo.launcher.Launcher,904,com.coloros.bootreg,905,0,1320,5,1321,1]
01-01 00:06:41.960195  1207  4942 I am_destroy_activity: [0,129660036,2,com.coloros.bootreg/.activity.CompletePage,finish-imm:activityIdleInternalLocked]
01-01 00:06:41.963000   731   731 I auditd  : type=1400 audit(0.0:9104): avc: denied { read } for comm="Binder:731_3" name="u:object_r:vendor_default_prop:s0" dev="tmpfs" ino=12904 scontext=u:r:drmserver:s0 tcontext=u:object_r:vendor_default_prop:s0 tclass=file permissive=0
01-01 00:06:41.971000   731   731 I auditd  : type=1400 audit(0.0:9105): avc: denied { read } for comm="Binder:731_3" name="u:object_r:vendor_default_prop:s0" dev="tmpfs" ino=12904 scontext=u:r:drmserver:s0 tcontext=u:object_r:vendor_default_prop:s0 tclass=file permissive=0
01-01 00:06:41.980610  1207  4942 I am_uid_active: 10097
