01-01 00:01:29.338000  4978  4978 I auditd  : type=1400 audit(0.0:4216): avc: denied { read } for comm="os.oppoguardelf" name="cmdline" dev="proc" ino=36832 scontext=u:r:system_app:s0 tcontext=u:r:kernel:s0 tclass=file permissive=0
01-01 00:01:29.338000  4978  4978 I auditd  : type=1400 audit(0.0:4217): avc: denied { read } for comm="os.oppoguardelf" name="task" dev="proc" ino=40472 scontext=u:r:system_app:s0 tcontext=u:r:kernel:s0 tclass=dir permissive=0
01-01 00:01:29.338000  4978  4978 I auditd  : type=1400 audit(0.0:4218): avc: denied { read } for comm="os.oppoguardelf" name="stat" dev="proc" ino=40475 scontext=u:r:system_app:s0 tcontext=u:r:kernel:s0 tclass=file permissive=0
01-01 00:01:29.338000  4978  4978 I auditd  : type=1400 audit(0.0:4219): avc: denied { read } for comm="os.oppoguardelf" name="cmdline" dev="proc" ino=36833 scontext=u:r:system_app:s0 tcontext=u:r:kernel:s0 tclass=file permissive=0
01-01 00:01:29.338000  4978  4978 I auditd  : type=1400 audit(0.0:4220): avc: denied { read } for comm="os.oppoguardelf" name="task" dev="proc" ino=40476 scontext=u:r:system_app:s0 tcontext=u:r:kernel:s0 tclass=dir permissive=0
01-01 00:01:29.338000  4978  4978 I auditd  : type=1400 audit(0.0:4221): avc: denied { read } for comm="os.oppoguardelf" name="stat" dev="proc" ino=40479 scontext=u:r:system_app:s0 tcontext=u:r:kernel:s0 tclass=file permissive=0
01-01 00:01:29.338000  4978  4978 I auditd  : type=1400 audit(0.0:4222): avc: denied { read } for comm="os.oppoguardelf" name="cmdline" dev="proc" ino=36834 scontext=u:r:system_app:s0 tcontext=u:r:kernel:s0 tclass=file permissive=0
01-01 00:01:29.338000  4978  4978 I auditd  : type=1400 audit(0.0:4223): avc: denied { read } for comm="os.oppoguardelf" name="task" dev="proc" ino=40480 scontext=u:r:system_app:s0 tcontext=u:r:kernel:s0 tclass=dir permissive=0
01-01 00:01:29.338000  4978  4978 I auditd  : type=1400 audit(0.0:4224): avc: denied { read } for comm="os.oppoguardelf" name="stat" dev="proc" ino=40483 scontext=u:r:system_app:s0 tcontext=u:r:kernel:s0 tclass=file permissive=0
01-01 00:01:29.338000  4978  4978 I auditd  : type=1400 audit(0.0:4225): avc: denied { read } for comm="os.oppoguardelf" name="cmdline" dev="proc" ino=36835 scontext=u:r:system_app:s0 tcontext=u:r:kernel:s0 tclass=file permissive=0
01-01 00:01:29.338000  4978  4978 I auditd  : type=1400 audit(0.0:4226): avc: denied { read } for comm="os.oppoguardelf" name="task" dev="proc" ino=40484 scontext=u:r:system_app:s0 tcontext=u:r:kernel:s0 tclass=dir permissive=0
01-01 00:01:29.338000  4978  4978 I auditd  : type=1400 audit(0.0:4227): avc: denied { read } for comm="os.oppoguardelf" name="stat" dev="proc" ino=40487 scontext=u:r:system_app:s0 tcontext=u:r:kernel:s0 tclass=file permissive=0
01-01 00:01:29.338000  4978  4978 I auditd  : type=1400 audit(0.0:4228): avc: denied { read } for comm="os.oppoguardelf" name="cmdline" dev="proc" ino=36836 scontext=u:r:system_app:s0 tcontext=u:r:kernel:s0 tclass=file permissive=0
01-01 00:01:29.342000  4978  4978 I auditd  : type=1400 audit(0.0:4229): avc: denied { read } for comm="os.oppoguardelf" name="task" dev="proc" ino=40488 scontext=u:r:system_app:s0 tcontext=u:r:kernel:s0 tclass=dir permissive=0
01-01 00:01:29.342000  4978  4978 I auditd  : type=1400 audit(0.0:4230): avc: denied { read } for comm="os.oppoguardelf" name="stat" dev="proc" ino=40491 scontext=u:r:system_app:s0 tcontext=u:r:kernel:s0 tclass=file permissive=0
01-01 00:01:29.342000  4978  4978 I auditd  : type=1400 audit(0.0:4231): avc: denied { read } for comm="os.oppoguardelf" name="cmdline" dev="proc" ino=36837 scontext=u:r:system_app:s0 tcontext=u:r:kernel:s0 tclass=file permissive=0
01-01 00:01:29.342000  4978  4978 I auditd  : type=1400 audit(0.0:4232): avc: denied { read } for comm="os.oppoguardelf" name="task" dev="proc" ino=40492 scontext=u:r:system_app:s0 tcontext=u:r:kernel:s0 tclass=dir permissive=0
01-01 00:01:29.342000  4978  4978 I auditd  : type=1400 audit(0.0:4233): avc: denied { read } for comm="os.oppoguardelf" name="stat" dev="proc" ino=40495 scontext=u:r:system_app:s0 tcontext=u:r:kernel:s0 tclass=file permissive=0
01-01 00:01:29.342000  4978  4978 I auditd  : type=1400 audit(0.0:4234): avc: denied { read } for comm="os.oppoguardelf" name="cmdline" dev="proc" ino=36838 scontext=u:r:system_app:s0 tcontext=u:r:kernel:s0 tclass=file permissive=0
01-01 00:01:29.342000  4978  4978 I auditd  : type=1400 audit(0.0:4235): avc: denied { read } for comm="os.oppoguardelf" name="task" dev="proc" ino=40496 scontext=u:r:system_app:s0 tcontext=u:r:kernel:s0 tclass=dir permissive=0
01-01 00:01:29.342000  4978  4978 I auditd  : type=1400 audit(0.0:4236): avc: denied { read } for comm="os.oppoguardelf" name="stat" dev="proc" ino=40499 scontext=u:r:system_app:s0 tcontext=u:r:kernel:s0 tclass=file permissive=0
01-01 00:01:29.342000  4978  4978 I auditd  : type=1400 audit(0.0:4237): avc: denied { read } for comm="os.oppoguardelf" name="cmdline" dev="proc" ino=36839 scontext=u:r:system_app:s0 tcontext=u:r:kernel:s0 tclass=file permissive=0
01-01 00:01:29.342000  4978  4978 I auditd  : type=1400 audit(0.0:4238): avc: denied { read } for comm="os.oppoguardelf" name="task" dev="proc" ino=40500 scontext=u:r:system_app:s0 tcontext=u:r:kernel:s0 tclass=dir permissive=0
01-01 00:01:29.342000  4978  4978 I auditd  : type=1400 audit(0.0:4239): avc: denied { read } for comm="os.oppoguardelf" name="stat" dev="proc" ino=40503 scontext=u:r:system_app:s0 tcontext=u:r:kernel:s0 tclass=file permissive=0
01-01 00:01:29.342000  4978  4978 I auditd  : type=1400 audit(0.0:4240): avc: denied { read } for comm="os.oppoguardelf" name="cmdline" dev="proc" ino=36840 scontext=u:r:system_app:s0 tcontext=u:r:kernel:s0 tclass=file permissive=0
01-01 00:01:29.342000  4978  4978 I auditd  : type=1400 audit(0.0:4241): avc: denied { read } for comm="os.oppoguardelf" name="task" dev="proc" ino=40504 scontext=u:r:system_app:s0 tcontext=u:r:kernel:s0 tclass=dir permissive=0
01-01 00:01:29.342000  4978  4978 I auditd  : type=1400 audit(0.0:4242): avc: denied { read } for comm="os.oppoguardelf" name="stat" dev="proc" ino=40507 scontext=u:r:system_app:s0 tcontext=u:r:kernel:s0 tclass=file permissive=0
01-01 00:01:29.342000  4978  4978 I auditd  : type=1400 audit(0.0:4243): avc: denied { read } for comm="os.oppoguardelf" name="cmdline" dev="proc" ino=36841 scontext=u:r:system_app:s0 tcontext=u:r:kernel:s0 tclass=file permissive=0
01-01 00:01:29.342000  4978  4978 I auditd  : type=1400 audit(0.0:4244): avc: denied { read } for comm="os.oppoguardelf" name="task" dev="proc" ino=40508 scontext=u:r:system_app:s0 tcontext=u:r:kernel:s0 tclass=dir permissive=0
01-01 00:01:29.342000  4978  4978 I auditd  : type=1400 audit(0.0:4245): avc: denied { read } for comm="os.oppoguardelf" name="stat" dev="proc" ino=40511 scontext=u:r:system_app:s0 tcontext=u:r:kernel:s0 tclass=file permissive=0
01-01 00:01:29.342000  4978  4978 I auditd  : type=1400 audit(0.0:4246): avc: denied { read } for comm="os.oppoguardelf" name="cmdline" dev="proc" ino=36842 scontext=u:r:system_app:s0 tcontext=u:r:kernel:s0 tclass=file permissive=0
01-01 00:01:29.342000  4978  4978 I auditd  : type=1400 audit(0.0:4247): avc: denied { read } for comm="os.oppoguardelf" name="task" dev="proc" ino=40512 scontext=u:r:system_app:s0 tcontext=u:r:kernel:s0 tclass=dir permissive=0
01-01 00:01:29.342000  4978  4978 I auditd  : type=1400 audit(0.0:4248): avc: denied { read } for comm="os.oppoguardelf" name="stat" dev="proc" ino=40515 scontext=u:r:system_app:s0 tcontext=u:r:kernel:s0 tclass=file permissive=0
01-01 00:01:29.342000  4978  4978 I auditd  : type=1400 audit(0.0:4249): avc: denied { read } for comm="os.oppoguardelf" name="cmdline" dev="proc" ino=36843 scontext=u:r:system_app:s0 tcontext=u:r:kernel:s0 tclass=file permissive=0
01-01 00:01:29.342000  4978  4978 I auditd  : type=1400 audit(0.0:4250): avc: denied { read } for comm="os.oppoguardelf" name="task" dev="proc" ino=40516 scontext=u:r:system_app:s0 tcontext=u:r:kernel:s0 tclass=dir permissive=0
01-01 00:01:29.342000  4978  4978 I auditd  : type=1400 audit(0.0:4251): avc: denied { read } for comm="os.oppoguardelf" name="stat" dev="proc" ino=40519 scontext=u:r:system_app:s0 tcontext=u:r:kernel:s0 tclass=file permissive=0
01-01 00:01:29.342000  4978  4978 I auditd  : type=1400 audit(0.0:4252): avc: denied { read } for comm="os.oppoguardelf" name="cmdline" dev="proc" ino=36844 scontext=u:r:system_app:s0 tcontext=u:r:kernel:s0 tclass=file permissive=0
01-01 00:01:29.342000  4978  4978 I auditd  : type=1400 audit(0.0:4253): avc: denied { read } for comm="os.oppoguardelf" name="task" dev="proc" ino=40520 scontext=u:r:system_app:s0 tcontext=u:r:kernel:s0 tclass=dir permissive=0
01-01 00:01:29.342000  4978  4978 I auditd  : type=1400 audit(0.0:4254): avc: denied { read } for comm="os.oppoguardelf" name="stat" dev="proc" ino=40523 scontext=u:r:system_app:s0 tcontext=u:r:kernel:s0 tclass=file permissive=0
01-01 00:01:29.342000  4978  4978 I auditd  : type=1400 audit(0.0:4255): avc: denied { read } for comm="os.oppoguardelf" name="cmdline" dev="proc" ino=36845 scontext=u:r:system_app:s0 tcontext=u:r:kernel:s0 tclass=file permissive=0
01-01 00:01:29.342000  4978  4978 I auditd  : type=1400 audit(0.0:4256): avc: denied { read } for comm="os.oppoguardelf" name="task" dev="proc" ino=40524 scontext=u:r:system_app:s0 tcontext=u:r:kernel:s0 tclass=dir permissive=0
01-01 00:01:29.342000  4978  4978 I auditd  : type=1400 audit(0.0:4257): avc: denied { read } for comm="os.oppoguardelf" name="stat" dev="proc" ino=40527 scontext=u:r:system_app:s0 tcontext=u:r:kernel:s0 tclass=file permissive=0
01-01 00:01:29.342000  4978  4978 I auditd  : type=1400 audit(0.0:4258): avc: denied { read } for comm="os.oppoguardelf" name="cmdline" dev="proc" ino=36846 scontext=u:r:system_app:s0 tcontext=u:r:kernel:s0 tclass=file permissive=0
01-01 00:01:29.342000  4978  4978 I auditd  : type=1400 audit(0.0:4259): avc: denied { read } for comm="os.oppoguardelf" name="task" dev="proc" ino=40528 scontext=u:r:system_app:s0 tcontext=u:r:kernel:s0 tclass=dir permissive=0
01-01 00:01:29.342000  4978  4978 I auditd  : type=1400 audit(0.0:4260): avc: denied { read } for comm="os.oppoguardelf" name="stat" dev="proc" ino=40531 scontext=u:r:system_app:s0 tcontext=u:r:kernel:s0 tclass=file permissive=0
01-01 00:01:29.342000  4978  4978 I auditd  : type=1400 audit(0.0:4261): avc: denied { read } for comm="os.oppoguardelf" name="cmdline" dev="proc" ino=36847 scontext=u:r:system_app:s0 tcontext=u:r:kernel:s0 tclass=file permissive=0
01-01 00:01:29.342000  4978  4978 I auditd  : type=1400 audit(0.0:4262): avc: denied { read } for comm="os.oppoguardelf" name="task" dev="proc" ino=40532 scontext=u:r:system_app:s0 tcontext=u:r:kernel:s0 tclass=dir permissive=0
01-01 00:01:29.342000  4978  4978 I auditd  : type=1400 audit(0.0:4263): avc: denied { search } for comm="os.oppoguardelf" name="2221" dev="proc" ino=52421 scontext=u:r:system_app:s0 tcontext=u:r:rutilsdaemon:s0 tclass=dir permissive=0
01-01 00:01:29.342000  4978  4978 I chatty  : uid=1000(system) com.coloros.oppoguardelf identical 2 lines
01-01 00:01:29.342000  4978  4978 I auditd  : type=1400 audit(0.0:4266): avc: denied { search } for comm="os.oppoguardelf" name="2221" dev="proc" ino=52421 scontext=u:r:system_app:s0 tcontext=u:r:rutilsdaemon:s0 tclass=dir permissive=0
01-01 00:01:29.342000  4978  4978 I auditd  : type=1400 audit(0.0:4267): avc: denied { read } for comm="os.oppoguardelf" name="stat" dev="proc" ino=64139 scontext=u:r:system_app:s0 tcontext=u:r:kernel:s0 tclass=file permissive=0
01-01 00:01:29.342000  4978  4978 I auditd  : type=1400 audit(0.0:4268): avc: denied { read } for comm="os.oppoguardelf" name="cmdline" dev="proc" ino=64140 scontext=u:r:system_app:s0 tcontext=u:r:kernel:s0 tclass=file permissive=0
01-01 00:01:29.342000  4978  4978 I auditd  : type=1400 audit(0.0:4269): avc: denied { read } for comm="os.oppoguardelf" name="task" dev="proc" ino=74431 scontext=u:r:system_app:s0 tcontext=u:r:kernel:s0 tclass=dir permissive=0
01-01 00:01:29.342000  4978  4978 I auditd  : type=1400 audit(0.0:4270): avc: denied { read } for comm="os.oppoguardelf" name="stat" dev="proc" ino=64141 scontext=u:r:system_app:s0 tcontext=u:r:kernel:s0 tclass=file permissive=0
01-01 00:01:29.342000  4978  4978 I auditd  : type=1400 audit(0.0:4271): avc: denied { read } for comm="os.oppoguardelf" name="cmdline" dev="proc" ino=64142 scontext=u:r:system_app:s0 tcontext=u:r:kernel:s0 tclass=file permissive=0
01-01 00:01:29.342000  4978  4978 I auditd  : type=1400 audit(0.0:4272): avc: denied { read } for comm="os.oppoguardelf" name="task" dev="proc" ino=74434 scontext=u:r:system_app:s0 tcontext=u:r:kernel:s0 tclass=dir permissive=0
01-01 00:01:29.342000  4978  4978 I auditd  : type=1400 audit(0.0:4273): avc: denied { read } for comm="os.oppoguardelf" name="stat" dev="proc" ino=64143 scontext=u:r:system_app:s0 tcontext=u:r:kernel:s0 tclass=file permissive=0
01-01 00:01:29.342000  4978  4978 I auditd  : type=1400 audit(0.0:4274): avc: denied { read } for comm="os.oppoguardelf" name="cmdline" dev="proc" ino=64144 scontext=u:r:system_app:s0 tcontext=u:r:kernel:s0 tclass=file permissive=0
01-01 00:01:29.342000  4978  4978 I auditd  : type=1400 audit(0.0:4275): avc: denied { read } for comm="os.oppoguardelf" name="task" dev="proc" ino=74437 scontext=u:r:system_app:s0 tcontext=u:r:kernel:s0 tclass=dir permissive=0
01-01 00:01:29.342000  4978  4978 I auditd  : type=1400 audit(0.0:4276): avc: denied { search } for comm="os.oppoguardelf" name="2850" dev="proc" ino=39112 scontext=u:r:system_app:s0 tcontext=u:r:hal_wifi_supplicant_default:s0 tclass=dir permissive=0
01-01 00:01:29.342000  4978  4978 I chatty  : uid=1000(system) com.coloros.oppoguardelf identical 2 lines
01-01 00:01:29.342000  4978  4978 I auditd  : type=1400 audit(0.0:4279): avc: denied { search } for comm="os.oppoguardelf" name="2850" dev="proc" ino=39112 scontext=u:r:system_app:s0 tcontext=u:r:hal_wifi_supplicant_default:s0 tclass=dir permissive=0
01-01 00:01:29.346000  4978  4978 I auditd  : type=1400 audit(0.0:4280): avc: denied { read } for comm="os.oppoguardelf" name="stat" dev="proc" ino=64147 scontext=u:r:system_app:s0 tcontext=u:r:platform_app:s0:c512,c768 tclass=file permissive=0
01-01 00:01:29.346000  4978  4978 I auditd  : type=1400 audit(0.0:4281): avc: denied { read } for comm="os.oppoguardelf" name="cmdline" dev="proc" ino=61099 scontext=u:r:system_app:s0 tcontext=u:r:platform_app:s0:c512,c768 tclass=file permissive=0
01-01 00:01:29.346000  4978  4978 I auditd  : type=1400 audit(0.0:4282): avc: denied { read } for comm="os.oppoguardelf" name="task" dev="proc" ino=61088 scontext=u:r:system_app:s0 tcontext=u:r:platform_app:s0:c512,c768 tclass=dir permissive=0
01-01 00:01:29.350000  4978  4978 I auditd  : type=1400 audit(0.0:4283): avc: denied { search } for comm="os.oppoguardelf" name="2994" dev="proc" ino=64069 scontext=u:r:system_app:s0 tcontext=u:r:webview_zygote:s0 tclass=dir permissive=0
01-01 00:01:29.350000  4978  4978 I chatty  : uid=1000(system) com.coloros.oppoguardelf identical 2 lines
01-01 00:01:29.350000  4978  4978 I auditd  : type=1400 audit(0.0:4286): avc: denied { search } for comm="os.oppoguardelf" name="2994" dev="proc" ino=64069 scontext=u:r:system_app:s0 tcontext=u:r:webview_zygote:s0 tclass=dir permissive=0
01-01 00:01:29.350000  4978  4978 I auditd  : type=1400 audit(0.0:4287): avc: denied { read } for comm="os.oppoguardelf" name="stat" dev="proc" ino=64152 scontext=u:r:system_app:s0 tcontext=u:r:platform_app:s0:c512,c768 tclass=file permissive=0
01-01 00:01:29.350000  4978  4978 I auditd  : type=1400 audit(0.0:4288): avc: denied { read } for comm="os.oppoguardelf" name="cmdline" dev="proc" ino=30664 scontext=u:r:system_app:s0 tcontext=u:r:platform_app:s0:c512,c768 tclass=file permissive=0
01-01 00:01:29.350000  4978  4978 I auditd  : type=1400 audit(0.0:4289): avc: denied { read } for comm="os.oppoguardelf" name="task" dev="proc" ino=39199 scontext=u:r:system_app:s0 tcontext=u:r:platform_app:s0:c512,c768 tclass=dir permissive=0
01-01 00:01:29.350000  4978  4978 I auditd  : type=1400 audit(0.0:4290): avc: denied { read } for comm="os.oppoguardelf" name="stat" dev="proc" ino=74689 scontext=u:r:system_app:s0 tcontext=u:r:kernel:s0 tclass=file permissive=0
01-01 00:01:29.350000  4978  4978 I auditd  : type=1400 audit(0.0:4291): avc: denied { read } for comm="os.oppoguardelf" name="cmdline" dev="proc" ino=74690 scontext=u:r:system_app:s0 tcontext=u:r:kernel:s0 tclass=file permissive=0
01-01 00:01:29.350000  4978  4978 I auditd  : type=1400 audit(0.0:4292): avc: denied { read } for comm="os.oppoguardelf" name="task" dev="proc" ino=74691 scontext=u:r:system_app:s0 tcontext=u:r:kernel:s0 tclass=dir permissive=0
01-01 00:01:29.350000  4978  4978 I auditd  : type=1400 audit(0.0:4293): avc: denied { read } for comm="os.oppoguardelf" name="stat" dev="proc" ino=74694 scontext=u:r:system_app:s0 tcontext=u:r:kernel:s0 tclass=file permissive=0
01-01 00:01:29.350000  4978  4978 I auditd  : type=1400 audit(0.0:4294): avc: denied { read } for comm="os.oppoguardelf" name="cmdline" dev="proc" ino=74695 scontext=u:r:system_app:s0 tcontext=u:r:kernel:s0 tclass=file permissive=0
01-01 00:01:29.350000  4978  4978 I auditd  : type=1400 audit(0.0:4295): avc: denied { read } for comm="os.oppoguardelf" name="task" dev="proc" ino=74696 scontext=u:r:system_app:s0 tcontext=u:r:kernel:s0 tclass=dir permissive=0
01-01 00:01:29.354000  4978  4978 I auditd  : type=1400 audit(0.0:4296): avc: denied { search } for comm="os.oppoguardelf" name="3138" dev="proc" ino=64193 scontext=u:r:system_app:s0 tcontext=u:r:radio:s0 tclass=dir permissive=0
01-01 00:01:29.354000  4978  4978 I chatty  : uid=1000(system) com.coloros.oppoguardelf identical 1 line
01-01 00:01:29.354000  4978  4978 I auditd  : type=1400 audit(0.0:4298): avc: denied { search } for comm="os.oppoguardelf" name="3138" dev="proc" ino=64193 scontext=u:r:system_app:s0 tcontext=u:r:radio:s0 tclass=dir permissive=0
01-01 00:01:29.354000  4978  4978 I auditd  : type=1400 audit(0.0:4299): avc: denied { search } for comm="os.oppoguardelf" name="3138" dev="proc" ino=64193 scontext=u:r:system_app:s0 tcontext=u:r:radio:s0 tclass=dir permissive=0
01-01 00:01:29.358000  4978  4978 I auditd  : type=1400 audit(0.0:4300): avc: denied { read } for comm="os.oppoguardelf" name="stat" dev="proc" ino=84102 scontext=u:r:system_app:s0 tcontext=u:r:kernel:s0 tclass=file permissive=0
01-01 00:01:29.358000  4978  4978 I auditd  : type=1400 audit(0.0:4301): avc: denied { read } for comm="os.oppoguardelf" name="cmdline" dev="proc" ino=84103 scontext=u:r:system_app:s0 tcontext=u:r:kernel:s0 tclass=file permissive=0
01-01 00:01:29.358000  4978  4978 I auditd  : type=1400 audit(0.0:4302): avc: denied { read } for comm="os.oppoguardelf" name="task" dev="proc" ino=84104 scontext=u:r:system_app:s0 tcontext=u:r:kernel:s0 tclass=dir permissive=0
01-01 00:01:29.358000  4978  4978 I auditd  : type=1400 audit(0.0:4303): avc: denied { read } for comm="os.oppoguardelf" name="stat" dev="proc" ino=84107 scontext=u:r:system_app:s0 tcontext=u:r:platform_app:s0:c512,c768 tclass=file permissive=0
01-01 00:01:29.358000  4978  4978 I auditd  : type=1400 audit(0.0:4304): avc: denied { read } for comm="os.oppoguardelf" name="cmdline" dev="proc" ino=64285 scontext=u:r:system_app:s0 tcontext=u:r:platform_app:s0:c512,c768 tclass=file permissive=0
01-01 00:01:29.358000  4978  4978 I auditd  : type=1400 audit(0.0:4305): avc: denied { read } for comm="os.oppoguardelf" name="task" dev="proc" ino=66962 scontext=u:r:system_app:s0 tcontext=u:r:platform_app:s0:c512,c768 tclass=dir permissive=0
01-01 00:01:29.358388  1207  1353 I am_proc_start: [0,5328,10066,com.google.process.gapps,content provider,com.google.android.syncadapters.contacts/.ProxyGalProvider]
01-01 00:01:29.362000  4978  4978 I auditd  : type=1400 audit(0.0:4306): avc: denied { search } for comm="os.oppoguardelf" name="3355" dev="proc" ino=67026 scontext=u:r:system_app:s0 tcontext=u:r:rutilsdaemon:s0 tclass=dir permissive=0
01-01 00:01:29.362000  4978  4978 I auditd  : type=1400 audit(0.0:4307): avc: denied { search } for comm="os.oppoguardelf" name="3355" dev="proc" ino=67026 scontext=u:r:system_app:s0 tcontext=u:r:rutilsdaemon:s0 tclass=dir permissive=0
01-01 00:01:29.362000  4978  4978 I auditd  : type=1400 audit(0.0:4308): avc: denied { search } for comm="os.oppoguardelf" name="3355" dev="proc" ino=67026 scontext=u:r:system_app:s0 tcontext=u:r:rutilsdaemon:s0 tclass=dir permissive=0
01-01 00:01:29.362000  4978  4978 I auditd  : type=1400 audit(0.0:4309): avc: denied { search } for comm="os.oppoguardelf" name="3355" dev="proc" ino=67026 scontext=u:r:system_app:s0 tcontext=u:r:rutilsdaemon:s0 tclass=dir permissive=0
01-01 00:01:29.366000  4978  4978 I auditd  : type=1400 audit(0.0:4310): avc: denied { search } for comm="os.oppoguardelf" name="3434" dev="proc" ino=64494 scontext=u:r:system_app:s0 tcontext=u:r:priv_app:s0:c512,c768 tclass=dir permissive=0
01-01 00:01:29.366000  4978  4978 I chatty  : uid=1000(system) com.coloros.oppoguardelf identical 2 lines
01-01 00:01:29.366000  4978  4978 I auditd  : type=1400 audit(0.0:4313): avc: denied { search } for comm="os.oppoguardelf" name="3434" dev="proc" ino=64494 scontext=u:r:system_app:s0 tcontext=u:r:priv_app:s0:c512,c768 tclass=dir permissive=0
01-01 00:01:29.366000  4978  4978 I auditd  : type=1400 audit(0.0:4314): avc: denied { search } for comm="os.oppoguardelf" name="3766" dev="proc" ino=70307 scontext=u:r:system_app:s0 tcontext=u:r:radio:s0 tclass=dir permissive=0
01-01 00:01:29.369821  1207  1505 I commit_sys_config_file: [settings-1-0,113]
01-01 00:01:29.370000  4978  4978 I chatty  : uid=1000(system) com.coloros.oppoguardelf expire 2 lines
01-01 00:01:29.370000  4978  4978 I auditd  : type=1400 audit(0.0:4317): avc: denied { search } for comm="os.oppoguardelf" name="3766" dev="proc" ino=70307 scontext=u:r:system_app:s0 tcontext=u:r:radio:s0 tclass=dir permissive=0
01-01 00:01:29.370000  4978  4978 I auditd  : type=1400 audit(0.0:4318): avc: denied { search } for comm="os.oppoguardelf" name="3782" dev="proc" ino=71033 scontext=u:r:system_app:s0 tcontext=u:r:priv_app:s0:c512,c768 tclass=dir permissive=0
01-01 00:01:29.370000  4978  4978 I chatty  : uid=1000(system) com.coloros.oppoguardelf identical 2 lines
01-01 00:01:29.370000  4978  4978 I auditd  : type=1400 audit(0.0:4321): avc: denied { search } for comm="os.oppoguardelf" name="3782" dev="proc" ino=71033 scontext=u:r:system_app:s0 tcontext=u:r:priv_app:s0:c512,c768 tclass=dir permissive=0
01-01 00:01:29.370000  4978  4978 I auditd  : type=1400 audit(0.0:4322): avc: denied { search } for comm="os.oppoguardelf" name="3867" dev="proc" ino=70439 scontext=u:r:system_app:s0 tcontext=u:r:radio:s0 tclass=dir permissive=0
01-01 00:01:29.370000  4978  4978 I chatty  : uid=1000(system) com.coloros.oppoguardelf identical 2 lines
01-01 00:01:29.370000  4978  4978 I auditd  : type=1400 audit(0.0:4325): avc: denied { search } for comm="os.oppoguardelf" name="3867" dev="proc" ino=70439 scontext=u:r:system_app:s0 tcontext=u:r:radio:s0 tclass=dir permissive=0
01-01 00:01:29.370000  4978  4978 I auditd  : type=1400 audit(0.0:4326): avc: denied { search } for comm="os.oppoguardelf" name="4007" dev="proc" ino=72776 scontext=u:r:system_app:s0 tcontext=u:r:priv_app:s0:c512,c768 tclass=dir permissive=0
01-01 00:01:29.370000  4978  4978 I chatty  : uid=1000(system) com.coloros.oppoguardelf identical 2 lines
01-01 00:01:29.370000  4978  4978 I auditd  : type=1400 audit(0.0:4329): avc: denied { search } for comm="os.oppoguardelf" name="4007" dev="proc" ino=72776 scontext=u:r:system_app:s0 tcontext=u:r:priv_app:s0:c512,c768 tclass=dir permissive=0
01-01 00:01:29.370000  4978  4978 I auditd  : type=1400 audit(0.0:4330): avc: denied { search } for comm="os.oppoguardelf" name="4044" dev="proc" ino=71391 scontext=u:r:system_app:s0 tcontext=u:r:ged_srv:s0 tclass=dir permissive=0
01-01 00:01:29.370000  4978  4978 I chatty  : uid=1000(system) com.coloros.oppoguardelf identical 2 lines
01-01 00:01:29.370000  4978  4978 I auditd  : type=1400 audit(0.0:4333): avc: denied { search } for comm="os.oppoguardelf" name="4044" dev="proc" ino=71391 scontext=u:r:system_app:s0 tcontext=u:r:ged_srv:s0 tclass=dir permissive=0
01-01 00:01:29.370000  4978  4978 I auditd  : type=1400 audit(0.0:4334): avc: denied { search } for comm="os.oppoguardelf" name="4045" dev="proc" ino=72838 scontext=u:r:system_app:s0 tcontext=u:r:hypnusd:s0 tclass=dir permissive=0
01-01 00:01:29.370000  4978  4978 I chatty  : uid=1000(system) com.coloros.oppoguardelf identical 2 lines
01-01 00:01:29.370000  4978  4978 I auditd  : type=1400 audit(0.0:4337): avc: denied { search } for comm="os.oppoguardelf" name="4045" dev="proc" ino=72838 scontext=u:r:system_app:s0 tcontext=u:r:hypnusd:s0 tclass=dir permissive=0
01-01 00:01:29.370000  4978  4978 I auditd  : type=1400 audit(0.0:4338): avc: denied { search } for comm="os.oppoguardelf" name="4046" dev="proc" ino=71440 scontext=u:r:system_app:s0 tcontext=u:r:neo:s0 tclass=dir permissive=0
01-01 00:01:29.370000  4978  4978 I chatty  : uid=1000(system) com.coloros.oppoguardelf identical 2 lines
01-01 00:01:29.370000  4978  4978 I auditd  : type=1400 audit(0.0:4341): avc: denied { search } for comm="os.oppoguardelf" name="4046" dev="proc" ino=71440 scontext=u:r:system_app:s0 tcontext=u:r:neo:s0 tclass=dir permissive=0
01-01 00:01:29.374000  4978  4978 I auditd  : type=1400 audit(0.0:4342): avc: denied { read } for comm="os.oppoguardelf" name="stat" dev="proc" ino=84517 scontext=u:r:system_app:s0 tcontext=u:r:oiface:s0 tclass=file permissive=0
01-01 00:01:29.374000  4978  4978 I auditd  : type=1400 audit(0.0:4343): avc: denied { read } for comm="os.oppoguardelf" name="cmdline" dev="proc" ino=71778 scontext=u:r:system_app:s0 tcontext=u:r:oiface:s0 tclass=file permissive=0
01-01 00:01:29.374000  4978  4978 I auditd  : type=1400 audit(0.0:4344): avc: denied { read } for comm="os.oppoguardelf" name="task" dev="proc" ino=73998 scontext=u:r:system_app:s0 tcontext=u:r:oiface:s0 tclass=dir permissive=0
01-01 00:01:29.374000  4978  4978 I auditd  : type=1400 audit(0.0:4345): avc: denied { search } for comm="os.oppoguardelf" name="4054" dev="proc" ino=71484 scontext=u:r:system_app:s0 tcontext=u:r:omedia:s0 tclass=dir permissive=0
01-01 00:01:29.374000  4978  4978 I chatty  : uid=1000(system) com.coloros.oppoguardelf identical 2 lines
01-01 00:01:29.374000  4978  4978 I auditd  : type=1400 audit(0.0:4348): avc: denied { search } for comm="os.oppoguardelf" name="4054" dev="proc" ino=71484 scontext=u:r:system_app:s0 tcontext=u:r:omedia:s0 tclass=dir permissive=0
01-01 00:01:29.374000  4978  4978 I auditd  : type=1400 audit(0.0:4349): avc: denied { search } for comm="os.oppoguardelf" name="4120" dev="proc" ino=78546 scontext=u:r:system_app:s0 tcontext=u:r:su:s0 tclass=dir permissive=0
01-01 00:01:29.374000  4978  4978 I chatty  : uid=1000(system) com.coloros.oppoguardelf identical 2 lines
01-01 00:01:29.374000  4978  4978 I auditd  : type=1400 audit(0.0:4352): avc: denied { search } for comm="os.oppoguardelf" name="4120" dev="proc" ino=78546 scontext=u:r:system_app:s0 tcontext=u:r:su:s0 tclass=dir permissive=0
01-01 00:01:29.374000  4978  4978 I auditd  : type=1400 audit(0.0:4353): avc: denied { read } for comm="os.oppoguardelf" name="stat" dev="proc" ino=84562 scontext=u:r:system_app:s0 tcontext=u:r:untrusted_app:s0:c104,c256,c512,c768 tclass=file permissive=0
01-01 00:01:29.378000  4978  4978 I auditd  : type=1400 audit(0.0:4354): avc: denied { read } for comm="os.oppoguardelf" name="cmdline" dev="proc" ino=78816 scontext=u:r:system_app:s0 tcontext=u:r:untrusted_app:s0:c104,c256,c512,c768 tclass=file permissive=0
01-01 00:01:29.378000  4978  4978 I auditd  : type=1400 audit(0.0:4355): avc: denied { read } for comm="os.oppoguardelf" name="task" dev="proc" ino=78802 scontext=u:r:system_app:s0 tcontext=u:r:untrusted_app:s0:c104,c256,c512,c768 tclass=dir permissive=0
01-01 00:01:29.378000  4978  4978 I auditd  : type=1400 audit(0.0:4356): avc: denied { search } for comm="os.oppoguardelf" name="4363" dev="proc" ino=69200 scontext=u:r:system_app:s0 tcontext=u:r:priv_app:s0:c512,c768 tclass=dir permissive=0
01-01 00:01:29.378000  4978  4978 I chatty  : uid=1000(system) com.coloros.oppoguardelf identical 2 lines
01-01 00:01:29.381707  1207  2817 I am_pre_boot: [0,com.android.settings]
01-01 00:01:29.382000  4978  4978 I auditd  : type=1400 audit(0.0:4359): avc: denied { search } for comm="os.oppoguardelf" name="4363" dev="proc" ino=69200 scontext=u:r:system_app:s0 tcontext=u:r:priv_app:s0:c512,c768 tclass=dir permissive=0
01-01 00:01:29.382000  4978  4978 I auditd  : type=1400 audit(0.0:4360): avc: denied { search } for comm="os.oppoguardelf" name="4469" dev="proc" ino=82362 scontext=u:r:system_app:s0 tcontext=u:r:priv_app:s0:c512,c768 tclass=dir permissive=0
01-01 00:01:29.382000  4978  4978 I chatty  : uid=1000(system) com.coloros.oppoguardelf identical 2 lines
01-01 00:01:29.382000  4978  4978 I auditd  : type=1400 audit(0.0:4363): avc: denied { search } for comm="os.oppoguardelf" name="4469" dev="proc" ino=82362 scontext=u:r:system_app:s0 tcontext=u:r:priv_app:s0:c512,c768 tclass=dir permissive=0
01-01 00:01:29.382000  4978  4978 I auditd  : type=1400 audit(0.0:4364): avc: denied { read } for comm="os.oppoguardelf" name="stat" dev="proc" ino=85617 scontext=u:r:system_app:s0 tcontext=u:r:platform_app:s0:c512,c768 tclass=file permissive=0
01-01 00:01:29.382000  4978  4978 I auditd  : type=1400 audit(0.0:4365): avc: denied { read } for comm="os.oppoguardelf" name="cmdline" dev="proc" ino=82407 scontext=u:r:system_app:s0 tcontext=u:r:platform_app:s0:c512,c768 tclass=file permissive=0
01-01 00:01:29.382000  4978  4978 I auditd  : type=1400 audit(0.0:4366): avc: denied { read } for comm="os.oppoguardelf" name="task" dev="proc" ino=82395 scontext=u:r:system_app:s0 tcontext=u:r:platform_app:s0:c512,c768 tclass=dir permissive=0
01-01 00:01:29.382000  4978  4978 I auditd  : type=1400 audit(0.0:4367): avc: denied { search } for comm="os.oppoguardelf" name="4537" dev="proc" ino=80490 scontext=u:r:system_app:s0 tcontext=u:r:nfc:s0 tclass=dir permissive=0
01-01 00:01:29.382000  4978  4978 I chatty  : uid=1000(system) com.coloros.oppoguardelf identical 2 lines
01-01 00:01:29.382000  4978  4978 I auditd  : type=1400 audit(0.0:4370): avc: denied { search } for comm="os.oppoguardelf" name="4537" dev="proc" ino=80490 scontext=u:r:system_app:s0 tcontext=u:r:nfc:s0 tclass=dir permissive=0
01-01 00:01:29.382000  4978  4978 I auditd  : type=1400 audit(0.0:4371): avc: denied { read } for comm="os.oppoguardelf" name="stat" dev="proc" ino=85618 scontext=u:r:system_app:s0 tcontext=u:r:platform_app:s0:c512,c768 tclass=file permissive=0
01-01 00:01:29.382000  4978  4978 I auditd  : type=1400 audit(0.0:4372): avc: denied { read } for comm="os.oppoguardelf" name="cmdline" dev="proc" ino=82470 scontext=u:r:system_app:s0 tcontext=u:r:platform_app:s0:c512,c768 tclass=file permissive=0
01-01 00:01:29.382000  4978  4978 I auditd  : type=1400 audit(0.0:4373): avc: denied { read } for comm="os.oppoguardelf" name="task" dev="proc" ino=82459 scontext=u:r:system_app:s0 tcontext=u:r:platform_app:s0:c512,c768 tclass=dir permissive=0
01-01 00:01:29.382000  4978  4978 I auditd  : type=1400 audit(0.0:4374): avc: denied { search } for comm="os.oppoguardelf" name="4580" dev="proc" ino=82486 scontext=u:r:system_app:s0 tcontext=u:r:secure_element:s0:c44,c260,c512,c768 tclass=dir permissive=0
01-01 00:01:29.382000  4978  4978 I chatty  : uid=1000(system) com.coloros.oppoguardelf identical 2 lines
01-01 00:01:29.382000  4978  4978 I auditd  : type=1400 audit(0.0:4377): avc: denied { search } for comm="os.oppoguardelf" name="4580" dev="proc" ino=82486 scontext=u:r:system_app:s0 tcontext=u:r:secure_element:s0:c44,c260,c512,c768 tclass=dir permissive=0
01-01 00:01:29.383740  1207  1207 I notification_enqueue: [1000,1207,android,13,PreBootBroadcaster,0,Notification(channel=UPDATES pri=0 contentView=null vibrate=null sound=null tick defaults=0x0 flags=0x2 color=0x00000000 vis=PUBLIC),1]
01-01 00:01:29.388954  1207  4960 I am_pre_boot: [0,com.google.android.gsf]
01-01 00:01:29.389825  1207  4960 I am_uid_running: 10013
01-01 00:01:29.390000  4978  4978 I auditd  : type=1400 audit(0.0:4378): avc: denied { search } for comm="os.oppoguardelf" name="4680" dev="proc" ino=82575 scontext=u:r:system_app:s0 tcontext=u:r:mediaprovider:s0:c512,c768 tclass=dir permissive=0
01-01 00:01:29.390000  4978  4978 I chatty  : uid=1000(system) com.coloros.oppoguardelf identical 2 lines
01-01 00:01:29.390000  4978  4978 I auditd  : type=1400 audit(0.0:4381): avc: denied { search } for comm="os.oppoguardelf" name="4680" dev="proc" ino=82575 scontext=u:r:system_app:s0 tcontext=u:r:mediaprovider:s0:c512,c768 tclass=dir permissive=0
01-01 00:01:29.390000  4978  4978 I auditd  : type=1400 audit(0.0:4382): avc: denied { read } for comm="os.oppoguardelf" name="stat" dev="proc" ino=85691 scontext=u:r:system_app:s0 tcontext=u:r:platform_app:s0:c512,c768 tclass=file permissive=0
01-01 00:01:29.390000  4978  4978 I auditd  : type=1400 audit(0.0:4383): avc: denied { read } for comm="os.oppoguardelf" name="cmdline" dev="proc" ino=81156 scontext=u:r:system_app:s0 tcontext=u:r:platform_app:s0:c512,c768 tclass=file permissive=0
01-01 00:01:29.390000  4978  4978 I auditd  : type=1400 audit(0.0:4384): avc: denied { read } for comm="os.oppoguardelf" name="task" dev="proc" ino=82618 scontext=u:r:system_app:s0 tcontext=u:r:platform_app:s0:c512,c768 tclass=dir permissive=0
01-01 00:01:29.390000  4978  4978 I auditd  : type=1400 audit(0.0:4385): avc: denied { read } for comm="os.oppoguardelf" name="stat" dev="proc" ino=85692 scontext=u:r:system_app:s0 tcontext=u:r:untrusted_app:s0:c101,c256,c512,c768 tclass=file permissive=0
01-01 00:01:29.390000  4978  4978 I auditd  : type=1400 audit(0.0:4386): avc: denied { read } for comm="os.oppoguardelf" name="cmdline" dev="proc" ino=79291 scontext=u:r:system_app:s0 tcontext=u:r:untrusted_app:s0:c101,c256,c512,c768 tclass=file permissive=0
01-01 00:01:29.390000  4978  4978 I auditd  : type=1400 audit(0.0:4387): avc: denied { read } for comm="os.oppoguardelf" name="task" dev="proc" ino=80645 scontext=u:r:system_app:s0 tcontext=u:r:untrusted_app:s0:c101,c256,c512,c768 tclass=dir permissive=0
01-01 00:01:29.390000  4978  4978 I auditd  : type=1400 audit(0.0:4388): avc: denied { search } for comm="os.oppoguardelf" name="4740" dev="proc" ino=80665 scontext=u:r:system_app:s0 tcontext=u:r:priv_app:s0:c512,c768 tclass=dir permissive=0
01-01 00:01:29.390000  4978  4978 I chatty  : uid=1000(system) com.coloros.oppoguardelf identical 2 lines
01-01 00:01:29.390000  4978  4978 I auditd  : type=1400 audit(0.0:4391): avc: denied { search } for comm="os.oppoguardelf" name="4740" dev="proc" ino=80665 scontext=u:r:system_app:s0 tcontext=u:r:priv_app:s0:c512,c768 tclass=dir permissive=0
01-01 00:01:29.390000  4978  4978 I auditd  : type=1400 audit(0.0:4392): avc: denied { read } for comm="os.oppoguardelf" name="stat" dev="proc" ino=85693 scontext=u:r:system_app:s0 tcontext=u:r:platform_app:s0:c512,c768 tclass=file permissive=0
01-01 00:01:29.390000  4978  4978 I auditd  : type=1400 audit(0.0:4393): avc: denied { read } for comm="os.oppoguardelf" name="cmdline" dev="proc" ino=80717 scontext=u:r:system_app:s0 tcontext=u:r:platform_app:s0:c512,c768 tclass=file permissive=0
01-01 00:01:29.390000  4978  4978 I auditd  : type=1400 audit(0.0:4394): avc: denied { read } for comm="os.oppoguardelf" name="task" dev="proc" ino=80706 scontext=u:r:system_app:s0 tcontext=u:r:platform_app:s0:c512,c768 tclass=dir permissive=0
01-01 00:01:29.390000  4978  4978 I auditd  : type=1400 audit(0.0:4395): avc: denied { read } for comm="os.oppoguardelf" name="stat" dev="proc" ino=85694 scontext=u:r:system_app:s0 tcontext=u:r:untrusted_app:s0:c93,c256,c512,c768 tclass=file permissive=0
01-01 00:01:29.390000  4978  4978 I auditd  : type=1400 audit(0.0:4396): avc: denied { read } for comm="os.oppoguardelf" name="cmdline" dev="proc" ino=80752 scontext=u:r:system_app:s0 tcontext=u:r:untrusted_app:s0:c93,c256,c512,c768 tclass=file permissive=0
01-01 00:01:29.390000  4978  4978 I auditd  : type=1400 audit(0.0:4397): avc: denied { read } for comm="os.oppoguardelf" name="task" dev="proc" ino=80739 scontext=u:r:system_app:s0 tcontext=u:r:untrusted_app:s0:c93,c256,c512,c768 tclass=dir permissive=0
01-01 00:01:29.390000  4978  4978 I auditd  : type=1400 audit(0.0:4398): avc: denied { search } for comm="os.oppoguardelf" name="4831" dev="proc" ino=82748 scontext=u:r:system_app:s0 tcontext=u:r:priv_app:s0:c512,c768 tclass=dir permissive=0
01-01 00:01:29.390000  4978  4978 I chatty  : uid=1000(system) com.coloros.oppoguardelf identical 2 lines
01-01 00:01:29.390000  4978  4978 I auditd  : type=1400 audit(0.0:4401): avc: denied { search } for comm="os.oppoguardelf" name="4831" dev="proc" ino=82748 scontext=u:r:system_app:s0 tcontext=u:r:priv_app:s0:c512,c768 tclass=dir permissive=0
01-01 00:01:29.394000  4978  4978 I auditd  : type=1400 audit(0.0:4402): avc: denied { read } for comm="os.oppoguardelf" name="stat" dev="proc" ino=85731 scontext=u:r:system_app:s0 tcontext=u:r:platform_app:s0:c512,c768 tclass=file permissive=0
01-01 00:01:29.394000  4978  4978 I auditd  : type=1400 audit(0.0:4403): avc: denied { read } for comm="os.oppoguardelf" name="cmdline" dev="proc" ino=85045 scontext=u:r:system_app:s0 tcontext=u:r:platform_app:s0:c512,c768 tclass=file permissive=0
01-01 00:01:29.394000  4978  4978 I auditd  : type=1400 audit(0.0:4404): avc: denied { read } for comm="os.oppoguardelf" name="task" dev="proc" ino=85032 scontext=u:r:system_app:s0 tcontext=u:r:platform_app:s0:c512,c768 tclass=dir permissive=0
01-01 00:01:29.394000  4978  4978 I auditd  : type=1400 audit(0.0:4405): avc: denied { read } for comm="os.oppoguardelf" name="stat" dev="proc" ino=85732 scontext=u:r:system_app:s0 tcontext=u:r:untrusted_app_25:s0:c512,c768 tclass=file permissive=0
01-01 00:01:29.394000  4978  4978 I auditd  : type=1400 audit(0.0:4406): avc: denied { read } for comm="os.oppoguardelf" name="cmdline" dev="proc" ino=85119 scontext=u:r:system_app:s0 tcontext=u:r:untrusted_app_25:s0:c512,c768 tclass=file permissive=0
01-01 00:01:29.394000  4978  4978 I auditd  : type=1400 audit(0.0:4407): avc: denied { read } for comm="os.oppoguardelf" name="task" dev="proc" ino=69539 scontext=u:r:system_app:s0 tcontext=u:r:untrusted_app_25:s0:c512,c768 tclass=dir permissive=0
01-01 00:01:29.394000  4978  4978 I auditd  : type=1400 audit(0.0:4408): avc: denied { search } for comm="os.oppoguardelf" name="4969" dev="proc" ino=82911 scontext=u:r:system_app:s0 tcontext=u:r:priv_app:s0:c512,c768 tclass=dir permissive=0
01-01 00:01:29.394000  4978  4978 I chatty  : uid=1000(system) com.coloros.oppoguardelf identical 2 lines
01-01 00:01:29.394000  4978  4978 I auditd  : type=1400 audit(0.0:4411): avc: denied { search } for comm="os.oppoguardelf" name="4969" dev="proc" ino=82911 scontext=u:r:system_app:s0 tcontext=u:r:priv_app:s0:c512,c768 tclass=dir permissive=0
01-01 00:01:29.394000  5328  5328 I auditd  : type=1400 audit(0.0:4412): avc: denied { read } for comm="re-initialized>" name="u:object_r:mtk_amslog_prop:s0" dev="tmpfs" ino=12719 scontext=u:r:untrusted_app_25:s0:c512,c768 tcontext=u:object_r:mtk_amslog_prop:s0 tclass=file permissive=0
01-01 00:01:29.398000  4978  4978 I auditd  : type=1400 audit(0.0:4413): avc: denied { read } for comm="os.oppoguardelf" name="stat" dev="proc" ino=85798 scontext=u:r:system_app:s0 tcontext=u:r:platform_app:s0:c512,c768 tclass=file permissive=0
01-01 00:01:29.398000  4978  4978 I auditd  : type=1400 audit(0.0:4414): avc: denied { read } for comm="os.oppoguardelf" name="cmdline" dev="proc" ino=87065 scontext=u:r:system_app:s0 tcontext=u:r:platform_app:s0:c512,c768 tclass=file permissive=0
01-01 00:01:29.398000  4978  4978 I auditd  : type=1400 audit(0.0:4415): avc: denied { read } for comm="os.oppoguardelf" name="task" dev="proc" ino=87049 scontext=u:r:system_app:s0 tcontext=u:r:platform_app:s0:c512,c768 tclass=dir permissive=0
01-01 00:01:29.401688  1207  1394 I commit_sys_config_file: [package-user-0,11]
01-01 00:01:29.402000  4978  4978 I auditd  : type=1400 audit(0.0:4416): avc: denied { search } for comm="os.oppoguardelf" name="5044" dev="proc" ino=87083 scontext=u:r:system_app:s0 tcontext=u:r:priv_app:s0:c512,c768 tclass=dir permissive=0
01-01 00:01:29.402000  4978  4978 I chatty  : uid=1000(system) com.coloros.oppoguardelf identical 2 lines
01-01 00:01:29.402000  4978  4978 I auditd  : type=1400 audit(0.0:4419): avc: denied { search } for comm="os.oppoguardelf" name="5044" dev="proc" ino=87083 scontext=u:r:system_app:s0 tcontext=u:r:priv_app:s0:c512,c768 tclass=dir permissive=0
01-01 00:01:29.404061  1207  1207 I notification_enqueue: [1000,1207,android,13,PreBootBroadcaster,0,Notification(channel=UPDATES pri=0 contentView=null vibrate=null sound=null tick defaults=0x0 flags=0x2 color=0x00000000 vis=PUBLIC),1]
01-01 00:01:29.406000  4978  4978 I auditd  : type=1400 audit(0.0:4420): avc: denied { search } for comm="os.oppoguardelf" name="5148" dev="proc" ino=85366 scontext=u:r:system_app:s0 tcontext=u:r:priv_app:s0:c512,c768 tclass=dir permissive=0
01-01 00:01:29.406000  4978  4978 I chatty  : uid=1000(system) com.coloros.oppoguardelf identical 2 lines
01-01 00:01:29.406000  4978  4978 I auditd  : type=1400 audit(0.0:4423): avc: denied { search } for comm="os.oppoguardelf" name="5148" dev="proc" ino=85366 scontext=u:r:system_app:s0 tcontext=u:r:priv_app:s0:c512,c768 tclass=dir permissive=0
01-01 00:01:29.406000  4978  4978 I auditd  : type=1400 audit(0.0:4424): avc: denied { search } for comm="os.oppoguardelf" name="5174" dev="proc" ino=85397 scontext=u:r:system_app:s0 tcontext=u:r:untrusted_app_27:s0:c512,c768 tclass=dir permissive=0
01-01 00:01:29.406000  4978  4978 I chatty  : uid=1000(system) com.coloros.oppoguardelf identical 2 lines
01-01 00:01:29.406000  4978  4978 I auditd  : type=1400 audit(0.0:4427): avc: denied { search } for comm="os.oppoguardelf" name="5174" dev="proc" ino=85397 scontext=u:r:system_app:s0 tcontext=u:r:untrusted_app_27:s0:c512,c768 tclass=dir permissive=0
01-01 00:01:29.406000  4978  4978 I auditd  : type=1400 audit(0.0:4428): avc: denied { read } for comm="os.oppoguardelf" name="loadavg" dev="proc" ino=4026532097 scontext=u:r:system_app:s0 tcontext=u:object_r:proc_loadavg:s0 tclass=file permissive=0
01-01 00:01:29.412290  1207  1314 I commit_sys_config_file: [package-perms-0,25]
01-01 00:01:29.418201  1207  4501 I am_proc_bound: [0,5328,com.google.process.gapps]
01-01 00:01:29.427707  1207  1353 I am_proc_start: [0,5344,10013,com.google.process.gapps,broadcast,com.google.android.gsf/.loginservice.MigrateToAccountManagerBroadcastReceiver]
01-01 00:01:29.442000  5344  5344 I auditd  : type=1400 audit(0.0:4429): avc: denied { read } for comm="re-initialized>" name="u:object_r:mtk_amslog_prop:s0" dev="tmpfs" ino=12719 scontext=u:r:priv_app:s0:c512,c768 tcontext=u:object_r:mtk_amslog_prop:s0 tclass=file permissive=0
01-01 00:01:29.448415  1207  1374 I am_proc_bound: [0,5344,com.google.process.gapps]
01-01 00:01:29.514514  1207  1505 I commit_sys_config_file: [settings-1-0,10]
01-01 00:01:29.547670  1207  4501 I sysui_multi_action: [757,1243,758,4,806,com.coloros.compass2,1241,android.permission.ACCESS_FINE_LOCATION]
01-01 00:01:29.550409  1207  4960 I sysui_multi_action: [757,1243,758,4,806,com.coloros.compass2,1241,android.permission.ACCESS_COARSE_LOCATION]
01-01 00:01:29.557759  1207  1207 I notification_cancel_all: [10075,4706,com.amap.android.location,0,0,64,9,NULL]
01-01 00:01:29.561163  1207  1207 I notification_cancel_all: [10075,4706,com.amap.android.location,0,0,64,9,NULL]
01-01 00:01:29.584024  1207  1353 I am_proc_start: [0,5365,10013,com.google.process.gservices,content provider,com.google.android.gsf/.gservices.GservicesProvider]
01-01 00:01:29.600307  1207  4960 I sysui_multi_action: [757,1243,758,4,806,com.nearme.gamecenter,1241,android.permission.READ_PHONE_STATE]
01-01 00:01:29.594000  5365  5365 I auditd  : type=1400 audit(0.0:4430): avc: denied { read } for comm="re-initialized>" name="u:object_r:mtk_amslog_prop:s0" dev="tmpfs" ino=12719 scontext=u:r:priv_app:s0:c512,c768 tcontext=u:object_r:mtk_amslog_prop:s0 tclass=file permissive=0
01-01 00:01:29.604933  1207  5094 I am_proc_bound: [0,5365,com.google.process.gservices]
01-01 00:01:29.606839  1207  1207 I notification_cancel_all: [10075,4706,com.amap.android.location,0,0,64,9,NULL]
01-01 00:01:29.621417  1207  5095 I sysui_multi_action: [757,1243,758,4,806,com.nearme.gamecenter,1241,android.permission.READ_EXTERNAL_STORAGE]
01-01 00:01:29.628024  1207  4466 I backup_transport_lifecycle: [android/com.android.internal.backup.LocalTransportService,1]
01-01 00:01:29.629592  1207  1207 I notification_cancel_all: [10075,4706,com.amap.android.location,0,0,64,9,NULL]
01-01 00:01:29.630035  1207  1207 I backup_transport_connection: [android/com.android.internal.backup.LocalTransportService,1]
01-01 00:01:29.632944  1207  4466 I backup_transport_lifecycle: [android/com.android.internal.backup.LocalTransportService,0]
01-01 00:01:29.633013  1207  4466 I backup_transport_connection: [android/com.android.internal.backup.LocalTransportService,0]
01-01 00:01:29.663512  1207  5095 I sysui_multi_action: [757,1243,758,4,806,com.nearme.gamecenter,1241,android.permission.WRITE_EXTERNAL_STORAGE]
01-01 00:01:29.670982  1207  1207 I notification_cancel_all: [10075,4706,com.amap.android.location,0,0,64,9,NULL]
01-01 00:01:29.711009  1207  1368 I sysui_multi_action: [757,1243,758,4,806,com.nearme.gamecenter,1241,android.permission.READ_SMS]
01-01 00:01:29.713665  1207  5095 I sysui_multi_action: [757,1243,758,4,806,com.nearme.gamecenter,1241,android.permission.RECEIVE_SMS]
01-01 00:01:29.719457  1207  1207 I notification_cancel_all: [10075,4706,com.amap.android.location,0,0,64,9,NULL]
01-01 00:01:29.720147  1207  4960 I sysui_multi_action: [757,1243,758,4,806,com.nearme.gamecenter,1241,android.permission.SEND_SMS]
01-01 00:01:29.723787  1207  1207 I notification_cancel_all: [10075,4706,com.amap.android.location,0,0,64,9,NULL]
01-01 00:01:29.727380  1207  1207 I notification_cancel_all: [10075,4706,com.amap.android.location,0,0,64,9,NULL]
01-01 00:01:29.733601  1207  1207 I sysui_multi_action: [757,128,758,5,759,8,793,3417,794,0,795,343,796,13,797,PreBootBroadcaster,806,android,857,UPDATES,858,2,947,0]
01-01 00:01:29.733747  1207  1207 I notification_canceled: [0|android|13|PreBootBroadcaster|1000,8,3417,343,0,-1,-1,NULL]
01-01 00:01:29.743672  1207  1394 I commit_sys_config_file: [package-user-0,17]
01-01 00:01:29.750453  1207  1220 I sysui_multi_action: [757,1243,758,4,806,com.nearme.gamecenter,1241,android.permission.CAMERA]
01-01 00:01:29.754714  1207  5095 I am_uid_running: 10032
01-01 00:01:29.760787  1207  1505 I commit_sys_config_file: [settings-1-0,8]
01-01 00:01:29.779247  1207  4960 I sysui_multi_action: [757,1243,758,4,806,com.nearme.gamecenter,1241,android.permission.READ_CALENDAR]
01-01 00:01:29.780747  1207  2817 I sysui_multi_action: [757,1243,758,4,806,com.nearme.gamecenter,1241,android.permission.WRITE_CALENDAR]
01-01 00:01:29.787566  1207  1207 I notification_cancel_all: [10075,4706,com.amap.android.location,0,0,64,9,NULL]
01-01 00:01:29.790501  1207  1207 I chatty  : uid=1000 system_server identical 1 line
01-01 00:01:29.798098  1207  1207 I notification_cancel_all: [10075,4706,com.amap.android.location,0,0,64,9,NULL]
01-01 00:01:29.804868  1207  1353 I am_proc_start: [0,5396,10032,com.coloros.speechassist,broadcast,com.coloros.speechassist/.DaemonService$ScreenStateReciver]
01-01 00:01:29.810000  5396  5396 I auditd  : type=1400 audit(0.0:4431): avc: denied { read } for comm="re-initialized>" name="u:object_r:mtk_amslog_prop:s0" dev="tmpfs" ino=12719 scontext=u:r:priv_app:s0:c512,c768 tcontext=u:object_r:mtk_amslog_prop:s0 tclass=file permissive=0
01-01 00:01:29.824678  1207  4501 I am_proc_bound: [0,5396,com.coloros.speechassist]
01-01 00:01:29.847470  1207  4960 I sysui_multi_action: [757,1243,758,4,806,com.coloros.note,1241,android.permission.READ_PHONE_STATE]
01-01 00:01:29.853630  1207  1207 I notification_cancel_all: [10075,4706,com.amap.android.location,0,0,64,9,NULL]
01-01 00:01:29.862632  1207  2817 I sysui_multi_action: [757,1243,758,4,806,com.coloros.note,1241,android.permission.READ_EXTERNAL_STORAGE]
01-01 00:01:29.867862  1207  1207 I notification_cancel_all: [10075,4706,com.amap.android.location,0,0,64,9,NULL]
01-01 00:01:29.893914  1207  4960 I sysui_multi_action: [757,1243,758,4,806,com.coloros.note,1241,android.permission.WRITE_EXTERNAL_STORAGE]
01-01 00:01:29.897891  1207  1207 I notification_cancel_all: [10075,4706,com.amap.android.location,0,0,64,9,NULL]
01-01 00:01:29.950000   731   731 I auditd  : type=1400 audit(0.0:4432): avc: denied { read } for comm="Binder:731_2" name="u:object_r:vendor_default_prop:s0" dev="tmpfs" ino=12904 scontext=u:r:drmserver:s0 tcontext=u:object_r:vendor_default_prop:s0 tclass=file permissive=0
01-01 00:01:29.956462  1207  4960 I sysui_multi_action: [757,1243,758,4,806,com.coloros.note,1241,android.permission.READ_SMS]
01-01 00:01:29.958000   731   731 I auditd  : type=1400 audit(0.0:4433): avc: denied { read } for comm="Binder:731_2" name="u:object_r:vendor_default_prop:s0" dev="tmpfs" ino=12904 scontext=u:r:drmserver:s0 tcontext=u:object_r:vendor_default_prop:s0 tclass=file permissive=0
01-01 00:01:29.963579  1207  1207 I notification_cancel_all: [10075,4706,com.amap.android.location,0,0,64,9,NULL]
01-01 00:01:29.974000   741   741 I auditd  : type=1400 audit(0.0:4434): avc: denied { search } for comm="Binder:741_2" name="5396" dev="proc" ino=87695 scontext=u:r:mediaextractor:s0 tcontext=u:r:priv_app:s0:c512,c768 tclass=dir permissive=0
