01-01 00:03:08.571000  1207  1207 I auditd  : type=1400 audit(0.0:4582): avc: denied { write } for comm="PhotonicModulat" name="stats_oppobackup" dev="proc" ino=4026534277 scontext=u:r:system_server:s0 tcontext=u:object_r:proc_qtaguid_stat:s0 tclass=file permissive=0
01-01 00:03:12.039000  1207  1207 I auditd  : type=1400 audit(0.0:4583): avc: denied { write } for comm="PhotonicModulat" name="stats_oppobackup" dev="proc" ino=4026534277 scontext=u:r:system_server:s0 tcontext=u:object_r:proc_qtaguid_stat:s0 tclass=file permissive=0
01-01 00:03:14.169898  1207  7714 I cpu     : [3,0,1,0,0,0]
01-01 00:03:16.031000  1207  1207 I auditd  : type=1400 audit(0.0:4584): avc: denied { write } for comm="PhotonicModulat" name="stats_oppobackup" dev="proc" ino=4026534277 scontext=u:r:system_server:s0 tcontext=u:object_r:proc_qtaguid_stat:s0 tclass=file permissive=0
01-01 00:03:17.423000  1207  1207 I auditd  : type=1400 audit(0.0:4585): avc: denied { write } for comm="watchdog" name="wakeup_sources" dev="debugfs" ino=1039 scontext=u:r:system_server:s0 tcontext=u:object_r:debugfs_wakeup_sources:s0 tclass=file permissive=0
01-01 00:03:19.247000  1207  1207 I auditd  : type=1400 audit(0.0:4586): avc: denied { write } for comm="PhotonicModulat" name="stats_oppobackup" dev="proc" ino=4026534277 scontext=u:r:system_server:s0 tcontext=u:object_r:proc_qtaguid_stat:s0 tclass=file permissive=0
01-01 00:03:32.575000  1207  1207 I chatty  : uid=1000 system_server identical 5 lines
01-01 00:03:35.631000  1207  1207 I auditd  : type=1400 audit(0.0:4592): avc: denied { write } for comm="PhotonicModulat" name="stats_oppobackup" dev="proc" ino=4026534277 scontext=u:r:system_server:s0 tcontext=u:object_r:proc_qtaguid_stat:s0 tclass=file permissive=0
01-01 00:03:37.025687  1207  1314 I am_pss  : [7693,1000,com.oppo.aod,4341760,2945024,0,0,0,4,13]
01-01 00:03:37.043687  1207  1314 I am_pss  : [7656,1000,com.coloros.simsettings,7761920,5791744,0,0,0,5,12]
01-01 00:03:37.060961  1207  1314 I am_pss  : [7342,1000,com.android.keychain,4253696,3100672,0,0,0,18,12]
01-01 00:03:37.083104  1207  1314 I am_pss  : [3289,1000,com.coloros.bootreg,32116736,23033856,0,0,0,11,16]
01-01 00:03:37.693145  1207  1207 I notification_enqueue: [1000,6605,com.oppo.logkit,2017,NULL,0,Notification(channel=null pri=2 contentView=null vibrate=null sound=null tick defaults=0x0 flags=0x22 color=0x00000000 vis=PRIVATE),1]
01-01 00:03:38.703000  1207  1207 I auditd  : type=1400 audit(0.0:4593): avc: denied { write } for comm="PhotonicModulat" name="stats_oppobackup" dev="proc" ino=4026534277 scontext=u:r:system_server:s0 tcontext=u:object_r:proc_qtaguid_stat:s0 tclass=file permissive=0
01-01 00:03:40.895000  1207  1207 I auditd  : type=1400 audit(0.0:4594): avc: denied { write } for comm="PhotonicModulat" name="stats_oppobackup" dev="proc" ino=4026534277 scontext=u:r:system_server:s0 tcontext=u:object_r:proc_qtaguid_stat:s0 tclass=file permissive=0
01-01 00:03:43.404823  1207  7727 I cpu     : [3,0,1,1,0,0]
01-01 00:03:47.176000  7728  7728 I auditd  : type=1400 audit(0.0:4595): avc: denied { read } for comm="aee_dumpstatev" name="u:object_r:default_prop:s0" dev="tmpfs" ino=12659 scontext=u:r:aee_aedv:s0 tcontext=u:object_r:default_prop:s0 tclass=file permissive=0
01-01 00:03:47.188000  7728  7728 I auditd  : type=1400 audit(0.0:4596): avc: denied { dac_override } for comm="aee_dumpstatev" capability=1 scontext=u:r:aee_aedv:s0 tcontext=u:r:aee_aedv:s0 tclass=capability permissive=0
01-01 00:03:47.188000  7728  7728 I auditd  : type=1400 audit(0.0:4597): avc: denied { dac_read_search } for comm="aee_dumpstatev" capability=2 scontext=u:r:aee_aedv:s0 tcontext=u:r:aee_aedv:s0 tclass=capability permissive=0
01-01 00:03:47.688000  7728  7728 I auditd  : type=1400 audit(0.0:4598): avc: denied { dac_override } for comm="aee_dumpstatev" capability=1 scontext=u:r:aee_aedv:s0 tcontext=u:r:aee_aedv:s0 tclass=capability permissive=0
01-01 00:03:47.688000  7728  7728 I auditd  : type=1400 audit(0.0:4599): avc: denied { read } for comm="aee_dumpstatev" name="buffer_total_size_kb" dev="tracefs" ino=2058 scontext=u:r:aee_aedv:s0 tcontext=u:object_r:debugfs_tracing_debug:s0 tclass=file permissive=0
01-01 00:03:47.908000  7733  7733 I auditd  : type=1400 audit(0.0:4600): avc: denied { read } for comm="top" name="u:object_r:default_prop:s0" dev="tmpfs" ino=12659 scontext=u:r:aee_aedv:s0 tcontext=u:object_r:default_prop:s0 tclass=file permissive=0
01-01 00:03:48.340000  1207  1207 I auditd  : type=1400 audit(0.0:4601): avc: denied { write } for comm="watchdog" name="wakeup_sources" dev="debugfs" ino=1039 scontext=u:r:system_server:s0 tcontext=u:object_r:debugfs_wakeup_sources:s0 tclass=file permissive=0
01-01 00:03:49.716000  1207  1207 I auditd  : type=1400 audit(0.0:4602): avc: denied { write } for comm="PhotonicModulat" name="stats_oppobackup" dev="proc" ino=4026534277 scontext=u:r:system_server:s0 tcontext=u:object_r:proc_qtaguid_stat:s0 tclass=file permissive=0
01-01 00:03:50.356000  1207  1207 I auditd  : type=1400 audit(0.0:4603): avc: denied { write } for comm="PhotonicModulat" name="stats_oppobackup" dev="proc" ino=4026534277 scontext=u:r:system_server:s0 tcontext=u:object_r:proc_qtaguid_stat:s0 tclass=file permissive=0
01-01 00:03:51.004000  7735  7735 I auditd  : type=1400 audit(0.0:4604): avc: denied { read } for comm="dmesg" name="u:object_r:default_prop:s0" dev="tmpfs" ino=12659 scontext=u:r:aee_aedv:s0 tcontext=u:object_r:default_prop:s0 tclass=file permissive=0
01-01 00:03:51.120000  7736  7736 I auditd  : type=1400 audit(0.0:4605): avc: denied { read } for comm="ps" name="u:object_r:default_prop:s0" dev="tmpfs" ino=12659 scontext=u:r:aee_aedv:s0 tcontext=u:object_r:default_prop:s0 tclass=file permissive=0
01-01 00:03:51.376000  7736  7736 I auditd  : type=1400 audit(0.0:4606): avc: denied { sys_ptrace } for comm="ps" capability=19 scontext=u:r:aee_aedv:s0 tcontext=u:r:aee_aedv:s0 tclass=capability permissive=0
01-01 00:03:53.516000  7736  7736 I chatty  : uid=0(root) /vendor/bin/ps identical 2136 lines
01-01 00:03:53.516000  7736  7736 I auditd  : type=1400 audit(0.0:7172): avc: denied { sys_ptrace } for comm="ps" capability=19 scontext=u:r:aee_aedv:s0 tcontext=u:r:aee_aedv:s0 tclass=capability permissive=0
01-01 00:03:53.520000  1207  1207 I auditd  : type=1400 audit(0.0:7173): avc: denied { write } for comm="PhotonicModulat" name="stats_oppobackup" dev="proc" ino=4026534277 scontext=u:r:system_server:s0 tcontext=u:object_r:proc_qtaguid_stat:s0 tclass=file permissive=0
01-01 00:03:54.952000  7736  7736 I chatty  : uid=0(root) /vendor/bin/aee_dumpstatev expire 1718 lines
01-01 00:03:54.952000  7736  7736 I auditd  : type=1400 audit(0.0:8893): avc: denied { sys_ptrace } for comm="ps" capability=19 scontext=u:r:aee_aedv:s0 tcontext=u:r:aee_aedv:s0 tclass=capability permissive=0
01-01 00:03:54.984000  7738  7738 I auditd  : type=1400 audit(0.0:8894): avc: denied { read } for comm="df" name="u:object_r:default_prop:s0" dev="tmpfs" ino=12659 scontext=u:r:aee_aedv:s0 tcontext=u:object_r:default_prop:s0 tclass=file permissive=0
01-01 00:03:54.988000  7738  7738 I auditd  : type=1400 audit(0.0:8895): avc: denied { getattr } for comm="df" path="/cache" dev="sdc44" ino=2 scontext=u:r:aee_aedv:s0 tcontext=u:object_r:cache_file:s0 tclass=dir permissive=0
01-01 00:03:54.988000  7738  7738 I auditd  : type=1400 audit(0.0:8896): avc: denied { getattr } for comm="df" path="/data" dev="sdc45" ino=2 scontext=u:r:aee_aedv:s0 tcontext=u:object_r:system_data_file:s0 tclass=dir permissive=0
01-01 00:03:54.988000  7738  7738 I auditd  : type=1400 audit(0.0:8897): avc: denied { search } for comm="df" name="vendor" dev="tmpfs" ino=12582 scontext=u:r:aee_aedv:s0 tcontext=u:object_r:mnt_vendor_file:s0 tclass=dir permissive=0
01-01 00:03:54.988000  7738  7738 I chatty  : uid=0(root) /vendor/bin/df identical 10 lines
01-01 00:03:54.988000  7738  7738 I auditd  : type=1400 audit(0.0:8908): avc: denied { search } for comm="df" name="vendor" dev="tmpfs" ino=12582 scontext=u:r:aee_aedv:s0 tcontext=u:object_r:mnt_vendor_file:s0 tclass=dir permissive=0
01-01 00:03:54.988000  7738  7738 I auditd  : type=1400 audit(0.0:8909): avc: denied { getattr } for comm="df" path="/storage" dev="tmpfs" ino=13076 scontext=u:r:aee_aedv:s0 tcontext=u:object_r:storage_file:s0 tclass=dir permissive=0
01-01 00:03:54.988000  7738  7738 I auditd  : type=1400 audit(0.0:8910): avc: denied { dac_override } for comm="df" capability=1 scontext=u:r:aee_aedv:s0 tcontext=u:r:aee_aedv:s0 tclass=capability permissive=0
01-01 00:03:54.988000  7738  7738 I auditd  : type=1400 audit(0.0:8911): avc: denied { dac_read_search } for comm="df" capability=2 scontext=u:r:aee_aedv:s0 tcontext=u:r:aee_aedv:s0 tclass=capability permissive=0
01-01 00:03:54.988000  7738  7738 I auditd  : type=1400 audit(0.0:8912): avc: denied { dac_override } for comm="df" capability=1 scontext=u:r:aee_aedv:s0 tcontext=u:r:aee_aedv:s0 tclass=capability permissive=0
01-01 00:03:54.988000  7738  7738 I auditd  : type=1400 audit(0.0:8913): avc: denied { dac_read_search } for comm="df" capability=2 scontext=u:r:aee_aedv:s0 tcontext=u:r:aee_aedv:s0 tclass=capability permissive=0
01-01 00:03:54.988000  7738  7738 I auditd  : type=1400 audit(0.0:8914): avc: denied { search } for comm="df" name="log" dev="sdc45" ino=5767173 scontext=u:r:aee_aedv:s0 tcontext=u:object_r:oppo_log_file:s0 tclass=dir permissive=0
01-01 00:03:54.988000  7738  7738 I auditd  : type=1400 audit(0.0:8915): avc: denied { search } for comm="df" name="log" dev="sdc45" ino=5767173 scontext=u:r:aee_aedv:s0 tcontext=u:object_r:oppo_log_file:s0 tclass=dir permissive=0
01-01 00:03:54.988000  7738  7738 I auditd  : type=1400 audit(0.0:8916): avc: denied { getattr } for comm="df" path="/data/media" dev="sdc45" ino=334 scontext=u:r:aee_aedv:s0 tcontext=u:object_r:media_rw_data_file:s0 tclass=dir permissive=0
01-01 00:03:54.988000  7738  7738 I chatty  : uid=0(root) /vendor/bin/aee_dumpstatev identical 2 lines
01-01 00:03:54.988000  7738  7738 I auditd  : type=1400 audit(0.0:8919): avc: denied { getattr } for comm="df" path="/data/media" dev="sdc45" ino=334 scontext=u:r:aee_aedv:s0 tcontext=u:object_r:media_rw_data_file:s0 tclass=dir permissive=0
01-01 00:03:54.988000  7738  7738 I auditd  : type=1400 audit(0.0:8920): avc: denied { getattr } for comm="df" path="/dev/block" dev="tmpfs" ino=1674 scontext=u:r:aee_aedv:s0 tcontext=u:object_r:block_device:s0 tclass=dir permissive=0
01-01 00:03:54.992000  7738  7738 I auditd  : type=1400 audit(0.0:8921): avc: denied { getattr } for comm="df" path="/dev/block" dev="tmpfs" ino=1674 scontext=u:r:aee_aedv:s0 tcontext=u:object_r:block_device:s0 tclass=dir permissive=0
01-01 00:03:55.016000  7739  7739 I auditd  : type=1400 audit(0.0:8922): avc: denied { read } for comm="mount" name="u:object_r:default_prop:s0" dev="tmpfs" ino=12659 scontext=u:r:aee_aedv:s0 tcontext=u:object_r:default_prop:s0 tclass=file permissive=0
01-01 00:03:55.020000  7739  7739 I auditd  : type=1400 audit(0.0:8923): avc: denied { getattr } for comm="mount" path="/cache" dev="sdc44" ino=2 scontext=u:r:aee_aedv:s0 tcontext=u:object_r:cache_file:s0 tclass=dir permissive=0
01-01 00:03:55.020000  7739  7739 I auditd  : type=1400 audit(0.0:8924): avc: denied { getattr } for comm="mount" path="/data" dev="sdc45" ino=2 scontext=u:r:aee_aedv:s0 tcontext=u:object_r:system_data_file:s0 tclass=dir permissive=0
01-01 00:03:55.020000  7739  7739 I auditd  : type=1400 audit(0.0:8925): avc: denied { search } for comm="mount" name="vendor" dev="tmpfs" ino=12582 scontext=u:r:aee_aedv:s0 tcontext=u:object_r:mnt_vendor_file:s0 tclass=dir permissive=0
01-01 00:03:55.024000  7739  7739 I chatty  : uid=0(root) /vendor/bin/aee_dumpstatev identical 13 lines
01-01 00:03:55.024000  7739  7739 I auditd  : type=1400 audit(0.0:8962): avc: denied { read } for comm="mount" name="/" dev="dm-0" ino=2 scontext=u:r:aee_aedv:s0 tcontext=u:object_r:rootfs:s0 tclass=dir permissive=0
01-01 00:03:55.028000  7728  7728 I auditd  : type=1400 audit(0.0:8963): avc: denied { read } for comm="aee_dumpstatev" name="u:object_r:radio_prop:s0" dev="tmpfs" ino=12878 scontext=u:r:aee_aedv:s0 tcontext=u:object_r:radio_prop:s0 tclass=file permissive=0
01-01 00:03:55.028000  7728  7728 I chatty  : uid=0(root) /vendor/bin/aee_aedv identical 2 lines
01-01 00:03:55.028000  7728  7728 I auditd  : type=1400 audit(0.0:8966): avc: denied { read } for comm="aee_dumpstatev" name="u:object_r:radio_prop:s0" dev="tmpfs" ino=12878 scontext=u:r:aee_aedv:s0 tcontext=u:object_r:radio_prop:s0 tclass=file permissive=0
01-01 00:03:55.584000  7740  7740 I auditd  : type=1400 audit(0.0:8967): avc: denied { read } for comm="aee_archivev" name="u:object_r:default_prop:s0" dev="tmpfs" ino=12659 scontext=u:r:aee_aedv:s0 tcontext=u:object_r:default_prop:s0 tclass=file permissive=0
01-01 00:03:56.076000  1207  1207 I auditd  : type=1400 audit(0.0:8968): avc: denied { write } for comm="PhotonicModulat" name="stats_oppobackup" dev="proc" ino=4026534277 scontext=u:r:system_server:s0 tcontext=u:object_r:proc_qtaguid_stat:s0 tclass=file permissive=0
01-01 00:03:56.084000  7726  7726 I auditd  : type=1400 audit(0.0:8969): avc: denied { search } for comm="aee_aedv" name="0" dev="sdc45" ino=589904 scontext=u:r:aee_aedv:s0 tcontext=u:object_r:media_rw_data_file:s0 tclass=dir permissive=0
01-01 00:03:58.624000  1207  1207 I auditd  : type=1400 audit(0.0:8970): avc: denied { write } for comm="PhotonicModulat" name="stats_oppobackup" dev="proc" ino=4026534277 scontext=u:r:system_server:s0 tcontext=u:object_r:proc_qtaguid_stat:s0 tclass=file permissive=0
01-01 00:04:08.533000  1207  1207 I chatty  : uid=1000 system_server identical 4 lines
01-01 00:04:10.237000  1207  1207 I auditd  : type=1400 audit(0.0:8975): avc: denied { write } for comm="PhotonicModulat" name="stats_oppobackup" dev="proc" ino=4026534277 scontext=u:r:system_server:s0 tcontext=u:object_r:proc_qtaguid_stat:s0 tclass=file permissive=0
01-01 00:04:12.323844  1207  7743 I cpu     : [10,1,4,4,0,0]
01-01 00:04:12.501000  1207  1207 I auditd  : type=1400 audit(0.0:8976): avc: denied { write } for comm="PhotonicModulat" name="stats_oppobackup" dev="proc" ino=4026534277 scontext=u:r:system_server:s0 tcontext=u:object_r:proc_qtaguid_stat:s0 tclass=file permissive=0
01-01 00:04:16.693000  1207  1207 I chatty  : uid=1000 system_server identical 1 line
01-01 00:04:18.897000  1207  1207 I auditd  : type=1400 audit(0.0:8978): avc: denied { write } for comm="PhotonicModulat" name="stats_oppobackup" dev="proc" ino=4026534277 scontext=u:r:system_server:s0 tcontext=u:object_r:proc_qtaguid_stat:s0 tclass=file permissive=0
01-01 00:04:19.941000  1207  1207 I auditd  : type=1400 audit(0.0:8979): avc: denied { write } for comm="watchdog" name="wakeup_sources" dev="debugfs" ino=1039 scontext=u:r:system_server:s0 tcontext=u:object_r:debugfs_wakeup_sources:s0 tclass=file permissive=0
01-01 00:04:22.165000  1207  1207 I auditd  : type=1400 audit(0.0:8980): avc: denied { write } for comm="PhotonicModulat" name="stats_oppobackup" dev="proc" ino=4026534277 scontext=u:r:system_server:s0 tcontext=u:object_r:proc_qtaguid_stat:s0 tclass=file permissive=0
01-01 00:04:29.599000  1207  1207 I chatty  : uid=1000 system_server identical 3 lines
01-01 00:04:31.127000  1207  1207 I auditd  : type=1400 audit(0.0:8984): avc: denied { write } for comm="PhotonicModulat" name="stats_oppobackup" dev="proc" ino=4026534277 scontext=u:r:system_server:s0 tcontext=u:object_r:proc_qtaguid_stat:s0 tclass=file permissive=0
01-01 00:04:32.345545  1207  1314 I am_pss  : [7693,1000,com.oppo.aod,4367360,2969600,0,0,0,4,13]
01-01 00:04:32.360966  1207  1314 I am_pss  : [7489,10088,com.coloros.weather.service,8356864,4763648,0,0,0,18,9]
01-01 00:04:32.375884  1207  1314 I am_pss  : [7566,10012,com.coloros.findmyphone,5909504,4403200,0,0,0,18,10]
01-01 00:04:32.388709  1207  1314 I am_pss  : [7512,10010,com.android.providers.downloads,5434368,4104192,0,0,0,18,9]
01-01 00:04:32.402315  1207  1314 I am_pss  : [5148,10004,android.process.acore,25078784,19038208,0,0,0,18,10]
01-01 00:04:32.409000  4978  4978 I auditd  : type=1400 audit(0.0:8985): avc: denied { search } for comm="OppoGuardElfHan" name="/" dev="bpf" ino=1 scontext=u:r:system_app:s0 tcontext=u:object_r:fs_bpf:s0 tclass=dir permissive=0
01-01 00:04:32.414258  1207  1314 I am_pss  : [5365,10013,com.google.process.gservices,5447680,3407872,0,0,0,18,8]
01-01 00:04:33.401000  1207  1207 I auditd  : type=1400 audit(0.0:8986): avc: denied { write } for comm="PhotonicModulat" name="stats_oppobackup" dev="proc" ino=4026534277 scontext=u:r:system_server:s0 tcontext=u:object_r:proc_qtaguid_stat:s0 tclass=file permissive=0
01-01 00:04:34.721000  1207  1207 I auditd  : type=1400 audit(0.0:8987): avc: denied { write } for comm="PhotonicModulat" name="stats_oppobackup" dev="proc" ino=4026534277 scontext=u:r:system_server:s0 tcontext=u:object_r:proc_qtaguid_stat:s0 tclass=file permissive=0
01-01 00:04:37.331890  1207  7655 I am_kill : [0,7248,com.oppo.market:dcs,902,stop com.oppo.market]
01-01 00:04:37.345959  1207  7655 I am_uid_stopped: 10076
01-01 00:04:37.347738  1207  7655 I am_kill : [0,7203,com.oppo.market,900,stop com.oppo.market]
01-01 00:04:37.372208  1207  1207 I notification_cancel_all: [1000,1207,com.oppo.market,0,0,0,20,NULL]
01-01 00:04:37.400553  1207  1207 I commit_sys_config_file: [notification-policy,28]
01-01 00:04:37.576894  1207  7760 I cpu     : [3,0,2,0,0,0]
01-01 00:04:37.783008  1207  1207 I notification_enqueue: [1000,6605,com.oppo.logkit,2017,NULL,0,Notification(channel=null pri=2 contentView=null vibrate=null sound=null tick defaults=0x0 flags=0x22 color=0x00000000 vis=PRIVATE),1]
01-01 00:04:38.134139  1207  1219 I am_proc_died: [0,6592,com.oppo.ota,800,9]
01-01 00:04:38.135385  1207  1219 I am_schedule_service_restart: [0,com.oppo.ota/.service.OTAService,1000]
01-01 00:04:38.136348  1207  1219 I am_schedule_service_restart: [0,com.oppo.ota/.download.DownloadService,1000]
01-01 00:04:38.529000  1207  1207 I auditd  : type=1400 audit(0.0:8988): avc: denied { write } for comm="PhotonicModulat" name="stats_oppobackup" dev="proc" ino=4026534277 scontext=u:r:system_server:s0 tcontext=u:object_r:proc_qtaguid_stat:s0 tclass=file permissive=0
01-01 00:04:39.677000  1207  1207 I chatty  : uid=1000 system_server identical 1 line
01-01 00:04:42.429000  1207  1207 I auditd  : type=1400 audit(0.0:8990): avc: denied { write } for comm="PhotonicModulat" name="stats_oppobackup" dev="proc" ino=4026534277 scontext=u:r:system_server:s0 tcontext=u:object_r:proc_qtaguid_stat:s0 tclass=file permissive=0
01-01 00:04:43.611860  1207  7765 I cpu     : [3,0,2,0,0,0]
01-01 00:04:44.594000  1207  1207 I auditd  : type=1400 audit(0.0:8991): avc: denied { write } for comm="PhotonicModulat" name="stats_oppobackup" dev="proc" ino=4026534277 scontext=u:r:system_server:s0 tcontext=u:object_r:proc_qtaguid_stat:s0 tclass=file permissive=0
01-01 00:04:44.998000  1207  1207 I chatty  : uid=1000 system_server identical 1 line
01-01 00:04:46.194000  1207  1207 I auditd  : type=1400 audit(0.0:8993): avc: denied { write } for comm="PhotonicModulat" name="stats_oppobackup" dev="proc" ino=4026534277 scontext=u:r:system_server:s0 tcontext=u:object_r:proc_qtaguid_stat:s0 tclass=file permissive=0
01-01 00:04:47.643190  1207  1394 I commit_sys_config_file: [package-user-0,13]
01-01 00:04:48.082000  1207  1207 I auditd  : type=1400 audit(0.0:8994): avc: denied { write } for comm="PhotonicModulat" name="stats_oppobackup" dev="proc" ino=4026534277 scontext=u:r:system_server:s0 tcontext=u:object_r:proc_qtaguid_stat:s0 tclass=file permissive=0
01-01 00:04:50.083000  1207  1207 I auditd  : type=1400 audit(0.0:8995): avc: denied { write } for comm="PhotonicModulat" name="stats_oppobackup" dev="proc" ino=4026534277 scontext=u:r:system_server:s0 tcontext=u:object_r:proc_qtaguid_stat:s0 tclass=file permissive=0
01-01 00:04:50.711000  1207  1207 I auditd  : type=1400 audit(0.0:8996): avc: denied { write } for comm="watchdog" name="wakeup_sources" dev="debugfs" ino=1039 scontext=u:r:system_server:s0 tcontext=u:object_r:debugfs_wakeup_sources:s0 tclass=file permissive=0
01-01 00:04:50.927000  1207  1207 I auditd  : type=1400 audit(0.0:8997): avc: denied { write } for comm="PhotonicModulat" name="stats_oppobackup" dev="proc" ino=4026534277 scontext=u:r:system_server:s0 tcontext=u:object_r:proc_qtaguid_stat:s0 tclass=file permissive=0
01-01 00:05:03.337000  1207  1207 I chatty  : uid=1000 system_server identical 6 lines
01-01 00:05:05.813000  1207  1207 I auditd  : type=1400 audit(0.0:9004): avc: denied { write } for comm="PhotonicModulat" name="stats_oppobackup" dev="proc" ino=4026534277 scontext=u:r:system_server:s0 tcontext=u:object_r:proc_qtaguid_stat:s0 tclass=file permissive=0
01-01 00:05:07.078473  1207  1352 I am_uid_running: 10076
01-01 00:05:07.139173  1207  1353 I am_proc_start: [0,7772,10076,com.oppo.market,broadcast,com.oppo.market/a.a.a.abr]
01-01 00:05:07.189000  7772  7772 I auditd  : type=1400 audit(0.0:9005): avc: denied { read } for comm="re-initialized>" name="u:object_r:mtk_amslog_prop:s0" dev="tmpfs" ino=12719 scontext=u:r:untrusted_app_27:s0:c512,c768 tcontext=u:object_r:mtk_amslog_prop:s0 tclass=file permissive=0
01-01 00:05:07.199325  1207  4963 I am_proc_bound: [0,7772,com.oppo.market]
01-01 00:05:07.480361  1207  1353 I am_proc_start: [0,7804,10076,com.oppo.market:dcs,service,com.oppo.market/com.oppo.cdo.domain.statis.service.StaticSetSSoIdService]
01-01 00:05:07.501000  7804  7804 I auditd  : type=1400 audit(0.0:9006): avc: denied { read } for comm="re-initialized>" name="u:object_r:mtk_amslog_prop:s0" dev="tmpfs" ino=12719 scontext=u:r:untrusted_app_27:s0:c512,c768 tcontext=u:object_r:mtk_amslog_prop:s0 tclass=file permissive=0
01-01 00:05:07.507384  1207  1219 I am_proc_bound: [0,7804,com.oppo.market:dcs]
01-01 00:05:08.017000  1207  1207 I auditd  : type=1400 audit(0.0:9007): avc: denied { write } for comm="PhotonicModulat" name="stats_oppobackup" dev="proc" ino=4026534277 scontext=u:r:system_server:s0 tcontext=u:object_r:proc_qtaguid_stat:s0 tclass=file permissive=0
01-01 00:05:10.897000  1207  1207 I auditd  : type=1400 audit(0.0:9008): avc: denied { write } for comm="PhotonicModulat" name="stats_oppobackup" dev="proc" ino=4026534277 scontext=u:r:system_server:s0 tcontext=u:object_r:proc_qtaguid_stat:s0 tclass=file permissive=0
01-01 00:05:12.402062  1207  7830 I cpu     : [2,0,2,0,0,0]
01-01 00:05:13.957000  1207  1207 I auditd  : type=1400 audit(0.0:9009): avc: denied { write } for comm="PhotonicModulat" name="stats_oppobackup" dev="proc" ino=4026534277 scontext=u:r:system_server:s0 tcontext=u:object_r:proc_qtaguid_stat:s0 tclass=file permissive=0
01-01 00:05:17.159816  1207  1394 I commit_sys_config_file: [package-user-0,27]
01-01 00:05:18.217000  1207  1207 I auditd  : type=1400 audit(0.0:9010): avc: denied { write } for comm="PhotonicModulat" name="stats_oppobackup" dev="proc" ino=4026534277 scontext=u:r:system_server:s0 tcontext=u:object_r:proc_qtaguid_stat:s0 tclass=file permissive=0
01-01 00:05:20.721000  1207  1207 I auditd  : type=1400 audit(0.0:9011): avc: denied { write } for comm="watchdog" name="wakeup_sources" dev="debugfs" ino=1039 scontext=u:r:system_server:s0 tcontext=u:object_r:debugfs_wakeup_sources:s0 tclass=file permissive=0
01-01 00:05:21.505000  1207  1207 I auditd  : type=1400 audit(0.0:9012): avc: denied { write } for comm="PhotonicModulat" name="stats_oppobackup" dev="proc" ino=4026534277 scontext=u:r:system_server:s0 tcontext=u:object_r:proc_qtaguid_stat:s0 tclass=file permissive=0
01-01 00:05:32.359000  1207  1207 I chatty  : uid=1000 system_server identical 3 lines
01-01 00:05:34.835000  1207  1207 I auditd  : type=1400 audit(0.0:9016): avc: denied { write } for comm="PhotonicModulat" name="stats_oppobackup" dev="proc" ino=4026534277 scontext=u:r:system_server:s0 tcontext=u:object_r:proc_qtaguid_stat:s0 tclass=file permissive=0
01-01 00:05:37.549631  1207  1314 I am_pss  : [3289,1000,com.coloros.bootreg,32141312,23033856,0,0,0,11,17]
01-01 00:05:37.759770  1207  1207 I notification_enqueue: [1000,6605,com.oppo.logkit,2017,NULL,0,Notification(channel=null pri=2 contentView=null vibrate=null sound=null tick defaults=0x0 flags=0x22 color=0x00000000 vis=PRIVATE),1]
01-01 00:05:38.319000  1207  1207 I auditd  : type=1400 audit(0.0:9017): avc: denied { write } for comm="PhotonicModulat" name="stats_oppobackup" dev="proc" ino=4026534277 scontext=u:r:system_server:s0 tcontext=u:object_r:proc_qtaguid_stat:s0 tclass=file permissive=0
01-01 00:05:42.815660  1207  7838 I cpu     : [1,0,1,0,0,0]
01-01 00:05:46.451000  1207  1207 I auditd  : type=1400 audit(0.0:9020): avc: denied { write } for comm="PhotonicModulat" name="stats_oppobackup" dev="proc" ino=4026534277 scontext=u:r:system_server:s0 tcontext=u:object_r:proc_qtaguid_stat:s0 tclass=file permissive=0
01-01 00:05:49.731000  1207  1207 I auditd  : type=1400 audit(0.0:9021): avc: denied { write } for comm="PhotonicModulat" name="stats_oppobackup" dev="proc" ino=4026534277 scontext=u:r:system_server:s0 tcontext=u:object_r:proc_qtaguid_stat:s0 tclass=file permissive=0
01-01 00:05:50.731000  1207  1207 I auditd  : type=1400 audit(0.0:9022): avc: denied { write } for comm="watchdog" name="wakeup_sources" dev="debugfs" ino=1039 scontext=u:r:system_server:s0 tcontext=u:object_r:debugfs_wakeup_sources:s0 tclass=file permissive=0
01-01 00:05:53.523000  1207  1207 I auditd  : type=1400 audit(0.0:9023): avc: denied { write } for comm="PhotonicModulat" name="stats_oppobackup" dev="proc" ino=4026534277 scontext=u:r:system_server:s0 tcontext=u:object_r:proc_qtaguid_stat:s0 tclass=file permissive=0
01-01 00:06:09.231000  1207  1207 I chatty  : uid=1000 system_server identical 4 lines
01-01 00:06:12.179000  1207  1207 I auditd  : type=1400 audit(0.0:9028): avc: denied { write } for comm="PhotonicModulat" name="stats_oppobackup" dev="proc" ino=4026534277 scontext=u:r:system_server:s0 tcontext=u:object_r:proc_qtaguid_stat:s0 tclass=file permissive=0
01-01 00:06:13.019947  1207  7843 I cpu     : [1,0,1,0,0,0]
01-01 00:06:15.411000  1207  1207 I auditd  : type=1400 audit(0.0:9029): avc: denied { write } for comm="PhotonicModulat" name="stats_oppobackup" dev="proc" ino=4026534277 scontext=u:r:system_server:s0 tcontext=u:object_r:proc_qtaguid_stat:s0 tclass=file permissive=0
Some logs maybe lost due to logd socket disconnected!
Some logs maybe lost due to logd socket disconnected!
Some logs maybe lost due to logd socket disconnected!
Some logs maybe lost due to logd socket disconnected!
01-01 00:06:21.591000  1207  1207 I auditd  : type=1400 audit(0.0:9032): avc: denied { write } for comm="watchdog" name="wakeup_sources" dev="debugfs" ino=1039 scontext=u:r:system_server:s0 tcontext=u:object_r:debugfs_wakeup_sources:s0 tclass=file permissive=0
01-01 00:06:23.715000  4046  4046 I auditd  : type=1400 audit(0.0:9033): avc: denied { create } for comm="neo" name="neo.fifo" scontext=u:r:neo:s0 tcontext=u:object_r:neo_data_file:s0 tclass=fifo_file permissive=0
01-01 00:06:23.851000  1207  1207 I auditd  : type=1400 audit(0.0:9034): avc: denied { write } for comm="PhotonicModulat" name="stats_oppobackup" dev="proc" ino=4026534277 scontext=u:r:system_server:s0 tcontext=u:object_r:proc_qtaguid_stat:s0 tclass=file permissive=0
01-01 00:06:26.955118  1207  1322 I cpu     : [1,0,1,0,0,0]
01-01 00:06:27.206588  3289  3289 I am_on_restart_called: [0,com.coloros.bootreg.activity.WelcomePage,handleSleeping]
01-01 00:06:27.208963  1207  1386 I am_set_resumed_activity: [0,com.coloros.bootreg/.activity.WelcomePage,resumeTopActivityInnerLocked]
01-01 00:06:27.214187  3010  3010 I service_manager_stats: [200,187,300923]
01-01 00:06:27.216626  1207  1386 I am_resume_activity: [0,233966159,2,com.coloros.bootreg/.activity.WelcomePage]
01-01 00:06:27.228339  1207  2828 I screen_toggled: 1
01-01 00:06:27.228552  1207  2828 I power_screen_broadcast_send: 1
01-01 00:06:27.230840  3289  3289 I am_on_start_called: [0,com.coloros.bootreg.activity.WelcomePage,handleSleeping]
01-01 00:06:27.227000   625   625 I auditd  : type=1400 audit(0.0:9035): avc: denied { getattr } for comm="oiface@1.0-serv" path="/sys/devices/platform/charger/power_supply/ac/online" dev="sysfs" ino=38552 scontext=u:r:hal_oiface_oppo:s0 tcontext=u:object_r:sysfs_batteryinfo:s0 tclass=file permissive=0
01-01 00:06:27.231000   625   625 I auditd  : type=1400 audit(0.0:9036): avc: denied { getattr } for comm="oiface@1.0-serv" path="/sys/devices/platform/charger/power_supply/usb/online" dev="sysfs" ino=38577 scontext=u:r:hal_oiface_oppo:s0 tcontext=u:object_r:sysfs_batteryinfo:s0 tclass=file permissive=0
01-01 00:06:27.231000   625   625 I auditd  : type=1400 audit(0.0:9037): avc: denied { getattr } for comm="oiface@1.0-serv" path="/sys/devices/platform/charger/power_supply/battery/batt_rm" dev="sysfs" ino=38613 scontext=u:r:hal_oiface_oppo:s0 tcontext=u:object_r:sysfs_batteryinfo:s0 tclass=file permissive=0
01-01 00:06:27.243000  1207  1207 I auditd  : type=1400 audit(0.0:9038): avc: denied { search } for comm="Binder:1207_F" name="heaps" dev="debugfs" ino=7838 scontext=u:r:system_server:s0 tcontext=u:object_r:debugfs_ion_mm_heap:s0 tclass=dir permissive=0
01-01 00:06:27.247899  3289  3289 I am_on_resume_called: [0,com.coloros.bootreg.activity.WelcomePage,RESUME_ACTIVITY]
01-01 00:06:27.247000   625   625 I auditd  : type=1400 audit(0.0:9039): avc: denied { getattr } for comm="oiface@1.0-serv" path="/sys/devices/platform/charger/power_supply/ac/online" dev="sysfs" ino=38552 scontext=u:r:hal_oiface_oppo:s0 tcontext=u:object_r:sysfs_batteryinfo:s0 tclass=file permissive=0
01-01 00:06:27.247000   625   625 I auditd  : type=1400 audit(0.0:9040): avc: denied { getattr } for comm="oiface@1.0-serv" path="/sys/devices/platform/charger/power_supply/usb/online" dev="sysfs" ino=38577 scontext=u:r:hal_oiface_oppo:s0 tcontext=u:object_r:sysfs_batteryinfo:s0 tclass=file permissive=0
01-01 00:06:27.255890  1207  1314 I am_pss  : [7804,10076,com.oppo.market:dcs,15659008,7827456,0,0,0,18,6]
01-01 00:06:27.270664  1207  1353 I am_proc_start: [0,7851,1000,com.coloros.osecret,broadcast,com.coloros.osecret/.BootReceiver]
01-01 00:06:27.291000  7851  7851 I auditd  : type=1400 audit(0.0:9042): avc: denied { read } for comm="re-initialized>" name="u:object_r:mtk_amslog_prop:s0" dev="tmpfs" ino=12719 scontext=u:r:system_app:s0 tcontext=u:object_r:mtk_amslog_prop:s0 tclass=file permissive=0
01-01 00:06:27.297792  1207  1371 I am_proc_bound: [0,7851,com.coloros.osecret]
01-01 00:06:27.348517  1207  1207 I device_idle: [0,screen]
01-01 00:06:27.348571  1207  1207 I device_idle_light: [0,screen]
01-01 00:06:27.348736  1207  1314 I device_idle_off_start: screen
01-01 00:06:27.349014  1207  1314 I device_idle_off_complete: 
01-01 00:06:27.350708  1207  1207 I battery_saving_stats: [0,0,0,273856,0,0,273856,0,0]
01-01 00:06:27.382031  1207  1386 I sysui_multi_action: [757,198,758,1,759,0,1359,234]
01-01 00:06:27.382100  1207  1386 I power_screen_state: [1,0,0,0,234]
01-01 00:06:27.430604  1207  1220 I am_kill : [0,5344,com.google.process.gapps,906,empty #17]
01-01 00:06:27.452701  1207  1220 I am_proc_died: [0,5344,com.google.process.gapps,906,18]
01-01 00:06:27.503000  7890  7890 I auditd  : type=1400 audit(0.0:9043): avc: denied { read } for comm="sh" name="/" dev="dm-0" ino=2 scontext=u:r:system_app:s0 tcontext=u:object_r:rootfs:s0 tclass=dir permissive=0
01-01 00:06:27.528828  1207  2828 I power_screen_broadcast_done: [1,300,1]
01-01 00:06:27.587462  1207  1505 I commit_sys_config_file: [settings-1-0,6]
01-01 00:06:28.231575  1207  1219 I am_create_activity: [0,112765402,2,com.coloros.wirelesssettings/.OppoWirelessSettingsActivity,android.settings.WIFI_SETTINGS,NULL,NULL,75497472]
01-01 00:06:28.234423  1207  1219 I am_pause_activity: [0,233966159,com.coloros.bootreg/.activity.WelcomePage,userLeaving=true,resume-request]
01-01 00:06:28.251212  1207  4963 I configuration_changed: 4
01-01 00:06:28.303127  3289  3289 I am_on_paused_called: [0,com.coloros.bootreg.activity.WelcomePage,performPause]
01-01 00:06:28.322948  1207  4942 I am_restart_activity: [0,112765402,2,com.coloros.wirelesssettings/.OppoWirelessSettingsActivity]
01-01 00:06:28.327427  1207  4942 I am_set_resumed_activity: [0,com.coloros.wirelesssettings/.OppoWirelessSettingsActivity,minimalResumeActivityLocked]
01-01 00:06:28.327000  4046  4046 I auditd  : type=1400 audit(0.0:9044): avc: denied { read } for comm="neo-ns" name="kneuron_stat" dev="proc" ino=4026534378 scontext=u:r:neo:s0 tcontext=u:object_r:proc:s0 tclass=file permissive=0
01-01 00:06:28.339049  1207  2914 I commit_sys_config_file: [net-policy,5]
01-01 00:06:28.351000   625   625 I auditd  : type=1400 audit(0.0:9045): avc: denied { getattr } for comm="oiface@1.0-serv" path="/sys/devices/platform/charger/power_supply/ac/online" dev="sysfs" ino=38552 scontext=u:r:hal_oiface_oppo:s0 tcontext=u:object_r:sysfs_batteryinfo:s0 tclass=file permissive=0
01-01 00:06:28.355000   625   625 I auditd  : type=1400 audit(0.0:9047): avc: denied { getattr } for comm="oiface@1.0-serv" path="/sys/devices/platform/charger/power_supply/battery/batt_rm" dev="sysfs" ino=38613 scontext=u:r:hal_oiface_oppo:s0 tcontext=u:object_r:sysfs_batteryinfo:s0 tclass=file permissive=0
01-01 00:06:28.373917  1207  1353 I am_proc_start: [0,8027,1000,com.coloros.usbselection,broadcast,com.coloros.usbselection/.UsbStartReceiver]
01-01 00:06:28.381145  1207  1322 I sysui_count: [window_time_0,275]
01-01 00:06:28.381255  1207  1322 I sysui_multi_action: [757,803,799,window_time_0,802,275]
01-01 00:06:28.383666  1207  2733 I netstats_mobile_sample: [0,0,0,0,0,0,0,0,0,0,0,0,1546272388383]
01-01 00:06:28.383709  1207  2733 I netstats_wifi_sample: [0,0,0,0,0,0,0,0,0,0,0,0,1546272388383]
01-01 00:06:28.383000  8027  8027 I auditd  : type=1400 audit(0.0:9048): avc: denied { read } for comm="re-initialized>" name="u:object_r:mtk_amslog_prop:s0" dev="tmpfs" ino=12719 scontext=u:r:system_app:s0 tcontext=u:object_r:mtk_amslog_prop:s0 tclass=file permissive=0
01-01 00:06:28.403167  1207  5080 I am_proc_bound: [0,8027,com.coloros.usbselection]
01-01 00:06:28.452363  4213  4213 I am_on_create_called: [0,com.coloros.wirelesssettings.OppoWirelessSettingsActivity,performCreate]
01-01 00:06:28.478469  1207  1505 I commit_sys_config_file: [settings-1-0,17]
01-01 00:06:28.479499  1207  1207 I commit_sys_config_file: [notification-policy,6]
01-01 00:06:28.486584  1207  2914 I am_kill : [0,4831,com.google.android.partnersetup,906,empty #17]
01-01 00:06:28.496508  1207  1207 I commit_sys_config_file: [notification-policy,6]
01-01 00:06:28.496734  1207  1207 I notification_cancel_all: [1000,1207,com.android.systemui,0,0,0,17,NULL]
01-01 00:06:28.499725  1207  1352 I am_uid_running: 10091
01-01 00:06:28.503721  1207  1207 I commit_sys_config_file: [notification-policy,7]
01-01 00:06:28.512048  1207  1207 I commit_sys_config_file: [notification-policy,8]
01-01 00:06:28.521757  1207  1207 I commit_sys_config_file: [notification-policy,9]
01-01 00:06:28.548351  1207  8019 I am_proc_died: [0,4831,com.google.android.partnersetup,906,18]
01-01 00:06:28.548679  1207  8019 I am_uid_stopped: 10017
01-01 00:06:28.570129  1207  1353 I am_proc_start: [0,8058,10091,com.coloros.phonenoareainquire,broadcast,com.coloros.phonenoareainquire/.UpdateMultiLanguageUtils]
01-01 00:06:28.575000  8058  8058 I auditd  : type=1400 audit(0.0:9049): avc: denied { read } for comm="re-initialized>" name="u:object_r:mtk_amslog_prop:s0" dev="tmpfs" ino=12719 scontext=u:r:untrusted_app_27:s0:c512,c768 tcontext=u:object_r:mtk_amslog_prop:s0 tclass=file permissive=0
01-01 00:06:28.582089  1207  1207 I commit_sys_config_file: [notification-policy,9]
01-01 00:06:28.586160  1207  4501 I am_proc_bound: [0,8058,com.coloros.phonenoareainquire]
01-01 00:06:28.592864  1207  1352 I am_uid_running: 10061
01-01 00:06:28.593128  1207  1207 I commit_sys_config_file: [notification-policy,5]
01-01 00:06:28.594517  4213  4213 I am_on_start_called: [0,com.coloros.wirelesssettings.OppoWirelessSettingsActivity,handleStartActivity]
01-01 00:06:28.596959  4213  4213 I am_on_resume_called: [0,com.coloros.wirelesssettings.OppoWirelessSettingsActivity,RESUME_ACTIVITY]
01-01 00:06:28.599871  1207  1207 I commit_sys_config_file: [notification-policy,6]
01-01 00:06:28.608767  1207  1207 I commit_sys_config_file: [notification-policy,8]
01-01 00:06:28.614168  1207  1207 I commit_sys_config_file: [notification-policy,6]
01-01 00:06:28.621578  1207  1207 I commit_sys_config_file: [notification-policy,7]
01-01 00:06:28.635462  1207  1207 I commit_sys_config_file: [notification-policy,13]
01-01 00:06:28.639102  1207  1353 I am_proc_start: [0,8081,10061,com.coloros.providers.fileinfo,broadcast,com.coloros.providers.fileinfo/.receiver.DataUpdaterReceiver]
01-01 00:06:28.657755  1207  1207 I commit_sys_config_file: [notification-policy,22]
01-01 00:06:28.672660  1207  1207 I commit_sys_config_file: [notification-policy,15]
01-01 00:06:28.678981  1207  1207 I commit_sys_config_file: [notification-policy,5]
01-01 00:06:28.691577  1207  1207 I commit_sys_config_file: [notification-policy,12]
01-01 00:06:28.699000  8081  8081 I auditd  : type=1400 audit(0.0:9050): avc: denied { read } for comm="re-initialized>" name="u:object_r:mtk_amslog_prop:s0" dev="tmpfs" ino=12719 scontext=u:r:platform_app:s0:c512,c768 tcontext=u:object_r:mtk_amslog_prop:s0 tclass=file permissive=0
01-01 00:06:28.706862  1207  5094 I am_proc_bound: [0,8081,com.coloros.providers.fileinfo]
01-01 00:06:28.710896  1207  1207 I commit_sys_config_file: [notification-policy,15]
01-01 00:06:28.722603  1207  1207 I commit_sys_config_file: [notification-policy,12]
01-01 00:06:28.732572  1207  1352 I am_uid_running: 10037
01-01 00:06:28.743819  1207  1207 I commit_sys_config_file: [notification-policy,7]
01-01 00:06:28.755916  1207  1207 I commit_sys_config_file: [notification-policy,11]
01-01 00:06:28.767434  1207  1207 I commit_sys_config_file: [notification-policy,11]
01-01 00:06:28.775720  1207  1353 I am_proc_start: [0,8108,10037,com.coloros.smartdrive,broadcast,com.coloros.smartdrive/.Receiver]
01-01 00:06:28.779277  1207  1207 I commit_sys_config_file: [notification-policy,12]
01-01 00:06:28.793114  1207  1207 I commit_sys_config_file: [notification-policy,14]
01-01 00:06:28.795000  8108  8108 I auditd  : type=1400 audit(0.0:9051): avc: denied { read } for comm="re-initialized>" name="u:object_r:mtk_amslog_prop:s0" dev="tmpfs" ino=12719 scontext=u:r:priv_app:s0:c512,c768 tcontext=u:object_r:mtk_amslog_prop:s0 tclass=file permissive=0
01-01 00:06:28.800918  1207  1207 I commit_sys_config_file: [notification-policy,7]
01-01 00:06:28.804531  1207  8019 I am_proc_bound: [0,8108,com.coloros.smartdrive]
01-01 00:06:28.807014  1207  1207 I commit_sys_config_file: [notification-policy,6]
01-01 00:06:28.811549  1207  1207 I commit_sys_config_file: [notification-policy,4]
01-01 00:06:28.815706  1207  1207 I commit_sys_config_file: [notification-policy,4]
01-01 00:06:28.823760  1207  1207 I commit_sys_config_file: [notification-policy,6]
01-01 00:06:28.828955  1207  1207 I commit_sys_config_file: [notification-policy,5]
01-01 00:06:28.832832  1207  1207 I commit_sys_config_file: [notification-policy,3]
01-01 00:06:28.836914  1207  1207 I commit_sys_config_file: [notification-policy,4]
01-01 00:06:28.840641  1207  1505 I commit_sys_config_file: [settings-0-0,15]
01-01 00:06:28.842051  1207  1207 I commit_sys_config_file: [notification-policy,5]
01-01 00:06:28.842664  1207  1352 I am_uid_running: 10022
01-01 00:06:28.856206  3385  3725 I service_manager_stats: [100,114,270489]
01-01 00:06:28.865612  1207  1207 I commit_sys_config_file: [notification-policy,4]
01-01 00:06:28.870088  1207  1207 I commit_sys_config_file: [notification-policy,4]
01-01 00:06:28.870219  1207  1207 I notification_cancel_all: [1000,1207,android,0,0,0,17,NULL]
01-01 00:06:28.870276  1207  1207 I notification_cancel_all: [1000,1207,android,0,0,0,17,NULL]
01-01 00:06:28.874983  1207  1207 I commit_sys_config_file: [notification-policy,4]
01-01 00:06:28.875097  1207  1207 I notification_cancel_all: [1000,1207,android,0,0,0,17,NULL]
01-01 00:06:28.875155  1207  1207 I notification_cancel_all: [1000,1207,android,0,0,0,17,NULL]
01-01 00:06:28.879238  1207  1219 I am_uid_active: 10061
01-01 00:06:28.881272  1207  1207 I commit_sys_config_file: [notification-policy,6]
01-01 00:06:28.881415  1207  1207 I notification_cancel_all: [1000,1207,android,0,0,0,17,NULL]
01-01 00:06:28.883913  1207  1207 I chatty  : uid=1000 system_server identical 6 lines
01-01 00:06:28.883952  1207  1207 I notification_cancel_all: [1000,1207,android,0,0,0,17,NULL]
01-01 00:06:28.889417  1207  1207 I commit_sys_config_file: [notification-policy,6]
01-01 00:06:28.899798  1207  1353 I am_proc_start: [0,8134,10022,com.oppo.quicksearchbox,broadcast,com.oppo.quicksearchbox/.app_search.receiver.PackageChangeReceiver]
01-01 00:06:28.902475  1207  1207 I commit_sys_config_file: [notification-policy,13]
01-01 00:06:28.902685  1207  1207 I notification_cancel_all: [1000,1207,android,0,0,0,17,NULL]
01-01 00:06:28.904187  1207  1207 I chatty  : uid=1000 system_server identical 2 lines
01-01 00:06:28.904252  1207  1207 I notification_cancel_all: [1000,1207,android,0,0,0,17,NULL]
01-01 00:06:28.913958  1207  1207 I commit_sys_config_file: [notification-policy,9]
01-01 00:06:28.915000  8134  8134 I auditd  : type=1400 audit(0.0:9052): avc: denied { read } for comm="re-initialized>" name="u:object_r:mtk_amslog_prop:s0" dev="tmpfs" ino=12719 scontext=u:r:priv_app:s0:c512,c768 tcontext=u:object_r:mtk_amslog_prop:s0 tclass=file permissive=0
01-01 00:06:28.923659  1207  5095 I am_proc_bound: [0,8134,com.oppo.quicksearchbox]
01-01 00:06:28.924677  1207  1207 I commit_sys_config_file: [notification-policy,10]
01-01 00:06:28.936935  1207  1207 I commit_sys_config_file: [notification-policy,12]
01-01 00:06:28.943883  1207  1364 I am_activity_launch_time: [0,112765402,com.coloros.wirelesssettings/.OppoWirelessSettingsActivity,594,594]
01-01 00:06:28.954195  1207  1207 I commit_sys_config_file: [notification-policy,15]
01-01 00:06:28.970181  1207  1207 I commit_sys_config_file: [notification-policy,16]
01-01 00:06:28.978948  1207  1207 I commit_sys_config_file: [notification-policy,8]
01-01 00:06:28.994258  1207  1207 I commit_sys_config_file: [notification-policy,15]
01-01 00:06:29.000166  1207  1207 I commit_sys_config_file: [notification-policy,6]
01-01 00:06:29.009343  1207  1207 I commit_sys_config_file: [notification-policy,8]
01-01 00:06:29.016958  1207  1207 I commit_sys_config_file: [notification-policy,7]
01-01 00:06:29.039295  1207  1207 I commit_sys_config_file: [notification-policy,17]
01-01 00:06:29.046276  1207  1207 I commit_sys_config_file: [notification-policy,7]
01-01 00:06:29.072562  1207  1207 I commit_sys_config_file: [notification-policy,24]
01-01 00:06:29.079169  1207  1207 I commit_sys_config_file: [notification-policy,7]
01-01 00:06:29.086810  1207  1207 I commit_sys_config_file: [notification-policy,7]
01-01 00:06:29.092565  1207  1207 I commit_sys_config_file: [notification-policy,6]
01-01 00:06:29.100694  1207  1207 I commit_sys_config_file: [notification-policy,8]
01-01 00:06:29.118428  1207  1207 I commit_sys_config_file: [notification-policy,18]
01-01 00:06:29.178720  1207  1207 I commit_sys_config_file: [notification-policy,60]
01-01 00:06:29.198042  1207  1207 I commit_sys_config_file: [notification-policy,19]
01-01 00:06:29.209804  1207  1207 I commit_sys_config_file: [notification-policy,11]
01-01 00:06:29.219753  1207  1207 I commit_sys_config_file: [notification-policy,10]
01-01 00:06:29.235730  1207  1207 I commit_sys_config_file: [notification-policy,12]
01-01 00:06:29.245992  1207  1314 I sysui_multi_action: [319,714,322,707,325,384,757,761,758,8,759,2,806,com.coloros.wirelesssettings,871,com.coloros.wirelesssettings.OppoWirelessSettingsActivity,904,com.coloros.bootreg,905,0,1320,5,1321,1]
01-01 00:06:29.246965  1207  1207 I commit_sys_config_file: [notification-policy,10]
01-01 00:06:29.248848  1207  2925 I am_kill : [0,5365,com.google.process.gservices,906,empty #17]
01-01 00:06:29.275328  1207  1207 I commit_sys_config_file: [notification-policy,27]
01-01 00:06:29.295949  1207  1322 I am_stop_activity: [0,233966159,com.coloros.bootreg/.activity.WelcomePage]
01-01 00:06:29.298389  3289  3289 I am_on_stop_called: [0,com.coloros.bootreg.activity.WelcomePage,STOP_ACTIVITY_ITEM]
01-01 00:06:29.309785  1207  1207 I commit_sys_config_file: [notification-policy,6]
01-01 00:06:29.325673  1207  4963 I am_proc_died: [0,5365,com.google.process.gservices,906,18]
01-01 00:06:29.325902  1207  4963 I am_uid_stopped: 10013
01-01 00:06:29.325988  1207  1207 I commit_sys_config_file: [notification-policy,6]
01-01 00:06:29.332850  1207  1207 I chatty  : uid=1000 system_server identical 1 line
01-01 00:06:29.338548  1207  1207 I commit_sys_config_file: [notification-policy,6]
01-01 00:06:29.344919  1207  1207 I commit_sys_config_file: [notification-policy,4]
01-01 00:06:29.352342  1207  1207 I commit_sys_config_file: [notification-policy,8]
01-01 00:06:29.366379  1207  1207 I commit_sys_config_file: [notification-policy,10]
01-01 00:06:29.438216  1207  4501 I am_kill : [0,5328,com.google.process.gapps,906,empty #17]
01-01 00:06:29.486711  1207  5079 I am_proc_died: [0,5328,com.google.process.gapps,906,18]
01-01 00:06:29.486978  1207  5079 I am_uid_stopped: 10066
01-01 00:06:29.534252  4213  4213 I menu_item_selected: [0,]
01-01 00:06:29.544561  1207  5094 I am_create_activity: [0,92401578,2,com.coloros.bootreg/.activity.DataPage,com.coloros.bootreg.wlan.next,NULL,NULL,8388608]
01-01 00:06:29.547480  1207  5094 I am_pause_activity: [0,112765402,com.coloros.wirelesssettings/.OppoWirelessSettingsActivity,userLeaving=true,resume-request]
01-01 00:06:29.560150  4213  4213 I am_on_paused_called: [0,com.coloros.wirelesssettings.OppoWirelessSettingsActivity,performPause]
01-01 00:06:29.570140  1207  5079 I am_restart_activity: [0,92401578,2,com.coloros.bootreg/.activity.DataPage]
01-01 00:06:29.580619  1207  5079 I am_set_resumed_activity: [0,com.coloros.bootreg/.activity.DataPage,minimalResumeActivityLocked]
01-01 00:06:29.579000  4046  4046 I auditd  : type=1400 audit(0.0:9053): avc: denied { read } for comm="neo-ns" name="kneuron_stat" dev="proc" ino=4026534378 scontext=u:r:neo:s0 tcontext=u:object_r:proc:s0 tclass=file permissive=0
01-01 00:06:29.599000  1207  1207 I auditd  : type=1400 audit(0.0:9054): avc: denied { search } for comm="Binder:1207_14" name="heaps" dev="debugfs" ino=7838 scontext=u:r:system_server:s0 tcontext=u:object_r:debugfs_ion_mm_heap:s0 tclass=dir permissive=0
01-01 00:06:29.603524  1207  1322 I sysui_count: [window_time_0,1]
01-01 00:06:29.603627  1207  1322 I sysui_multi_action: [757,803,799,window_time_0,802,1]
01-01 00:06:29.607000   625   625 I auditd  : type=1400 audit(0.0:9055): avc: denied { getattr } for comm="oiface@1.0-serv" path="/sys/devices/platform/charger/power_supply/ac/online" dev="sysfs" ino=38552 scontext=u:r:hal_oiface_oppo:s0 tcontext=u:object_r:sysfs_batteryinfo:s0 tclass=file permissive=0
01-01 00:06:29.611000   625   625 I auditd  : type=1400 audit(0.0:9056): avc: denied { getattr } for comm="oiface@1.0-serv" path="/sys/devices/platform/charger/power_supply/usb/online" dev="sysfs" ino=38577 scontext=u:r:hal_oiface_oppo:s0 tcontext=u:object_r:sysfs_batteryinfo:s0 tclass=file permissive=0
01-01 00:06:29.654505  1207  2914 I am_create_activity: [0,100847379,2,com.coloros.bootreg/.activity.WlanAssistantPage,NULL,NULL,NULL,8388608]
01-01 00:06:29.656714  1207  2914 I am_pause_activity: [0,92401578,com.coloros.bootreg/.activity.DataPage,userLeaving=true,resume-request]
01-01 00:06:29.663561  1207  5079 I am_finish_activity: [0,92401578,2,com.coloros.bootreg/.activity.DataPage,app-request]
01-01 00:06:29.668220  3289  3289 I am_on_create_called: [0,com.coloros.bootreg.activity.DataPage,performCreate]
01-01 00:06:29.669431  1207  1322 I sysui_count: [window_time_0,1]
01-01 00:06:29.669601  1207  1322 I sysui_multi_action: [757,803,799,window_time_0,802,1]
01-01 00:06:29.679603  1207  2925 I am_restart_activity: [0,100847379,2,com.coloros.bootreg/.activity.WlanAssistantPage]
01-01 00:06:29.683128  1207  2925 I am_set_resumed_activity: [0,com.coloros.bootreg/.activity.WlanAssistantPage,minimalResumeActivityLocked]
01-01 00:06:29.694494  1207  1322 I sysui_count: [window_time_0,0]
01-01 00:06:29.694611  1207  1322 I sysui_multi_action: [757,803,799,window_time_0,802,0]
01-01 00:06:29.713985  3289  3289 I am_on_create_called: [0,com.coloros.bootreg.activity.WlanAssistantPage,performCreate]
01-01 00:06:29.715906  3289  3289 I am_on_start_called: [0,com.coloros.bootreg.activity.WlanAssistantPage,handleStartActivity]
01-01 00:06:29.716916  3289  3289 I am_on_resume_called: [0,com.coloros.bootreg.activity.WlanAssistantPage,RESUME_ACTIVITY]
01-01 00:06:29.764994  1207  1505 I commit_sys_config_file: [settings-0-0,5]
01-01 00:06:29.882765  1207  1220 I am_kill : [0,6399,com.mediatek.engineermode,906,empty #17]
01-01 00:06:29.893587  1207  1364 I am_activity_launch_time: [0,100847379,com.coloros.bootreg/.activity.WlanAssistantPage,200,313]
01-01 00:06:29.918693  1207  1314 I sysui_multi_action: [319,341,322,341,325,385,757,761,758,8,759,2,806,com.coloros.bootreg,871,com.coloros.bootreg.activity.WlanAssistantPage,904,com.coloros.bootreg,905,0,1320,5,1321,1]
01-01 00:06:29.922442  1207  1219 I am_proc_died: [0,6399,com.mediatek.engineermode,906,18]
01-01 00:06:30.225068  1207  1322 I am_destroy_activity: [0,92401578,2,com.coloros.bootreg/.activity.DataPage,finish-imm:activityIdleInternalLocked]
01-01 00:06:30.227263  3289  3289 I am_on_destroy_called: [0,com.coloros.bootreg.activity.DataPage,performDestroy]
