01-01 00:01:30.023160  1207  1505 I commit_sys_config_file: [settings-1-0,18]
01-01 00:01:30.094000   731   731 I auditd  : type=1400 audit(0.0:4435): avc: denied { read } for comm="Binder:731_2" name="u:object_r:vendor_default_prop:s0" dev="tmpfs" ino=12904 scontext=u:r:drmserver:s0 tcontext=u:object_r:vendor_default_prop:s0 tclass=file permissive=0
01-01 00:01:30.106404  1207  1374 I sysui_multi_action: [757,1243,758,4,806,com.coloros.calculator,1241,android.permission.READ_EXTERNAL_STORAGE]
01-01 00:01:30.098000   731   731 I auditd  : type=1400 audit(0.0:4436): avc: denied { read } for comm="Binder:731_2" name="u:object_r:vendor_default_prop:s0" dev="tmpfs" ino=12904 scontext=u:r:drmserver:s0 tcontext=u:object_r:vendor_default_prop:s0 tclass=file permissive=0
01-01 00:01:30.114000   741   741 I auditd  : type=1400 audit(0.0:4437): avc: denied { search } for comm="Binder:741_3" name="5396" dev="proc" ino=87695 scontext=u:r:mediaextractor:s0 tcontext=u:r:priv_app:s0:c512,c768 tclass=dir permissive=0
01-01 00:01:30.117477  1207  1207 I notification_cancel_all: [10075,4706,com.amap.android.location,0,0,64,9,NULL]
01-01 00:01:30.146000  1207  1207 I auditd  : type=1400 audit(0.0:4438): avc: denied { read } for comm="Thread-106" name="last_kmsg" dev="proc" ino=4026534220 scontext=u:r:system_server:s0 tcontext=u:object_r:proc_last_kmsg:s0 tclass=file permissive=0
01-01 00:01:30.162000  5442  5442 I auditd  : type=1400 audit(0.0:4439): avc: denied { read } for comm="re-initialized>" name="u:object_r:mtk_amslog_prop:s0" dev="tmpfs" ino=12719 scontext=u:r:system_app:s0 tcontext=u:object_r:mtk_amslog_prop:s0 tclass=file permissive=0
01-01 00:01:30.147276  1207  1353 I am_proc_start: [0,5442,1000,com.coloros.sau,broadcast,com.coloros.sau/.strategy.StrategyReceiver]
01-01 00:01:30.149953  1207  5436 I sysui_histogram: [boot_mount_all_duration_default,3018]
01-01 00:01:30.150012  1207  5436 I sysui_multi_action: [757,804,799,boot_mount_all_duration_default,801,3018,802,1]
01-01 00:01:30.150560  1207  5436 I sysui_histogram: [boot_fs_stat_cache,3]
01-01 00:01:30.150612  1207  5436 I sysui_multi_action: [757,804,799,boot_fs_stat_cache,801,3,802,1]
01-01 00:01:30.150688  1207  5436 I sysui_histogram: [boot_fs_stat_userdata,19]
01-01 00:01:30.150725  1207  5436 I sysui_multi_action: [757,804,799,boot_fs_stat_userdata,801,19,802,1]
01-01 00:01:30.150790  1207  5436 I sysui_histogram: [boot_fs_stat_protect1,3]
01-01 00:01:30.150824  1207  5436 I sysui_multi_action: [757,804,799,boot_fs_stat_protect1,801,3,802,1]
01-01 00:01:30.150886  1207  5436 I sysui_histogram: [boot_fs_stat_protect2,3]
01-01 00:01:30.150922  1207  5436 I sysui_multi_action: [757,804,799,boot_fs_stat_protect2,801,3,802,1]
01-01 00:01:30.150992  1207  5436 I sysui_histogram: [boot_fs_stat_nvdata,3]
01-01 00:01:30.151029  1207  5436 I sysui_multi_action: [757,804,799,boot_fs_stat_nvdata,801,3,802,1]
01-01 00:01:30.151093  1207  5436 I sysui_histogram: [boot_fs_stat_nvcfg,3]
01-01 00:01:30.151129  1207  5436 I sysui_multi_action: [757,804,799,boot_fs_stat_nvcfg,801,3,802,1]
01-01 00:01:30.151191  1207  5436 I sysui_histogram: [boot_fs_stat_persist,3]
01-01 00:01:30.151226  1207  5436 I sysui_multi_action: [757,804,799,boot_fs_stat_persist,801,3,802,1]
01-01 00:01:30.151381  1207  5436 I sysui_histogram: [boot_fs_stat_opporeserve2,1025]
01-01 00:01:30.151419  1207  5436 I sysui_multi_action: [757,804,799,boot_fs_stat_opporeserve2,801,1025,802,1]
01-01 00:01:30.155784  1207  5436 I commit_sys_config_file: [log-files,4]
01-01 00:01:30.179323  1207  2817 I am_proc_bound: [0,5442,com.coloros.sau]
01-01 00:01:30.197408  1207  1314 I service_manager_slow: [13,isub]
01-01 00:01:30.199731  1207  1374 I sysui_multi_action: [757,1243,758,4,806,com.coloros.calculator,1241,android.permission.WRITE_EXTERNAL_STORAGE]
01-01 00:01:30.207941  1207  1207 I notification_cancel_all: [10075,4706,com.amap.android.location,0,0,64,9,NULL]
01-01 00:01:30.250000   731   731 I auditd  : type=1400 audit(0.0:4440): avc: denied { read } for comm="Binder:731_2" name="u:object_r:vendor_default_prop:s0" dev="tmpfs" ino=12904 scontext=u:r:drmserver:s0 tcontext=u:object_r:vendor_default_prop:s0 tclass=file permissive=0
01-01 00:01:30.254000   731   731 I auditd  : type=1400 audit(0.0:4441): avc: denied { read } for comm="Binder:731_2" name="u:object_r:vendor_default_prop:s0" dev="tmpfs" ino=12904 scontext=u:r:drmserver:s0 tcontext=u:object_r:vendor_default_prop:s0 tclass=file permissive=0
01-01 00:01:30.274000   741   741 I auditd  : type=1400 audit(0.0:4442): avc: denied { search } for comm="Binder:741_3" name="5396" dev="proc" ino=87695 scontext=u:r:mediaextractor:s0 tcontext=u:r:priv_app:s0:c512,c768 tclass=dir permissive=0
01-01 00:01:30.341835  1207  1505 I commit_sys_config_file: [settings-1-0,85]
01-01 00:01:30.427546  1207  1314 I commit_sys_config_file: [package-perms-0,19]
01-01 00:01:30.430000   731   731 I auditd  : type=1400 audit(0.0:4443): avc: denied { read } for comm="drmserver" name="u:object_r:vendor_default_prop:s0" dev="tmpfs" ino=12904 scontext=u:r:drmserver:s0 tcontext=u:object_r:vendor_default_prop:s0 tclass=file permissive=0
01-01 00:01:30.434000   731   731 I auditd  : type=1400 audit(0.0:4444): avc: denied { read } for comm="drmserver" name="u:object_r:vendor_default_prop:s0" dev="tmpfs" ino=12904 scontext=u:r:drmserver:s0 tcontext=u:object_r:vendor_default_prop:s0 tclass=file permissive=0
01-01 00:01:30.450000   741   741 I auditd  : type=1400 audit(0.0:4445): avc: denied { search } for comm="Binder:741_3" name="5396" dev="proc" ino=87695 scontext=u:r:mediaextractor:s0 tcontext=u:r:priv_app:s0:c512,c768 tclass=dir permissive=0
01-01 00:01:30.520889  1207  1505 I commit_sys_config_file: [settings-1-0,16]
01-01 00:01:30.569008  1207  1325 I service_manager_stats: [100,127,7990]
01-01 00:01:30.582000  4944  4944 I auditd  : type=1400 audit(0.0:4446): avc: denied { read } for comm="Thread-6" name="anr" dev="sdc45" ino=786433 scontext=u:r:untrusted_app_25:s0:c512,c768 tcontext=u:object_r:anr_data_file:s0 tclass=dir permissive=0
01-01 00:01:30.586000   731   731 I auditd  : type=1400 audit(0.0:4447): avc: denied { read } for comm="Binder:731_2" name="u:object_r:vendor_default_prop:s0" dev="tmpfs" ino=12904 scontext=u:r:drmserver:s0 tcontext=u:object_r:vendor_default_prop:s0 tclass=file permissive=0
01-01 00:01:30.590000   731   731 I auditd  : type=1400 audit(0.0:4448): avc: denied { read } for comm="Binder:731_2" name="u:object_r:vendor_default_prop:s0" dev="tmpfs" ino=12904 scontext=u:r:drmserver:s0 tcontext=u:object_r:vendor_default_prop:s0 tclass=file permissive=0
01-01 00:01:30.618000   741   741 I auditd  : type=1400 audit(0.0:4449): avc: denied { search } for comm="Binder:741_1" name="5396" dev="proc" ino=87695 scontext=u:r:mediaextractor:s0 tcontext=u:r:priv_app:s0:c512,c768 tclass=dir permissive=0
01-01 00:01:30.757399  1207  1505 I commit_sys_config_file: [settings-1-0,4]
01-01 00:01:30.770525  1207  1363 I commit_sys_config_file: [jobs,8]
01-01 00:01:30.773456  1207  1353 I am_proc_start: [0,5519,1000,com.coloros.usbselection,broadcast,com.coloros.usbselection/.UsbStartReceiver]
01-01 00:01:30.778000   731   731 I auditd  : type=1400 audit(0.0:4450): avc: denied { read } for comm="drmserver" name="u:object_r:vendor_default_prop:s0" dev="tmpfs" ino=12904 scontext=u:r:drmserver:s0 tcontext=u:object_r:vendor_default_prop:s0 tclass=file permissive=0
01-01 00:01:30.782000   731   731 I auditd  : type=1400 audit(0.0:4451): avc: denied { read } for comm="drmserver" name="u:object_r:vendor_default_prop:s0" dev="tmpfs" ino=12904 scontext=u:r:drmserver:s0 tcontext=u:object_r:vendor_default_prop:s0 tclass=file permissive=0
01-01 00:01:30.786000  5519  5519 I auditd  : type=1400 audit(0.0:4452): avc: denied { read } for comm="re-initialized>" name="u:object_r:mtk_amslog_prop:s0" dev="tmpfs" ino=12719 scontext=u:r:system_app:s0 tcontext=u:object_r:mtk_amslog_prop:s0 tclass=file permissive=0
01-01 00:01:30.799160  1207  1220 I am_proc_bound: [0,5519,com.coloros.usbselection]
01-01 00:01:30.794000   741   741 I auditd  : type=1400 audit(0.0:4453): avc: denied { search } for comm="Binder:741_4" name="5396" dev="proc" ino=87695 scontext=u:r:mediaextractor:s0 tcontext=u:r:priv_app:s0:c512,c768 tclass=dir permissive=0
01-01 00:01:30.927775  1207  2817 I sysui_multi_action: [757,856,758,1,806,com.coloros.usbselection,857,ALR,858,2]
01-01 00:01:30.939679  1207  1207 I commit_sys_config_file: [notification-policy,11]
01-01 00:01:30.945622  1207  1368 I sysui_multi_action: [757,856,758,6,806,com.coloros.usbselection,857,ALR,858,2]
01-01 00:01:30.956572  1207  1207 I commit_sys_config_file: [notification-policy,9]
01-01 00:01:30.956779  1207  1207 I notification_cancel_all: [1000,5519,com.coloros.usbselection,0,0,64,9,NULL]
01-01 00:01:30.957151  1207  1368 I sysui_multi_action: [757,856,758,6,806,com.coloros.usbselection,857,ALR,858,2]
01-01 00:01:30.960452  1207  1374 I sysui_multi_action: [757,856,758,6,806,com.coloros.usbselection,857,ALR,858,2]
01-01 00:01:30.963112  1207  1374 I sysui_multi_action: [757,856,758,6,806,com.coloros.usbselection,857,ALR,858,2]
01-01 00:01:30.965949  1207  1207 I commit_sys_config_file: [notification-policy,9]
01-01 00:01:30.966999  1207  1374 I sysui_multi_action: [757,856,758,6,806,com.coloros.usbselection,857,ALR,858,2]
01-01 00:01:30.973467  1207  1207 I commit_sys_config_file: [notification-policy,7]
01-01 00:01:30.974941  1207  1220 I sysui_multi_action: [757,856,758,6,806,com.coloros.usbselection,857,ALR,858,2]
01-01 00:01:31.004623  1207  4501 I am_kill : [0,5519,com.coloros.usbselection,0,stop com.coloros.usbselection]
01-01 00:01:31.017396  1207  1505 I commit_sys_config_file: [settings-1-0,12]
01-01 00:01:31.042197  1207  1207 I commit_sys_config_file: [notification-policy,8]
01-01 00:01:31.094000   786   786 I auditd  : type=1400 audit(0.0:4454): avc: denied { read } for comm="mtk_agpsd" name="u:object_r:default_prop:s0" dev="tmpfs" ino=12659 scontext=u:r:mtk_agpsd:s0 tcontext=u:object_r:default_prop:s0 tclass=file permissive=0
01-01 00:01:31.136290  1207  1207 I notification_cancel_all: [1000,1207,com.coloros.usbselection,0,0,0,20,NULL]
01-01 00:01:31.140631  1207  1207 I commit_sys_config_file: [notification-policy,5]
01-01 00:01:31.217614  1207  1374 I am_uid_running: 10074
01-01 00:01:31.265362  1207  1505 I commit_sys_config_file: [settings-1-0,12]
01-01 00:01:31.276804  1207  1353 I am_proc_start: [0,5583,10074,com.mediatek.mtklogger,broadcast,com.mediatek.mtklogger/.framework.LogReceiver]
01-01 00:01:31.306000  5583  5583 I auditd  : type=1400 audit(0.0:4455): avc: denied { read } for comm="re-initialized>" name="u:object_r:mtk_amslog_prop:s0" dev="tmpfs" ino=12719 scontext=u:r:platform_app:s0:c512,c768 tcontext=u:object_r:mtk_amslog_prop:s0 tclass=file permissive=0
01-01 00:01:31.312395  1207  5095 I am_proc_bound: [0,5583,com.mediatek.mtklogger]
01-01 00:01:31.378000  5442  5442 I auditd  : type=1400 audit(0.0:4456): avc: denied { write } for comm="SAUAppService" name="system" dev="sdc45" ino=14450689 scontext=u:r:system_app:s0 tcontext=u:object_r:system_data_file:s0 tclass=dir permissive=0
01-01 00:01:31.429257  1207  5095 I am_uid_active: 10074
01-01 00:01:31.453573  1207  1374 I am_uid_running: 10024
01-01 00:01:31.473158  1207  1207 I notification_cancel_all: [1000,1207,com.mediatek.mtklogger,0,0,0,7,NULL]
01-01 00:01:31.478872  1207  1368 I sysui_multi_action: [757,856,758,1,806,com.mediatek.mtklogger,857,com.mediatek.mtklogger.notification,858,4]
01-01 00:01:31.481466  1207  1207 I commit_sys_config_file: [notification-policy,7]
01-01 00:01:31.489291  1207  1353 I am_proc_start: [0,5633,10024,com.android.mms,broadcast,com.android.mms/.transaction.MmsSystemEventReceiver]
01-01 00:01:31.489609  1207  1207 I commit_sys_config_file: [notification-policy,8]
01-01 00:01:31.511447  1207  5095 I sysui_multi_action: [757,856,758,6,806,com.mediatek.mtklogger,857,com.mediatek.mtklogger.notification,858,4]
01-01 00:01:31.517695  1207  4960 I sysui_multi_action: [757,856,758,6,806,com.mediatek.mtklogger,857,com.mediatek.mtklogger.notification,858,4]
01-01 00:01:31.520076  1207  1207 I commit_sys_config_file: [notification-policy,8]
01-01 00:01:31.522748  1207  2817 I sysui_multi_action: [757,856,758,6,806,com.mediatek.mtklogger,857,com.mediatek.mtklogger.notification,858,4]
01-01 00:01:31.525595  1207  1207 I commit_sys_config_file: [notification-policy,6]
01-01 00:01:31.525900  1207  5095 I sysui_multi_action: [757,856,758,6,806,com.mediatek.mtklogger,857,com.mediatek.mtklogger.notification,858,4]
01-01 00:01:31.529370  1207  5095 I sysui_multi_action: [757,856,758,6,806,com.mediatek.mtklogger,857,com.mediatek.mtklogger.notification,858,4]
01-01 00:01:31.537070  1207  4501 I sysui_multi_action: [757,856,758,6,806,com.mediatek.mtklogger,857,com.mediatek.mtklogger.notification,858,4]
01-01 00:01:31.538263  1207  1207 I commit_sys_config_file: [notification-policy,12]
01-01 00:01:31.546864  1207  1207 I commit_sys_config_file: [notification-policy,8]
01-01 00:01:31.551997  1207  1505 I commit_sys_config_file: [settings-1-0,46]
01-01 00:01:31.552419  1207  1207 I commit_sys_config_file: [notification-policy,5]
01-01 00:01:31.558000  5633  5633 I auditd  : type=1400 audit(0.0:4457): avc: denied { read } for comm="re-initialized>" name="u:object_r:mtk_amslog_prop:s0" dev="tmpfs" ino=12719 scontext=u:r:priv_app:s0:c512,c768 tcontext=u:object_r:mtk_amslog_prop:s0 tclass=file permissive=0
01-01 00:01:31.571947  1207  1374 I am_proc_bound: [0,5633,com.android.mms]
01-01 00:01:31.606597  1207  1207 I notification_cancel_all: [1000,1207,com.mediatek.mtklogger,0,0,0,7,NULL]
01-01 00:01:31.612080  1207  1207 I commit_sys_config_file: [notification-policy,5]
01-01 00:01:31.616239  1207  1207 I notification_cancel_all: [1000,1207,com.mediatek.mtklogger,0,0,0,7,NULL]
01-01 00:01:31.624766  1207  1207 I commit_sys_config_file: [notification-policy,8]
01-01 00:01:31.682272  1207  1207 I notification_cancel_all: [1000,1207,com.mediatek.mtklogger,0,0,0,7,NULL]
01-01 00:01:31.695489  1207  1207 I commit_sys_config_file: [notification-policy,8]
01-01 00:01:31.773213  1207  1505 I commit_sys_config_file: [settings-1-0,19]
01-01 00:01:31.782000  5442  5442 I auditd  : type=1400 audit(0.0:4458): avc: denied { write } for comm="SAUAppService" name="system" dev="sdc45" ino=14450689 scontext=u:r:system_app:s0 tcontext=u:object_r:system_data_file:s0 tclass=dir permissive=0
01-01 00:01:31.972113  1207  1353 I am_proc_start: [0,5713,10024,com.android.mms:mms_service,service,com.android.mms/com.suntek.mway.rcs.app.service.impl.ServiceApiBinder]
01-01 00:01:31.982000  5713  5713 I auditd  : type=1400 audit(0.0:4459): avc: denied { read } for comm="re-initialized>" name="u:object_r:mtk_amslog_prop:s0" dev="tmpfs" ino=12719 scontext=u:r:priv_app:s0:c512,c768 tcontext=u:object_r:mtk_amslog_prop:s0 tclass=file permissive=0
01-01 00:01:31.991992  1207  1374 I am_proc_bound: [0,5713,com.android.mms:mms_service]
01-01 00:01:32.037792  1207  1505 I commit_sys_config_file: [settings-1-0,29]
01-01 00:01:32.069273  1207  1505 I commit_sys_config_file: [settings-3-0,23]
01-01 00:01:32.155160  1207  3089 I sysui_multi_action: [757,856,758,1,806,com.android.mms,857,message_notification_channel_id_1,858,4]
01-01 00:01:32.163619  1207  1207 I commit_sys_config_file: [notification-policy,8]
01-01 00:01:32.184259  1207  5074 I sysui_multi_action: [757,856,758,6,806,com.android.mms,857,message_notification_channel_id_1,858,4]
01-01 00:01:32.185560  1207  2925 I sysui_multi_action: [757,856,758,6,806,com.android.mms,857,message_notification_channel_id_1,858,4]
01-01 00:01:32.187378  1207  2925 I sysui_multi_action: [757,856,758,6,806,com.android.mms,857,message_notification_channel_id_1,858,4]
01-01 00:01:32.189211  1207  3132 I sysui_multi_action: [757,856,758,6,806,com.android.mms,857,message_notification_channel_id_1,858,4]
01-01 00:01:32.192273  1207  3132 I sysui_multi_action: [757,856,758,6,806,com.android.mms,857,message_notification_channel_id_1,858,4]
01-01 00:01:32.202702  1207  1207 I commit_sys_config_file: [notification-policy,19]
01-01 00:01:32.214140  1207  1207 I commit_sys_config_file: [notification-policy,11]
01-01 00:01:32.226965  1207  1207 I commit_sys_config_file: [notification-policy,13]
01-01 00:01:32.254000   731   731 I auditd  : type=1400 audit(0.0:4460): avc: denied { read } for comm="Binder:731_1" name="u:object_r:vendor_default_prop:s0" dev="tmpfs" ino=12904 scontext=u:r:drmserver:s0 tcontext=u:object_r:vendor_default_prop:s0 tclass=file permissive=0
01-01 00:01:32.262000   731   731 I auditd  : type=1400 audit(0.0:4461): avc: denied { read } for comm="Binder:731_1" name="u:object_r:vendor_default_prop:s0" dev="tmpfs" ino=12904 scontext=u:r:drmserver:s0 tcontext=u:object_r:vendor_default_prop:s0 tclass=file permissive=0
01-01 00:01:32.269544  1207  1505 I commit_sys_config_file: [settings-1-0,17]
01-01 00:01:32.274000   741   741 I auditd  : type=1400 audit(0.0:4462): avc: denied { search } for comm="Binder:741_2" name="5633" dev="proc" ino=91197 scontext=u:r:mediaextractor:s0 tcontext=u:r:priv_app:s0:c512,c768 tclass=dir permissive=0
01-01 00:01:32.417433  1207  1353 I am_proc_start: [0,5797,1000,com.coloros.activation,broadcast,com.coloros.activation/.BootReceiver]
01-01 00:01:32.438000  5797  5797 I auditd  : type=1400 audit(0.0:4463): avc: denied { read } for comm="re-initialized>" name="u:object_r:mtk_amslog_prop:s0" dev="tmpfs" ino=12719 scontext=u:r:system_app:s0 tcontext=u:object_r:mtk_amslog_prop:s0 tclass=file permissive=0
01-01 00:01:32.455702  5797  5797 I service_manager_slow: [11,activity]
01-01 00:01:32.469315  1207  2925 I am_proc_bound: [0,5797,com.coloros.activation]
01-01 00:01:32.518161  1207  1505 I commit_sys_config_file: [settings-1-0,13]
01-01 00:01:32.542000  5824  5824 I auditd  : type=1400 audit(0.0:4464): avc: denied { read } for comm="logcat" path="/proc/kmsg" dev="proc" ino=4026532103 scontext=u:r:dumpstate:s0 tcontext=u:object_r:proc_kmsg:s0 tclass=file permissive=0
01-01 00:01:32.576904  1207  5074 I am_uid_running: 10014
01-01 00:01:32.602348  1207  1505 I commit_sys_config_file: [settings-2-0,21]
01-01 00:01:32.607488  1207  1353 I am_proc_start: [0,5832,10014,com.coloros.browser:mcs,broadcast,com.coloros.browser/com.nearme.mcs.reciever.AlarmEventReceiver]
01-01 00:01:32.621733  1207  1505 I commit_sys_config_file: [settings-0-0,19]
01-01 00:01:32.618000  5832  5832 I auditd  : type=1400 audit(0.0:4481): avc: denied { read } for comm="re-initialized>" name="u:object_r:mtk_amslog_prop:s0" dev="tmpfs" ino=12719 scontext=u:r:priv_app:s0:c512,c768 tcontext=u:object_r:mtk_amslog_prop:s0 tclass=file permissive=0
01-01 00:01:32.629802  1207  4500 I am_proc_bound: [0,5832,com.coloros.browser:mcs]
01-01 00:01:32.737618  1207  1505 I commit_sys_config_file: [settings-1-0,9]
01-01 00:01:32.863714  1207  1353 I am_proc_start: [0,5867,10014,com.coloros.browser,broadcast,com.coloros.browser/com.oppo.browser.mcs.BrowserMCSMessageReceiver]
01-01 00:01:32.878000  5867  5867 I auditd  : type=1400 audit(0.0:4482): avc: denied { read } for comm="re-initialized>" name="u:object_r:mtk_amslog_prop:s0" dev="tmpfs" ino=12719 scontext=u:r:priv_app:s0:c512,c768 tcontext=u:object_r:mtk_amslog_prop:s0 tclass=file permissive=0
01-01 00:01:32.890047  1207  3132 I am_proc_bound: [0,5867,com.coloros.browser]
01-01 00:01:32.934086  1207  3132 I am_proc_died: [0,5832,com.coloros.browser:mcs,900,18]
01-01 00:01:32.958562  1207  1505 I commit_sys_config_file: [settings-1-0,6]
01-01 00:01:33.068845  1207  1353 I am_proc_start: [0,5900,10014,com.coloros.browser:GuardService,content provider,com.coloros.browser/com.qihoo360.replugin.component.process.ProcessPitProviderPersist]
01-01 00:01:33.074000  5900  5900 I auditd  : type=1400 audit(0.0:4483): avc: denied { read } for comm="re-initialized>" name="u:object_r:mtk_amslog_prop:s0" dev="tmpfs" ino=12719 scontext=u:r:priv_app:s0:c512,c768 tcontext=u:object_r:mtk_amslog_prop:s0 tclass=file permissive=0
01-01 00:01:33.082416  1207  2925 I am_proc_bound: [0,5900,com.coloros.browser:GuardService]
01-01 00:01:33.176263  1207  1505 I commit_sys_config_file: [settings-1-0,7]
01-01 00:01:33.426856  1207  1505 I commit_sys_config_file: [settings-1-0,6]
01-01 00:01:33.438805  1207  2925 I sysui_multi_action: [757,856,758,1,806,com.coloros.browser,857,default,858,4]
01-01 00:01:33.444851  1207  1207 I commit_sys_config_file: [notification-policy,6]
01-01 00:01:33.450597  1207  2925 I sysui_multi_action: [757,856,758,6,806,com.coloros.browser,857,default,858,4]
01-01 00:01:33.453488  1207  2925 I sysui_multi_action: [757,856,758,6,806,com.coloros.browser,857,default,858,4]
01-01 00:01:33.455130  1207  1219 I sysui_multi_action: [757,856,758,6,806,com.coloros.browser,857,default,858,4]
01-01 00:01:33.457111  1207  1207 I commit_sys_config_file: [notification-policy,6]
01-01 00:01:33.457595  1207  1219 I sysui_multi_action: [757,856,758,6,806,com.coloros.browser,857,default,858,4]
01-01 00:01:33.461134  1207  1207 I commit_sys_config_file: [notification-policy,4]
01-01 00:01:33.461494  1207  2925 I sysui_multi_action: [757,856,758,6,806,com.coloros.browser,857,default,858,4]
01-01 00:01:33.463844  1207  2925 I sysui_multi_action: [757,856,758,6,806,com.coloros.browser,857,default,858,4]
01-01 00:01:33.465147  1207  1207 I commit_sys_config_file: [notification-policy,4]
01-01 00:01:33.465942  1207  1219 I sysui_multi_action: [757,856,758,6,806,com.coloros.browser,857,default,858,4]
01-01 00:01:33.468528  1207  2925 I sysui_multi_action: [757,856,758,6,806,com.coloros.browser,857,default,858,4]
01-01 00:01:33.472008  1207  1207 I commit_sys_config_file: [notification-policy,7]
01-01 00:01:33.478663  1207  1207 I commit_sys_config_file: [notification-policy,6]
01-01 00:01:33.500796  1207  1219 I am_uid_running: 10076
01-01 00:01:33.518710  1207  1353 I am_proc_start: [0,5955,10076,com.oppo.market,content provider,com.oppo.market/com.oppo.oaps.host.b]
01-01 00:01:33.530000  5955  5955 I auditd  : type=1400 audit(0.0:4484): avc: denied { read } for comm="re-initialized>" name="u:object_r:mtk_amslog_prop:s0" dev="tmpfs" ino=12719 scontext=u:r:untrusted_app_27:s0:c512,c768 tcontext=u:object_r:mtk_amslog_prop:s0 tclass=file permissive=0
01-01 00:01:33.537989  1207  5074 I am_proc_bound: [0,5955,com.oppo.market]
01-01 00:01:33.583246  1207  1352 I am_uid_running: 10052
01-01 00:01:33.602829  1207  1353 I am_proc_start: [0,5976,10052,com.coloros.cloud,broadcast,com.coloros.cloud/.receiver.SyncDataChangedReceiver]
01-01 00:01:33.618000  5976  5976 I auditd  : type=1400 audit(0.0:4485): avc: denied { read } for comm="re-initialized>" name="u:object_r:mtk_amslog_prop:s0" dev="tmpfs" ino=12719 scontext=u:r:platform_app:s0:c512,c768 tcontext=u:object_r:mtk_amslog_prop:s0 tclass=file permissive=0
01-01 00:01:33.623883  1207  2925 I am_proc_bound: [0,5976,com.coloros.cloud]
01-01 00:01:33.676984  1207  1505 I commit_sys_config_file: [settings-1-0,6]
01-01 00:01:33.693126  1207  1505 I commit_sys_config_file: [settings-3-0,4]
01-01 00:01:33.728902  1207  3132 I sysui_multi_action: [757,856,758,1,806,com.coloros.cloud,857,CHANNEL_ID_SYNC,858,3]
01-01 00:01:33.729901  1207  3132 I sysui_multi_action: [757,856,758,1,806,com.coloros.cloud,857,CHANNEL_ID_TIPS,858,3]
01-01 00:01:33.731796  1207  2925 I sysui_multi_action: [757,856,758,1,806,com.coloros.cloud,857,CHANNEL_ID_INVITE,858,4]
01-01 00:01:33.736369  1207  1207 I commit_sys_config_file: [notification-policy,7]
01-01 00:01:33.741595  1207  1207 I commit_sys_config_file: [notification-policy,5]
01-01 00:01:33.744217  1207  4959 I am_uid_running: 10092
01-01 00:01:33.749136  1207  1219 I sysui_multi_action: [757,856,758,6,806,com.coloros.cloud,857,CHANNEL_ID_SYNC,858,3]
01-01 00:01:33.759102  1207  1207 I commit_sys_config_file: [notification-policy,10]
01-01 00:01:33.761026  1207  5074 I sysui_multi_action: [757,856,758,6,806,com.coloros.cloud,857,CHANNEL_ID_SYNC,858,3]
01-01 00:01:33.761159  1207  4960 I sysui_multi_action: [757,856,758,6,806,com.coloros.cloud,857,CHANNEL_ID_TIPS,858,3]
01-01 00:01:33.761613  1207  1219 I sysui_multi_action: [757,856,758,6,806,com.coloros.cloud,857,CHANNEL_ID_INVITE,858,4]
01-01 00:01:33.765244  1207  5074 I sysui_multi_action: [757,856,758,6,806,com.coloros.cloud,857,CHANNEL_ID_SYNC,858,3]
01-01 00:01:33.767608  1207  3132 I sysui_multi_action: [757,856,758,6,806,com.coloros.cloud,857,CHANNEL_ID_TIPS,858,3]
01-01 00:01:33.767608  1207  5074 I sysui_multi_action: [757,856,758,6,806,com.coloros.cloud,857,CHANNEL_ID_TIPS,858,3]
01-01 00:01:33.767794  1207  1207 I commit_sys_config_file: [notification-policy,6]
01-01 00:01:33.768645  1207  3132 I sysui_multi_action: [757,856,758,6,806,com.coloros.cloud,857,CHANNEL_ID_SYNC,858,3]
01-01 00:01:33.769267  1207  5074 I sysui_multi_action: [757,856,758,6,806,com.coloros.cloud,857,CHANNEL_ID_SYNC,858,3]
01-01 00:01:33.771458  1207  4960 I sysui_multi_action: [757,856,758,6,806,com.coloros.cloud,857,CHANNEL_ID_SYNC,858,3]
01-01 00:01:33.771667  1207  3132 I sysui_multi_action: [757,856,758,6,806,com.coloros.cloud,857,CHANNEL_ID_SYNC,858,3]
01-01 00:01:33.772146  1207  4500 I sysui_multi_action: [757,856,758,6,806,com.coloros.cloud,857,CHANNEL_ID_TIPS,858,3]
01-01 00:01:33.772654  1207  1219 I sysui_multi_action: [757,856,758,6,806,com.coloros.cloud,857,CHANNEL_ID_INVITE,858,4]
01-01 00:01:33.773745  1207  4960 I sysui_multi_action: [757,856,758,6,806,com.coloros.cloud,857,CHANNEL_ID_SYNC,858,3]
01-01 00:01:33.774018  1207  1207 I commit_sys_config_file: [notification-policy,6]
01-01 00:01:33.774032  1207  4500 I sysui_multi_action: [757,856,758,6,806,com.coloros.cloud,857,CHANNEL_ID_TIPS,858,3]
01-01 00:01:33.776458  1207  4500 I sysui_multi_action: [757,856,758,6,806,com.coloros.cloud,857,CHANNEL_ID_TIPS,858,3]
01-01 00:01:33.777947  1207  1219 I sysui_multi_action: [757,856,758,6,806,com.coloros.cloud,857,CHANNEL_ID_INVITE,858,4]
01-01 00:01:33.778574  1207  1219 I sysui_multi_action: [757,856,758,6,806,com.coloros.cloud,857,CHANNEL_ID_TIPS,858,3]
01-01 00:01:33.780629  1207  4500 I sysui_multi_action: [757,856,758,6,806,com.coloros.cloud,857,CHANNEL_ID_INVITE,858,4]
01-01 00:01:33.784843  1207  1374 I sysui_multi_action: [757,856,758,6,806,com.coloros.cloud,857,CHANNEL_ID_INVITE,858,4]
01-01 00:01:33.786686  1207  1219 I sysui_multi_action: [757,856,758,6,806,com.coloros.cloud,857,CHANNEL_ID_INVITE,858,4]
01-01 00:01:33.792815  1207  1207 I commit_sys_config_file: [notification-policy,19]
01-01 00:01:33.794943  1207  1353 I am_proc_start: [0,6018,10092,com.oppo.usercenter,content provider,com.oppo.usercenter/.common.db.UserCenterContentProvider]
01-01 00:01:33.801104  1207  1207 I commit_sys_config_file: [notification-policy,8]
01-01 00:01:33.807997  1207  1207 I commit_sys_config_file: [notification-policy,7]
01-01 00:01:33.810000  6018  6018 I auditd  : type=1400 audit(0.0:4486): avc: denied { read } for comm="re-initialized>" name="u:object_r:mtk_amslog_prop:s0" dev="tmpfs" ino=12719 scontext=u:r:untrusted_app_27:s0:c512,c768 tcontext=u:object_r:mtk_amslog_prop:s0 tclass=file permissive=0
01-01 00:01:33.819433  1207  1374 I am_proc_bound: [0,6018,com.oppo.usercenter]
01-01 00:01:33.925900  1207  1505 I commit_sys_config_file: [settings-2-0,9]
01-01 00:01:33.931152  1207  3132 I am_uid_running: 10030
01-01 00:01:33.933183  1207  1505 I commit_sys_config_file: [settings-1-0,7]
01-01 00:01:33.946149  1207  1353 I am_proc_start: [0,6057,10030,com.coloros.gallery3d,content provider,com.coloros.gallery3d/com.oppo.gallery3d.provider.RecycleProvider]
01-01 00:01:33.958000  6057  6057 I auditd  : type=1400 audit(0.0:4487): avc: denied { read } for comm="re-initialized>" name="u:object_r:mtk_amslog_prop:s0" dev="tmpfs" ino=12719 scontext=u:r:priv_app:s0:c512,c768 tcontext=u:object_r:mtk_amslog_prop:s0 tclass=file permissive=0
01-01 00:01:33.968381  1207  1219 I am_proc_bound: [0,6057,com.coloros.gallery3d]
01-01 00:01:34.078156  1207  4942 I am_uid_active: 10092
01-01 00:01:34.078317  1207  4942 I am_uid_active: 10052
01-01 00:01:34.078392  1207  4942 I am_uid_active: 10030
01-01 00:01:34.105197  1207  1394 I commit_sys_config_file: [package-user-0,6]
01-01 00:01:34.112679  1207  1394 I commit_sys_config_file: [package-user-0,6]
01-01 00:01:34.193855  1207  1505 I commit_sys_config_file: [settings-1-0,25]
01-01 00:01:34.278282  1207  1505 I commit_sys_config_file: [settings-0-0,13]
01-01 00:01:34.426907  1207  1505 I commit_sys_config_file: [settings-1-0,6]
01-01 00:01:34.673118  1207  1505 I commit_sys_config_file: [settings-1-0,4]
01-01 00:01:34.807798  1207  1207 I notification_enqueue: [10014,5867,com.coloros.browser,0,BootPush-1,0,Notification(channel=default pri=2 contentView=null vibrate=null sound=null tick defaults=0x0 flags=0x10 color=0x00000000 groupKey=BootPush-1 vis=PRIVATE),0]
01-01 00:01:34.848219  1207  1353 I am_proc_start: [0,6145,1000,com.coloros.childrenspace,broadcast,com.coloros.childrenspace/.controller.ChildrenReceiver]
01-01 00:01:34.866000  6145  6145 I auditd  : type=1400 audit(0.0:4488): avc: denied { read } for comm="re-initialized>" name="u:object_r:mtk_amslog_prop:s0" dev="tmpfs" ino=12719 scontext=u:r:system_app:s0 tcontext=u:object_r:mtk_amslog_prop:s0 tclass=file permissive=0
01-01 00:01:34.871519  1207  4959 I am_proc_bound: [0,6145,com.coloros.childrenspace]
01-01 00:01:34.927751  1207  1505 I commit_sys_config_file: [settings-1-0,7]
01-01 00:01:34.962167  1207  3132 I am_proc_died: [0,6145,com.coloros.childrenspace,0,10]
01-01 00:01:34.962329  1207  3132 I am_broadcast_discard_app: [0,57119627,android.intent.action.BOOT_COMPLETED,50,ResolveInfo{d0f51eb com.coloros.childrenspace/.controller.ChildrenReceiver m=0x108000}]
01-01 00:01:34.995994  1207  1353 I am_proc_start: [0,6168,1000,com.coloros.osecret,broadcast,com.coloros.osecret/.BootReceiver]
01-01 00:01:35.014000  6168  6168 I auditd  : type=1400 audit(0.0:4489): avc: denied { read } for comm="re-initialized>" name="u:object_r:mtk_amslog_prop:s0" dev="tmpfs" ino=12719 scontext=u:r:system_app:s0 tcontext=u:object_r:mtk_amslog_prop:s0 tclass=file permissive=0
01-01 00:01:35.022006  1207  1374 I am_proc_bound: [0,6168,com.coloros.osecret]
01-01 00:01:35.038000  4978  4978 I auditd  : type=1400 audit(0.0:4490): avc: denied { search } for comm="Thread-4" name="/" dev="bpf" ino=1 scontext=u:r:system_app:s0 tcontext=u:object_r:fs_bpf:s0 tclass=dir permissive=0
01-01 00:01:35.080368  1207  3132 I am_uid_running: 10061
01-01 00:01:35.084947  1207  1219 I am_uid_running: 10072
01-01 00:01:35.105283  1207  1353 I am_proc_start: [0,6190,10061,com.coloros.providers.fileinfo,broadcast,com.coloros.providers.fileinfo/.receiver.DataUpdaterReceiver]
01-01 00:01:35.118797  1207  1353 I am_proc_start: [0,6195,10072,com.nearme.instant.platform:provider,content provider,com.nearme.instant.platform/.setting.db.InstantProvider]
01-01 00:01:35.126000  1207  1207 I auditd  : type=1400 audit(0.0:4491): avc: denied { read } for comm="system_server" name="u:object_r:exported_wifi_prop:s0" dev="tmpfs" ino=12690 scontext=u:r:system_server:s0 tcontext=u:object_r:exported_wifi_prop:s0 tclass=file permissive=0
01-01 00:01:35.126000  6190  6190 I auditd  : type=1400 audit(0.0:4492): avc: denied { read } for comm="re-initialized>" name="u:object_r:mtk_amslog_prop:s0" dev="tmpfs" ino=12719 scontext=u:r:platform_app:s0:c512,c768 tcontext=u:object_r:mtk_amslog_prop:s0 tclass=file permissive=0
01-01 00:01:35.135687  1207  3132 I am_proc_bound: [0,6190,com.coloros.providers.fileinfo]
01-01 00:01:35.146000  6195  6195 I auditd  : type=1400 audit(0.0:4493): avc: denied { read } for comm="re-initialized>" name="u:object_r:mtk_amslog_prop:s0" dev="tmpfs" ino=12719 scontext=u:r:untrusted_app_25:s0:c512,c768 tcontext=u:object_r:mtk_amslog_prop:s0 tclass=file permissive=0
01-01 00:01:35.152048  1207  3132 I am_proc_bound: [0,6195,com.nearme.instant.platform:provider]
01-01 00:01:35.155085  1207  3132 I am_uid_active: 10072
01-01 00:01:35.179959  1207  1505 I commit_sys_config_file: [settings-1-0,11]
01-01 00:01:35.185505  1207  1314 I am_pss  : [3289,1000,com.coloros.bootreg,47751168,38516736,0,0,0,2,8]
01-01 00:01:35.243018  1207  5074 I am_uid_active: 10061
01-01 00:01:35.248999  1207  3132 I sysui_multi_action: [757,856,758,1,806,com.coloros.providers.fileinfo,857,Foreground Service,858,4]
01-01 00:01:35.249486  1207  5074 I am_uid_running: 10095
01-01 00:01:35.265191  3867  3867 I service_manager_stats: [160,131,11932]
01-01 00:01:35.271061  1207  4942 I sysui_multi_action: [757,856,758,6,806,com.coloros.providers.fileinfo,857,Foreground Service,858,4]
01-01 00:01:35.279461  1207  5074 I sysui_multi_action: [757,856,758,6,806,com.coloros.providers.fileinfo,857,Foreground Service,858,4]
01-01 00:01:35.286316  1207  3132 I sysui_multi_action: [757,856,758,6,806,com.coloros.providers.fileinfo,857,Foreground Service,858,4]
01-01 00:01:35.291731  1207  4942 I sysui_multi_action: [757,856,758,6,806,com.coloros.providers.fileinfo,857,Foreground Service,858,4]
01-01 00:01:35.292638  1207  4959 I sysui_multi_action: [757,856,758,6,806,com.coloros.providers.fileinfo,857,Foreground Service,858,4]
01-01 00:01:35.293967  1207  3132 I sysui_multi_action: [757,856,758,6,806,com.coloros.providers.fileinfo,857,Foreground Service,858,4]
01-01 00:01:35.296305  1207  5074 I sysui_multi_action: [757,856,758,6,806,com.coloros.providers.fileinfo,857,Foreground Service,858,4]
01-01 00:01:35.298902  1207  4500 I sysui_multi_action: [757,856,758,6,806,com.coloros.providers.fileinfo,857,Foreground Service,858,4]
01-01 00:01:35.318173  1207  1353 I am_proc_start: [0,6247,10095,com.coloros.regservice,broadcast,com.coloros.regservice/com.dmyk.android.telephony.OppoReceiver]
01-01 00:01:35.338000  6247  6247 I auditd  : type=1400 audit(0.0:4494): avc: denied { read } for comm="re-initialized>" name="u:object_r:mtk_amslog_prop:s0" dev="tmpfs" ino=12719 scontext=u:r:platform_app:s0:c512,c768 tcontext=u:object_r:mtk_amslog_prop:s0 tclass=file permissive=0
01-01 00:01:35.343506  1207  1219 I am_proc_bound: [0,6247,com.coloros.regservice]
01-01 00:01:35.344166  1207  1505 I commit_sys_config_file: [settings-0-0,7]
01-01 00:01:35.412587  1207  1219 I am_kill : [0,3174,com.android.settings:CryptKeeper,906,empty #17]
01-01 00:01:35.431042  1207  1505 I commit_sys_config_file: [settings-1-0,10]
01-01 00:01:35.436822  1207  5074 I am_uid_running: 10007
01-01 00:01:35.453302  1207  5074 I am_proc_died: [0,3174,com.android.settings:CryptKeeper,906,18]
01-01 00:01:35.463325  1207  1353 I am_proc_start: [0,6279,10007,com.google.android.configupdater,broadcast,com.google.android.configupdater/.MainReceiver]
01-01 00:01:35.478000  6279  6279 I auditd  : type=1400 audit(0.0:4495): avc: denied { read } for comm="re-initialized>" name="u:object_r:mtk_amslog_prop:s0" dev="tmpfs" ino=12719 scontext=u:r:priv_app:s0:c512,c768 tcontext=u:object_r:mtk_amslog_prop:s0 tclass=file permissive=0
01-01 00:01:35.486341  1207  1219 I am_proc_bound: [0,6279,com.google.android.configupdater]
01-01 00:01:35.628507  1207  5074 I am_uid_running: 10016
01-01 00:01:35.631777  1207  5074 I am_kill : [0,4007,com.google.android.ext.services,906,empty #17]
01-01 00:01:35.650847  1207  1353 I am_proc_start: [0,6333,10016,com.google.android.onetimeinitializer,broadcast,com.google.android.onetimeinitializer/.OneTimeInitializerReceiver]
01-01 00:01:35.662373  1207  5074 I am_proc_died: [0,4007,com.google.android.ext.services,906,18]
01-01 00:01:35.662763  1207  5074 I am_uid_stopped: 10015
01-01 00:01:35.662000  6333  6333 I auditd  : type=1400 audit(0.0:4496): avc: denied { read } for comm="re-initialized>" name="u:object_r:mtk_amslog_prop:s0" dev="tmpfs" ino=12719 scontext=u:r:priv_app:s0:c512,c768 tcontext=u:object_r:mtk_amslog_prop:s0 tclass=file permissive=0
01-01 00:01:35.674552  1207  5074 I am_proc_bound: [0,6333,com.google.android.onetimeinitializer]
01-01 00:01:35.781983  1207  1394 I commit_sys_config_file: [package-user-0,22]
01-01 00:01:35.952702  1207  1353 I am_proc_start: [0,6374,1000,com.mediatek.atci.service,broadcast,com.mediatek.atci.service/.AtciIntentReceiver]
01-01 00:01:35.974000  6374  6374 I auditd  : type=1400 audit(0.0:4497): avc: denied { read } for comm="re-initialized>" name="u:object_r:mtk_amslog_prop:s0" dev="tmpfs" ino=12719 scontext=u:r:system_app:s0 tcontext=u:object_r:mtk_amslog_prop:s0 tclass=file permissive=0
01-01 00:01:35.983991  1207  4959 I am_proc_bound: [0,6374,com.mediatek.atci.service]
01-01 00:01:36.068986  1207  1219 I am_proc_died: [0,6374,com.mediatek.atci.service,0,10]
01-01 00:01:36.069167  1207  1219 I am_broadcast_discard_app: [0,57119627,android.intent.action.BOOT_COMPLETED,71,ResolveInfo{8ece681 com.mediatek.atci.service/.AtciIntentReceiver m=0x108000}]
01-01 00:01:36.093502  1207  1353 I am_proc_start: [0,6399,1001,com.mediatek.engineermode,broadcast,com.mediatek.engineermode/.boot.EmBootupReceiver]
01-01 00:01:36.106000  6399  6399 I auditd  : type=1400 audit(0.0:4498): avc: denied { read } for comm="re-initialized>" name="u:object_r:mtk_amslog_prop:s0" dev="tmpfs" ino=12719 scontext=u:r:radio:s0 tcontext=u:object_r:mtk_amslog_prop:s0 tclass=file permissive=0
01-01 00:01:36.114545  1207  4942 I am_proc_bound: [0,6399,com.mediatek.engineermode]
01-01 00:01:36.169112  1207  1505 I commit_sys_config_file: [settings-1-0,12]
01-01 00:01:36.206048  1207  1219 I am_kill : [0,4363,com.coloros.video,906,empty #17]
01-01 00:01:36.228223  1207  1353 I am_proc_start: [0,6423,1000,com.mediatek.providers.drm,broadcast,com.mediatek.providers.drm/.BootCompletedReceiver]
01-01 00:01:36.228818  1207  1219 I am_proc_died: [0,4363,com.coloros.video,906,18]
01-01 00:01:36.229132  1207  1219 I am_uid_stopped: 10043
01-01 00:01:36.246000  6423  6423 I auditd  : type=1400 audit(0.0:4499): avc: denied { read } for comm="re-initialized>" name="u:object_r:mtk_amslog_prop:s0" dev="tmpfs" ino=12719 scontext=u:r:system_app:s0 tcontext=u:object_r:mtk_amslog_prop:s0 tclass=file permissive=0
01-01 00:01:36.252564  1207  3132 I am_proc_bound: [0,6423,com.mediatek.providers.drm]
01-01 00:01:36.319109  1207  5074 I am_kill : [0,3782,com.coloros.findmyphone,906,empty #17]
01-01 00:01:36.340801  1207  1219 I am_proc_died: [0,3782,com.coloros.findmyphone,906,18]
01-01 00:01:36.341199  1207  1219 I am_uid_stopped: 10012
01-01 00:01:36.351439  1207  1353 I am_proc_start: [0,6447,10072,com.nearme.instant.platform,broadcast,com.nearme.instant.platform/com.nearme.instant.base.receiver.BootReceiver]
01-01 00:01:36.357233  1207  4959 I am_proc_died: [0,4321,com.coloros.gesture,0,4]
01-01 00:01:36.357512  1207  4959 I am_schedule_service_restart: [0,com.coloros.gesture/.ColorAppServicesManagerClient,13529]
01-01 00:01:36.370000  6447  6447 I auditd  : type=1400 audit(0.0:4500): avc: denied { read } for comm="re-initialized>" name="u:object_r:mtk_amslog_prop:s0" dev="tmpfs" ino=12719 scontext=u:r:untrusted_app_25:s0:c512,c768 tcontext=u:object_r:mtk_amslog_prop:s0 tclass=file permissive=0
01-01 00:01:36.377825  1207  4942 I am_proc_bound: [0,6447,com.nearme.instant.platform]
01-01 00:01:36.586585  1207  1219 I am_kill : [0,4880,com.android.keychain,906,empty #17]
01-01 00:01:36.587564  1207  1219 I am_uid_running: 10020
01-01 00:01:36.612921  1207  4942 I am_proc_died: [0,4880,com.android.keychain,906,18]
01-01 00:01:36.623754  1207  1353 I am_proc_start: [0,6486,10020,com.nearme.themestore,broadcast,com.nearme.themestore/com.nearme.themespace.receiver.BootCompletedReceiver]
01-01 00:01:36.630000  6486  6486 I auditd  : type=1400 audit(0.0:4501): avc: denied { read } for comm="re-initialized>" name="u:object_r:mtk_amslog_prop:s0" dev="tmpfs" ino=12719 scontext=u:r:oppotheme_app:s0:c512,c768 tcontext=u:object_r:mtk_amslog_prop:s0 tclass=file permissive=0
01-01 00:01:36.636144  1207  1219 I am_proc_bound: [0,6486,com.nearme.themestore]
01-01 00:01:36.645616  1207  3089 I am_kill : [0,4786,com.android.printspooler,906,empty #17]
01-01 00:01:36.665304  1207  1219 I am_proc_died: [0,4786,com.android.printspooler,906,18]
01-01 00:01:36.665667  1207  1219 I am_uid_stopped: 10093
01-01 00:01:36.868520  1207  1219 I am_kill : [0,5396,com.coloros.speechassist,906,empty #17]
01-01 00:01:36.890894  1207  1219 I am_proc_died: [0,5396,com.coloros.speechassist,906,18]
01-01 00:01:36.891123  1207  1219 I am_uid_stopped: 10032
01-01 00:01:36.900639  1207  1353 I am_proc_start: [0,6516,1000,com.coloros.gesture,service,com.coloros.gesture/.ColorAppServicesManagerClient]
01-01 00:01:36.915560  1207  1353 I am_proc_start: [0,6521,10076,com.oppo.market:mcs,broadcast,com.oppo.market/com.nearme.mcs.reciever.AlarmEventReceiver]
01-01 00:01:36.926000  6516  6516 I auditd  : type=1400 audit(0.0:4502): avc: denied { read } for comm="re-initialized>" name="u:object_r:mtk_amslog_prop:s0" dev="tmpfs" ino=12719 scontext=u:r:system_app:s0 tcontext=u:object_r:mtk_amslog_prop:s0 tclass=file permissive=0
01-01 00:01:36.931431  1207  1220 I am_proc_bound: [0,6516,com.coloros.gesture]
01-01 00:01:36.930000  6521  6521 I auditd  : type=1400 audit(0.0:4503): avc: denied { read } for comm="re-initialized>" name="u:object_r:mtk_amslog_prop:s0" dev="tmpfs" ino=12719 scontext=u:r:untrusted_app_27:s0:c512,c768 tcontext=u:object_r:mtk_amslog_prop:s0 tclass=file permissive=0
01-01 00:01:36.939612  1207  2925 I am_proc_bound: [0,6521,com.oppo.market:mcs]
01-01 00:01:36.986709  1207  4960 I am_proc_died: [0,5955,com.oppo.market,700,14]
01-01 00:01:37.055724  1207  1505 I commit_sys_config_file: [settings-1-0,7]
01-01 00:01:37.072430  1207  3132 I am_kill : [0,4271,com.google.android.marvin.talkback,906,empty #17]
01-01 00:01:37.092738  1207  5074 I am_proc_died: [0,4271,com.google.android.marvin.talkback,906,18]
01-01 00:01:37.093049  1207  5074 I am_uid_stopped: 10104
01-01 00:01:37.124423  1207  5074 I am_proc_died: [0,6521,com.oppo.market:mcs,900,18]
01-01 00:01:37.124660  1207  5074 I am_uid_stopped: 10076
01-01 00:01:37.172551  1207  1207 I notification_cancel_all: [1000,1207,com.mediatek.mtklogger,0,0,0,7,NULL]
01-01 00:01:37.209302  1207  1353 I am_proc_start: [0,6592,1000,com.oppo.ota,broadcast,com.oppo.ota/.strategy.StrategyReceiver]
01-01 00:01:37.229552  1207  1353 I am_proc_start: [0,6605,1000,com.oppo.logkit,service,com.oppo.logkit/.service.LogCoreService]
01-01 00:01:37.226000  6592  6592 I auditd  : type=1400 audit(0.0:4504): avc: denied { read } for comm="re-initialized>" name="u:object_r:mtk_amslog_prop:s0" dev="tmpfs" ino=12719 scontext=u:r:system_app:s0 tcontext=u:object_r:mtk_amslog_prop:s0 tclass=file permissive=0
01-01 00:01:37.233415  1207  4959 I am_proc_bound: [0,6592,com.oppo.ota]
01-01 00:01:37.233813  1207  1207 I commit_sys_config_file: [notification-policy,6]
01-01 00:01:37.246000  6605  6605 I auditd  : type=1400 audit(0.0:4505): avc: denied { read } for comm="re-initialized>" name="u:object_r:mtk_amslog_prop:s0" dev="tmpfs" ino=12719 scontext=u:r:system_app:s0 tcontext=u:object_r:mtk_amslog_prop:s0 tclass=file permissive=0
01-01 00:01:37.254213  1207  4959 I am_proc_bound: [0,6605,com.oppo.logkit]
01-01 00:01:37.397050  1207  1505 I commit_sys_config_file: [settings-0-0,15]
01-01 00:01:37.420796  1207  1505 I commit_sys_config_file: [settings-1-0,8]
01-01 00:01:37.564786  1207  2973 I commit_sys_config_file: [appops,9]
01-01 00:01:37.626274  1207  1505 I commit_sys_config_file: [settings-1-0,9]
01-01 00:01:37.770000  6592  6592 I auditd  : type=1400 audit(0.0:4506): avc: denied { write } for comm="com.oppo.ota" name="system" dev="sdc45" ino=14450689 scontext=u:r:system_app:s0 tcontext=u:object_r:system_data_file:s0 tclass=dir permissive=0
01-01 00:01:37.885664  1207  1505 I commit_sys_config_file: [settings-1-0,37]
01-01 00:01:38.050000  6592  6592 I auditd  : type=1400 audit(0.0:4507): avc: denied { write } for comm="com.oppo.ota" name="system" dev="sdc45" ino=14450689 scontext=u:r:system_app:s0 tcontext=u:object_r:system_data_file:s0 tclass=dir permissive=0
01-01 00:01:38.065674  1207  4942 I sysui_multi_action: [757,856,758,1,806,com.oppo.ota,857,ota_notify_new_channel_id,858,4]
01-01 00:01:38.091681  1207  1207 I commit_sys_config_file: [notification-policy,8]
01-01 00:01:38.092134  1207  1505 I commit_sys_config_file: [settings-1-0,7]
01-01 00:01:38.120759  1207  1353 I am_proc_start: [0,6734,10092,com.oppo.usercenter:mcs,broadcast,com.oppo.usercenter/com.nearme.mcs.reciever.AlarmEventReceiver]
01-01 00:01:38.134000  6734  6734 I auditd  : type=1400 audit(0.0:4508): avc: denied { read } for comm="re-initialized>" name="u:object_r:mtk_amslog_prop:s0" dev="tmpfs" ino=12719 scontext=u:r:untrusted_app_27:s0:c512,c768 tcontext=u:object_r:mtk_amslog_prop:s0 tclass=file permissive=0
01-01 00:01:38.143570  1207  4232 I am_proc_bound: [0,6734,com.oppo.usercenter:mcs]
01-01 00:01:38.220068  1207  5079 I sysui_multi_action: [757,856,758,6,806,com.oppo.ota,857,ota_notify_new_channel_id,858,4]
01-01 00:01:38.225220  1207  1207 I commit_sys_config_file: [notification-policy,5]
01-01 00:01:38.225500  1207  5079 I sysui_multi_action: [757,856,758,6,806,com.oppo.ota,857,ota_notify_new_channel_id,858,4]
01-01 00:01:38.230194  1207  4232 I sysui_multi_action: [757,856,758,6,806,com.oppo.ota,857,ota_notify_new_channel_id,858,4]
01-01 00:01:38.230434  1207  1207 I commit_sys_config_file: [notification-policy,5]
01-01 00:01:38.235560  1207  5079 I sysui_multi_action: [757,856,758,6,806,com.oppo.ota,857,ota_notify_new_channel_id,858,4]
01-01 00:01:38.237623  1207  4942 I sysui_multi_action: [757,856,758,6,806,com.oppo.ota,857,ota_notify_new_channel_id,858,4]
01-01 00:01:38.238064  1207  1207 I commit_sys_config_file: [notification-policy,7]
01-01 00:01:38.243995  1207  1207 I commit_sys_config_file: [notification-policy,6]
01-01 00:01:38.248170  1207  1207 I commit_sys_config_file: [notification-policy,4]
01-01 00:01:38.294276  1207  1353 I am_proc_start: [0,6763,1000,com.oppo.tzupdate,broadcast,com.oppo.tzupdate/.timezone.MccChangeReceiver]
01-01 00:01:38.309638  1207  4942 I am_proc_died: [0,6734,com.oppo.usercenter:mcs,900,18]
01-01 00:01:38.318000  6763  6763 I auditd  : type=1400 audit(0.0:4509): avc: denied { read } for comm="re-initialized>" name="u:object_r:mtk_amslog_prop:s0" dev="tmpfs" ino=12719 scontext=u:r:system_app:s0 tcontext=u:object_r:mtk_amslog_prop:s0 tclass=file permissive=0
01-01 00:01:38.322965  1207  4942 I am_proc_bound: [0,6763,com.oppo.tzupdate]
01-01 00:01:38.324951  1207  1505 I commit_sys_config_file: [settings-1-0,8]
01-01 00:01:38.538764  1207  1207 I notification_enqueue: [1000,6605,com.oppo.logkit,2017,NULL,0,Notification(channel=null pri=2 contentView=null vibrate=null sound=null tick defaults=0x0 flags=0x22 color=0x00000000 vis=PRIVATE),0]
01-01 00:01:38.558467  1207  1505 I commit_sys_config_file: [settings-1-0,9]
01-01 00:01:39.580070  1207  1325 I service_manager_stats: [100,70,9011]
01-01 00:01:39.782000  4680  4680 I auditd  : type=1400 audit(0.0:4510): avc: denied { search } for comm="MediaScannerSer" name="clients" dev="debugfs" ino=7839 scontext=u:r:mediaprovider:s0:c512,c768 tcontext=u:object_r:debugfs_ion:s0 tclass=dir permissive=0
01-01 00:01:39.810000  4680  4680 I chatty  : uid=10010(com.android.providers.media) android.process.media identical 2 lines
01-01 00:01:39.822000  4680  4680 I auditd  : type=1400 audit(0.0:4513): avc: denied { search } for comm="MediaScannerSer" name="clients" dev="debugfs" ino=7839 scontext=u:r:mediaprovider:s0:c512,c768 tcontext=u:object_r:debugfs_ion:s0 tclass=dir permissive=0
01-01 00:01:39.901265  1207  1353 I am_proc_start: [0,6865,1000,com.oppo.aod,service,com.oppo.aod/.AodNotificationListenerService]
01-01 00:01:39.914000  6865  6865 I auditd  : type=1400 audit(0.0:4514): avc: denied { read } for comm="re-initialized>" name="u:object_r:mtk_amslog_prop:s0" dev="tmpfs" ino=12719 scontext=u:r:system_app:s0 tcontext=u:object_r:mtk_amslog_prop:s0 tclass=file permissive=0
01-01 00:01:39.920276  1207  4963 I am_proc_bound: [0,6865,com.oppo.aod]
01-01 00:01:39.964970  1207  4963 I am_proc_died: [0,6865,com.oppo.aod,0,4]
01-01 00:01:39.965274  1207  4963 I am_schedule_service_restart: [0,com.oppo.aod/.AodNotificationListenerService,64000]
01-01 00:01:42.169834  1207  1353 I am_proc_start: [0,6964,1000,com.coloros.sau:hotfix,service,com.coloros.sau/.hotfix.ClientService]
01-01 00:01:42.186000  6964  6964 I auditd  : type=1400 audit(0.0:4515): avc: denied { read } for comm="re-initialized>" name="u:object_r:mtk_amslog_prop:s0" dev="tmpfs" ino=12719 scontext=u:r:system_app:s0 tcontext=u:object_r:mtk_amslog_prop:s0 tclass=file permissive=0
01-01 00:01:42.192351  1207  4232 I am_proc_bound: [0,6964,com.coloros.sau:hotfix]
01-01 00:01:42.619827  1207  5079 I am_proc_died: [0,4488,com.oppo.oppopowermonitor,-800,0]
01-01 00:01:42.649291  1207  1353 I am_proc_start: [0,7012,1000,com.oppo.oppopowermonitor,restart,com.oppo.oppopowermonitor]
01-01 00:01:42.658000  7012  7012 I auditd  : type=1400 audit(0.0:4516): avc: denied { read } for comm="re-initialized>" name="u:object_r:mtk_amslog_prop:s0" dev="tmpfs" ino=12719 scontext=u:r:system_app:s0 tcontext=u:object_r:mtk_amslog_prop:s0 tclass=file permissive=0
01-01 00:01:42.666419  1207  5079 I am_proc_bound: [0,7012,com.oppo.oppopowermonitor]
01-01 00:01:45.727289  1207  1353 I am_proc_start: [0,7150,10014,com.coloros.browser:dcs,service,com.coloros.browser/com.oppo.statistics.upload.UploadService]
01-01 00:01:45.738000  7150  7150 I auditd  : type=1400 audit(0.0:4517): avc: denied { read } for comm="re-initialized>" name="u:object_r:mtk_amslog_prop:s0" dev="tmpfs" ino=12719 scontext=u:r:priv_app:s0:c512,c768 tcontext=u:object_r:mtk_amslog_prop:s0 tclass=file permissive=0
01-01 00:01:45.744428  1207  1220 I am_proc_bound: [0,7150,com.coloros.browser:dcs]
01-01 00:01:45.756652  1207  1314 I am_pss  : [2943,1000,com.nearme.statistics.rom,10082304,8376320,0,0,0,9,6]
