01-01 00:01:44.737000  6511  6511 I auditd  : type=1400 audit(0.0:6815): avc: denied { getattr } for comm="lsof" path="/system/bin/hypnusd" dev="dm-0" ino=1057 scontext=u:r:dumpstate:s0 tcontext=u:object_r:hypnusd_exec:s0 tclass=file permissive=0
01-01 00:01:44.737000  6511  6511 I auditd  : type=1400 audit(0.0:6816): avc: denied { getattr } for comm="lsof" path="socket:[72746]" dev="sockfs" ino=72746 scontext=u:r:dumpstate:s0 tcontext=u:r:hypnusd:s0 tclass=unix_dgram_socket permissive=0
01-01 00:01:44.741000  6511  6511 I auditd  : type=1400 audit(0.0:6818): avc: denied { getattr } for comm="lsof" path="/dev/hypnus" dev="tmpfs" ino=17480 scontext=u:r:dumpstate:s0 tcontext=u:object_r:hypnus_device:s0 tclass=chr_file permissive=0
01-01 00:01:44.741000  6511  6511 I auditd  : type=1400 audit(0.0:6821): avc: denied { getattr } for comm="lsof" path="/system/bin/neo" dev="dm-0" ino=1153 scontext=u:r:dumpstate:s0 tcontext=u:object_r:neo_exec:s0 tclass=file permissive=0
01-01 00:01:44.745000  6511  6511 I auditd  : type=1400 audit(0.0:6822): avc: denied { getattr } for comm="lsof" path="socket:[76182]" dev="sockfs" ino=76182 scontext=u:r:dumpstate:s0 tcontext=u:r:neo:s0 tclass=unix_dgram_socket permissive=0
01-01 00:01:44.749000  6511  6511 I auditd  : type=1400 audit(0.0:6824): avc: denied { getattr } for comm="lsof" path="socket:[70636]" dev="sockfs" ino=70636 scontext=u:r:dumpstate:s0 tcontext=u:r:neo:s0 tclass=unix_stream_socket permissive=0
01-01 00:01:44.753000  6511  6511 I auditd  : type=1400 audit(0.0:6825): avc: denied { getattr } for comm="lsof" path="socket:[86064]" dev="sockfs" ino=86064 scontext=u:r:dumpstate:s0 tcontext=u:r:neo:s0 tclass=unix_stream_socket permissive=0
01-01 00:01:44.753000  6511  6511 I auditd  : type=1400 audit(0.0:6827): avc: denied { getattr } for comm="lsof" path="/system/bin/oiface" dev="dm-0" ino=1168 scontext=u:r:dumpstate:s0 tcontext=u:object_r:oiface_exec:s0 tclass=file permissive=0
01-01 00:01:44.757000  6511  6511 I auditd  : type=1400 audit(0.0:6828): avc: denied { getattr } for comm="lsof" path="socket:[71987]" dev="sockfs" ino=71987 scontext=u:r:dumpstate:s0 tcontext=u:r:oiface:s0 tclass=unix_dgram_socket permissive=0
01-01 00:01:44.757000  6511  6511 I auditd  : type=1400 audit(0.0:6829): avc: denied { getattr } for comm="lsof" path="/dev/pmsg0" dev="tmpfs" ino=8240 scontext=u:r:dumpstate:s0 tcontext=u:object_r:pmsg_device:s0 tclass=chr_file permissive=0
01-01 00:01:44.757000  6511  6511 I auditd  : type=1400 audit(0.0:6830): avc: denied { getattr } for comm="lsof" path="socket:[69013]" dev="sockfs" ino=69013 scontext=u:r:dumpstate:s0 tcontext=u:r:oiface:s0 tclass=unix_stream_socket permissive=0
01-01 00:01:44.761000  6511  6511 I auditd  : type=1400 audit(0.0:6831): avc: denied { getattr } for comm="lsof" path="socket:[64413]" dev="sockfs" ino=64413 scontext=u:r:dumpstate:s0 tcontext=u:r:oiface:s0 tclass=unix_stream_socket permissive=0
01-01 00:01:44.761000  6511  6511 I auditd  : type=1400 audit(0.0:6832): avc: denied { getattr } for comm="lsof" path="socket:[47082]" dev="sockfs" ino=47082 scontext=u:r:dumpstate:s0 tcontext=u:r:oiface:s0 tclass=unix_stream_socket permissive=0
01-01 00:01:44.761000  6511  6511 I auditd  : type=1400 audit(0.0:6836): avc: denied { getattr } for comm="lsof" path="/system/bin/omedia" dev="dm-0" ino=1169 scontext=u:r:dumpstate:s0 tcontext=u:object_r:omedia_exec:s0 tclass=file permissive=0
01-01 00:01:44.765000  6511  6511 I auditd  : type=1400 audit(0.0:6837): avc: denied { getattr } for comm="lsof" path="socket:[64376]" dev="sockfs" ino=64376 scontext=u:r:dumpstate:s0 tcontext=u:r:omedia:s0 tclass=unix_dgram_socket permissive=0
01-01 00:01:44.765000  6511  6511 I auditd  : type=1400 audit(0.0:6838): avc: denied { getattr } for comm="lsof" path="/dev/pmsg0" dev="tmpfs" ino=8240 scontext=u:r:dumpstate:s0 tcontext=u:object_r:pmsg_device:s0 tclass=chr_file permissive=0
01-01 00:01:44.781000  6511  6511 I auditd  : type=1400 audit(0.0:6839): avc: denied { search } for comm="lsof" name="overlay" dev="dm-1" ino=3142 scontext=u:r:dumpstate:s0 tcontext=u:object_r:vendor_overlay_file:s0 tclass=dir permissive=0
01-01 00:01:44.781000  6511  6511 I auditd  : type=1400 audit(0.0:6840): avc: denied { search } for comm="lsof" name="resource-cache" dev="sdc45" ino=704513 scontext=u:r:dumpstate:s0 tcontext=u:object_r:resourcecache_data_file:s0 tclass=dir permissive=0
01-01 00:01:44.809000  6511  6511 I auditd  : type=1400 audit(0.0:6841): avc: denied { getattr } for comm="lsof" path="/vendor/overlay/framework-res__auto_generated_rro.apk" dev="dm-1" ino=3145 scontext=u:r:dumpstate:s0 tcontext=u:object_r:vendor_overlay_file:s0 tclass=file permissive=0
01-01 00:01:44.813000  6511  6511 I auditd  : type=1400 audit(0.0:6842): avc: denied { getattr } for comm="lsof" path="socket:[72780]" dev="sockfs" ino=72780 scontext=u:r:dumpstate:s0 tcontext=u:r:system_app:s0 tclass=unix_stream_socket permissive=0
01-01 00:01:44.813000  6511  6511 I auditd  : type=1400 audit(0.0:6844): avc: denied { getattr } for comm="lsof" path="socket:[78654]" dev="sockfs" ino=78654 scontext=u:r:dumpstate:s0 tcontext=u:r:system_app:s0 tclass=unix_stream_socket permissive=0
01-01 00:01:44.817000  6511  6511 I auditd  : type=1400 audit(0.0:6847): avc: denied { getattr } for comm="lsof" path="/system/bin/adbd" dev="dm-0" ino=921 scontext=u:r:dumpstate:s0 tcontext=u:object_r:adbd_exec:s0 tclass=file permissive=0
01-01 00:01:44.817000  6511  6511 I auditd  : type=1400 audit(0.0:6848): avc: denied { getattr } for comm="lsof" path="/system/bin/adbd" dev="dm-0" ino=921 scontext=u:r:dumpstate:s0 tcontext=u:object_r:adbd_exec:s0 tclass=file permissive=0
01-01 00:01:44.817000  6511  6511 I auditd  : type=1400 audit(0.0:6849): avc: denied { getattr } for comm="lsof" path="socket:[78672]" dev="sockfs" ino=78672 scontext=u:r:dumpstate:s0 tcontext=u:r:adbd:s0 tclass=unix_stream_socket permissive=0
01-01 00:01:44.821000  6511  6511 I auditd  : type=1400 audit(0.0:6850): avc: denied { getattr } for comm="lsof" path="socket:[78673]" dev="sockfs" ino=78673 scontext=u:r:dumpstate:s0 tcontext=u:r:adbd:s0 tclass=unix_stream_socket permissive=0
01-01 00:01:44.821000  6511  6511 I auditd  : type=1400 audit(0.0:6851): avc: denied { getattr } for comm="lsof" path="socket:[78710]" dev="sockfs" ino=78710 scontext=u:r:dumpstate:s0 tcontext=u:r:su:s0 tclass=tcp_socket permissive=0
01-01 00:01:44.821000  6511  6511 I auditd  : type=1400 audit(0.0:6852): avc: denied { getattr } for comm="lsof" path="socket:[78717]" dev="sockfs" ino=78717 scontext=u:r:dumpstate:s0 tcontext=u:r:su:s0 tclass=unix_dgram_socket permissive=0
01-01 00:01:44.821000  6511  6511 I auditd  : type=1400 audit(0.0:6853): avc: denied { getattr } for comm="lsof" path="socket:[78660]" dev="sockfs" ino=78660 scontext=u:r:dumpstate:s0 tcontext=u:r:adbd:s0 tclass=unix_stream_socket permissive=0
01-01 00:01:44.821000  6511  6511 I auditd  : type=1400 audit(0.0:6854): avc: denied { getattr } for comm="lsof" path="/dev/pmsg0" dev="tmpfs" ino=8240 scontext=u:r:dumpstate:s0 tcontext=u:object_r:pmsg_device:s0 tclass=chr_file permissive=0
01-01 00:01:44.821000  6511  6511 I auditd  : type=1400 audit(0.0:6855): avc: denied { getattr } for comm="lsof" path="/dev/usb-ffs/adb/ep0" dev="functionfs" ino=14871 scontext=u:r:dumpstate:s0 tcontext=u:object_r:functionfs:s0 tclass=file permissive=0
01-01 00:01:44.821000  6511  6511 I auditd  : type=1400 audit(0.0:6856): avc: denied { getattr } for comm="lsof" path="/dev/usb-ffs/adb/ep1" dev="functionfs" ino=78718 scontext=u:r:dumpstate:s0 tcontext=u:object_r:functionfs:s0 tclass=file permissive=0
01-01 00:01:44.821000  6511  6511 I auditd  : type=1400 audit(0.0:6857): avc: denied { getattr } for comm="lsof" path="/dev/usb-ffs/adb/ep2" dev="functionfs" ino=78719 scontext=u:r:dumpstate:s0 tcontext=u:object_r:functionfs:s0 tclass=file permissive=0
01-01 00:01:44.845000  6511  6511 I auditd  : type=1400 audit(0.0:6858): avc: denied { search } for comm="lsof" name="overlay" dev="dm-1" ino=3142 scontext=u:r:dumpstate:s0 tcontext=u:object_r:vendor_overlay_file:s0 tclass=dir permissive=0
01-01 00:01:44.849000  6511  6511 I auditd  : type=1400 audit(0.0:6859): avc: denied { search } for comm="lsof" name="resource-cache" dev="sdc45" ino=704513 scontext=u:r:dumpstate:s0 tcontext=u:object_r:resourcecache_data_file:s0 tclass=dir permissive=0
01-01 00:01:44.877000  6511  6511 I auditd  : type=1400 audit(0.0:6860): avc: denied { getattr } for comm="lsof" path="/vendor/overlay/framework-res__auto_generated_rro.apk" dev="dm-1" ino=3145 scontext=u:r:dumpstate:s0 tcontext=u:object_r:vendor_overlay_file:s0 tclass=file permissive=0
01-01 00:01:44.881000  6511  6511 I auditd  : type=1400 audit(0.0:6862): avc: denied { getattr } for comm="lsof" path="socket:[73091]" dev="sockfs" ino=73091 scontext=u:r:dumpstate:s0 tcontext=u:r:untrusted_app:s0:c104,c256,c512,c768 tclass=unix_stream_socket permissive=0
01-01 00:01:44.893000  6511  6511 I auditd  : type=1400 audit(0.0:6866): avc: denied { search } for comm="lsof" name="overlay" dev="dm-1" ino=3142 scontext=u:r:dumpstate:s0 tcontext=u:object_r:vendor_overlay_file:s0 tclass=dir permissive=0
01-01 00:01:44.897000  6511  6511 I auditd  : type=1400 audit(0.0:6867): avc: denied { search } for comm="lsof" name="resource-cache" dev="sdc45" ino=704513 scontext=u:r:dumpstate:s0 tcontext=u:object_r:resourcecache_data_file:s0 tclass=dir permissive=0
01-01 00:01:44.925000  6511  6511 I auditd  : type=1400 audit(0.0:6868): avc: denied { getattr } for comm="lsof" path="/vendor/overlay/framework-res__auto_generated_rro.apk" dev="dm-1" ino=3145 scontext=u:r:dumpstate:s0 tcontext=u:object_r:vendor_overlay_file:s0 tclass=file permissive=0
01-01 00:01:44.925000  6511  6511 I auditd  : type=1400 audit(0.0:6869): avc: denied { getattr } for comm="lsof" path="/dev/pmsg0" dev="tmpfs" ino=8240 scontext=u:r:dumpstate:s0 tcontext=u:object_r:pmsg_device:s0 tclass=chr_file permissive=0
01-01 00:01:44.941000  6511  6511 I auditd  : type=1400 audit(0.0:6870): avc: denied { search } for comm="lsof" name="overlay" dev="dm-1" ino=3142 scontext=u:r:dumpstate:s0 tcontext=u:object_r:vendor_overlay_file:s0 tclass=dir permissive=0
01-01 00:01:44.969000  6511  6511 I auditd  : type=1400 audit(0.0:6872): avc: denied { getattr } for comm="lsof" path="/vendor/overlay/framework-res__auto_generated_rro.apk" dev="dm-1" ino=3145 scontext=u:r:dumpstate:s0 tcontext=u:object_r:vendor_overlay_file:s0 tclass=file permissive=0
01-01 00:01:44.973000  6511  6511 I auditd  : type=1400 audit(0.0:6873): avc: denied { getattr } for comm="lsof" path="socket:[79189]" dev="sockfs" ino=79189 scontext=u:r:dumpstate:s0 tcontext=u:r:system_app:s0 tclass=unix_stream_socket permissive=0
01-01 00:01:44.989000  6511  6511 I auditd  : type=1400 audit(0.0:6878): avc: denied { search } for comm="lsof" name="com.coloros.wirelesssettings" dev="sdc45" ino=9633807 scontext=u:r:dumpstate:s0 tcontext=u:object_r:system_app_data_file:s0 tclass=dir permissive=0
01-01 00:01:44.993000  6511  6511 I auditd  : type=1400 audit(0.0:6880): avc: denied { search } for comm="lsof" name="resource-cache" dev="sdc45" ino=704513 scontext=u:r:dumpstate:s0 tcontext=u:object_r:resourcecache_data_file:s0 tclass=dir permissive=0
01-01 00:01:45.021000  6511  6511 I auditd  : type=1400 audit(0.0:6881): avc: denied { getattr } for comm="lsof" path="/vendor/overlay/framework-res__auto_generated_rro.apk" dev="dm-1" ino=3145 scontext=u:r:dumpstate:s0 tcontext=u:object_r:vendor_overlay_file:s0 tclass=file permissive=0
01-01 00:01:45.025000  6511  6511 I auditd  : type=1400 audit(0.0:6884): avc: denied { getattr } for comm="lsof" path="socket:[73249]" dev="sockfs" ino=73249 scontext=u:r:dumpstate:s0 tcontext=u:r:system_app:s0 tclass=unix_stream_socket permissive=0
01-01 00:01:45.037000  6511  6511 I auditd  : type=1400 audit(0.0:6890): avc: denied { search } for comm="lsof" name="overlay" dev="dm-1" ino=3142 scontext=u:r:dumpstate:s0 tcontext=u:object_r:vendor_overlay_file:s0 tclass=dir permissive=0
01-01 00:01:45.041000  6511  6511 I auditd  : type=1400 audit(0.0:6891): avc: denied { search } for comm="lsof" name="resource-cache" dev="sdc45" ino=704513 scontext=u:r:dumpstate:s0 tcontext=u:object_r:resourcecache_data_file:s0 tclass=dir permissive=0
01-01 00:01:45.069000  6511  6511 I auditd  : type=1400 audit(0.0:6892): avc: denied { getattr } for comm="lsof" path="/vendor/overlay/framework-res__auto_generated_rro.apk" dev="dm-1" ino=3145 scontext=u:r:dumpstate:s0 tcontext=u:object_r:vendor_overlay_file:s0 tclass=file permissive=0
01-01 00:01:45.085000  6511  6511 I auditd  : type=1400 audit(0.0:6894): avc: denied { search } for comm="lsof" name="overlay" dev="dm-1" ino=3142 scontext=u:r:dumpstate:s0 tcontext=u:object_r:vendor_overlay_file:s0 tclass=dir permissive=0
01-01 00:01:45.089000  6511  6511 I auditd  : type=1400 audit(0.0:6895): avc: denied { search } for comm="lsof" name="resource-cache" dev="sdc45" ino=704513 scontext=u:r:dumpstate:s0 tcontext=u:object_r:resourcecache_data_file:s0 tclass=dir permissive=0
01-01 00:01:45.117000  6511  6511 I auditd  : type=1400 audit(0.0:6896): avc: denied { getattr } for comm="lsof" path="/vendor/overlay/framework-res__auto_generated_rro.apk" dev="dm-1" ino=3145 scontext=u:r:dumpstate:s0 tcontext=u:object_r:vendor_overlay_file:s0 tclass=file permissive=0
01-01 00:01:45.121000  6511  6511 I auditd  : type=1400 audit(0.0:6897): avc: denied { getattr } for comm="lsof" path="socket:[79457]" dev="sockfs" ino=79457 scontext=u:r:dumpstate:s0 tcontext=u:r:system_app:s0 tclass=unix_stream_socket permissive=0
01-01 00:01:45.121000  6511  6511 I auditd  : type=1400 audit(0.0:6898): avc: denied { getattr } for comm="lsof" path="socket:[79458]" dev="sockfs" ino=79458 scontext=u:r:dumpstate:s0 tcontext=u:r:system_app:s0 tclass=unix_stream_socket permissive=0
01-01 00:01:45.133000  6511  6511 I auditd  : type=1400 audit(0.0:6902): avc: denied { search } for comm="lsof" name="overlay" dev="dm-1" ino=3142 scontext=u:r:dumpstate:s0 tcontext=u:object_r:vendor_overlay_file:s0 tclass=dir permissive=0
01-01 00:01:45.137000  6511  6511 I auditd  : type=1400 audit(0.0:6903): avc: denied { search } for comm="lsof" name="resource-cache" dev="sdc45" ino=704513 scontext=u:r:dumpstate:s0 tcontext=u:object_r:resourcecache_data_file:s0 tclass=dir permissive=0
01-01 00:01:45.165000  6511  6511 I auditd  : type=1400 audit(0.0:6904): avc: denied { getattr } for comm="lsof" path="/vendor/overlay/framework-res__auto_generated_rro.apk" dev="dm-1" ino=3145 scontext=u:r:dumpstate:s0 tcontext=u:object_r:vendor_overlay_file:s0 tclass=file permissive=0
01-01 00:01:45.181000  6511  6511 I auditd  : type=1400 audit(0.0:6910): avc: denied { search } for comm="lsof" name="overlay" dev="dm-1" ino=3142 scontext=u:r:dumpstate:s0 tcontext=u:object_r:vendor_overlay_file:s0 tclass=dir permissive=0
01-01 00:01:45.185000  6511  6511 I auditd  : type=1400 audit(0.0:6911): avc: denied { search } for comm="lsof" name="resource-cache" dev="sdc45" ino=704513 scontext=u:r:dumpstate:s0 tcontext=u:object_r:resourcecache_data_file:s0 tclass=dir permissive=0
01-01 00:01:45.213000  6511  6511 I auditd  : type=1400 audit(0.0:6912): avc: denied { getattr } for comm="lsof" path="/vendor/overlay/framework-res__auto_generated_rro.apk" dev="dm-1" ino=3145 scontext=u:r:dumpstate:s0 tcontext=u:object_r:vendor_overlay_file:s0 tclass=file permissive=0
01-01 00:01:45.217000  6511  6511 I auditd  : type=1400 audit(0.0:6918): avc: denied { getattr } for comm="lsof" path="/data/app/com.eg.android.AlipayGphone-common/com.eg.android.AlipayGphone-common.apk" dev="sdc45" ino=124 scontext=u:r:dumpstate:s0 tcontext=u:object_r:apk_data_file:s0 tclass=file permissive=0
01-01 00:01:45.233000  6511  6511 I auditd  : type=1400 audit(0.0:6919): avc: denied { search } for comm="lsof" name="overlay" dev="dm-1" ino=3142 scontext=u:r:dumpstate:s0 tcontext=u:object_r:vendor_overlay_file:s0 tclass=dir permissive=0
01-01 00:01:45.261000  6511  6511 I auditd  : type=1400 audit(0.0:6921): avc: denied { getattr } for comm="lsof" path="/vendor/overlay/framework-res__auto_generated_rro.apk" dev="dm-1" ino=3145 scontext=u:r:dumpstate:s0 tcontext=u:object_r:vendor_overlay_file:s0 tclass=file permissive=0
01-01 00:01:45.265000  6511  6511 I auditd  : type=1400 audit(0.0:6925): avc: denied { getattr } for comm="lsof" path="socket:[79534]" dev="sockfs" ino=79534 scontext=u:r:dumpstate:s0 tcontext=u:r:platform_app:s0:c512,c768 tclass=unix_dgram_socket permissive=0
01-01 00:01:45.277000  6511  6511 I auditd  : type=1400 audit(0.0:6928): avc: denied { search } for comm="lsof" name="overlay" dev="dm-1" ino=3142 scontext=u:r:dumpstate:s0 tcontext=u:object_r:vendor_overlay_file:s0 tclass=dir permissive=0
01-01 00:01:45.281000  6511  6511 I auditd  : type=1400 audit(0.0:6929): avc: denied { search } for comm="lsof" name="resource-cache" dev="sdc45" ino=704513 scontext=u:r:dumpstate:s0 tcontext=u:object_r:resourcecache_data_file:s0 tclass=dir permissive=0
01-01 00:01:45.309000  6511  6511 I auditd  : type=1400 audit(0.0:6930): avc: denied { getattr } for comm="lsof" path="/vendor/overlay/framework-res__auto_generated_rro.apk" dev="dm-1" ino=3145 scontext=u:r:dumpstate:s0 tcontext=u:object_r:vendor_overlay_file:s0 tclass=file permissive=0
01-01 00:01:45.325000  6511  6511 I auditd  : type=1400 audit(0.0:6936): avc: denied { search } for comm="lsof" name="overlay" dev="dm-1" ino=3142 scontext=u:r:dumpstate:s0 tcontext=u:object_r:vendor_overlay_file:s0 tclass=dir permissive=0
01-01 00:01:45.329000  6511  6511 I auditd  : type=1400 audit(0.0:6937): avc: denied { search } for comm="lsof" name="resource-cache" dev="sdc45" ino=704513 scontext=u:r:dumpstate:s0 tcontext=u:object_r:resourcecache_data_file:s0 tclass=dir permissive=0
01-01 00:01:45.357000  6511  6511 I auditd  : type=1400 audit(0.0:6938): avc: denied { getattr } for comm="lsof" path="/vendor/overlay/framework-res__auto_generated_rro.apk" dev="dm-1" ino=3145 scontext=u:r:dumpstate:s0 tcontext=u:object_r:vendor_overlay_file:s0 tclass=file permissive=0
01-01 00:01:45.373000  6511  6511 I auditd  : type=1400 audit(0.0:6944): avc: denied { search } for comm="lsof" name="overlay" dev="dm-1" ino=3142 scontext=u:r:dumpstate:s0 tcontext=u:object_r:vendor_overlay_file:s0 tclass=dir permissive=0
01-01 00:01:45.401000  6511  6511 I auditd  : type=1400 audit(0.0:6946): avc: denied { getattr } for comm="lsof" path="/vendor/overlay/framework-res__auto_generated_rro.apk" dev="dm-1" ino=3145 scontext=u:r:dumpstate:s0 tcontext=u:object_r:vendor_overlay_file:s0 tclass=file permissive=0
01-01 00:01:45.405000  6511  6511 I auditd  : type=1400 audit(0.0:6947): avc: denied { getattr } for comm="lsof" path="socket:[81528]" dev="sockfs" ino=81528 scontext=u:r:dumpstate:s0 tcontext=u:r:system_app:s0 tclass=unix_stream_socket permissive=0
01-01 00:01:45.421000  6511  6511 I auditd  : type=1400 audit(0.0:6952): avc: denied { search } for comm="lsof" name="overlay" dev="dm-1" ino=3142 scontext=u:r:dumpstate:s0 tcontext=u:object_r:vendor_overlay_file:s0 tclass=dir permissive=0
01-01 00:01:45.449000  6511  6511 I auditd  : type=1400 audit(0.0:6954): avc: denied { getattr } for comm="lsof" path="/vendor/overlay/framework-res__auto_generated_rro.apk" dev="dm-1" ino=3145 scontext=u:r:dumpstate:s0 tcontext=u:object_r:vendor_overlay_file:s0 tclass=file permissive=0
01-01 00:01:45.453000  6511  6511 I auditd  : type=1400 audit(0.0:6955): avc: denied { getattr } for comm="lsof" path="socket:[79619]" dev="sockfs" ino=79619 scontext=u:r:dumpstate:s0 tcontext=u:r:system_app:s0 tclass=unix_stream_socket permissive=0
01-01 00:01:45.453000  6511  6511 I auditd  : type=1400 audit(0.0:6956): avc: denied { getattr } for comm="lsof" path="socket:[79620]" dev="sockfs" ino=79620 scontext=u:r:dumpstate:s0 tcontext=u:r:system_app:s0 tclass=unix_stream_socket permissive=0
01-01 00:01:45.469000  6511  6511 I auditd  : type=1400 audit(0.0:6960): avc: denied { search } for comm="lsof" name="overlay" dev="dm-1" ino=3142 scontext=u:r:dumpstate:s0 tcontext=u:object_r:vendor_overlay_file:s0 tclass=dir permissive=0
01-01 00:01:45.473000  6511  6511 I auditd  : type=1400 audit(0.0:6961): avc: denied { search } for comm="lsof" name="resource-cache" dev="sdc45" ino=704513 scontext=u:r:dumpstate:s0 tcontext=u:object_r:resourcecache_data_file:s0 tclass=dir permissive=0
01-01 00:01:45.501000  6511  6511 I auditd  : type=1400 audit(0.0:6962): avc: denied { getattr } for comm="lsof" path="/vendor/overlay/framework-res__auto_generated_rro.apk" dev="dm-1" ino=3145 scontext=u:r:dumpstate:s0 tcontext=u:object_r:vendor_overlay_file:s0 tclass=file permissive=0
01-01 00:01:45.505000  6511  6511 I auditd  : type=1400 audit(0.0:6968): avc: denied { getattr } for comm="lsof" path="/storage/emulated/0/autonavi/nlp/fd_tmp_file.txt" dev="sdcardfs" ino=598086 scontext=u:r:dumpstate:s0 tcontext=u:object_r:sdcardfs:s0 tclass=file permissive=0
01-01 00:01:45.509000  6511  6511 I chatty  : uid=0(root) /system/bin/lsof identical 18 lines
01-01 00:01:45.509000  6511  6511 I auditd  : type=1400 audit(0.0:6987): avc: denied { getattr } for comm="lsof" path="/storage/emulated/0/autonavi/nlp/fd_tmp_file.txt" dev="sdcardfs" ino=598086 scontext=u:r:dumpstate:s0 tcontext=u:object_r:sdcardfs:s0 tclass=file permissive=0
01-01 00:01:45.529000  6511  6511 I auditd  : type=1400 audit(0.0:6988): avc: denied { search } for comm="lsof" name="overlay" dev="dm-1" ino=3142 scontext=u:r:dumpstate:s0 tcontext=u:object_r:vendor_overlay_file:s0 tclass=dir permissive=0
01-01 00:01:45.557000  6511  6511 I auditd  : type=1400 audit(0.0:6990): avc: denied { getattr } for comm="lsof" path="/vendor/overlay/framework-res__auto_generated_rro.apk" dev="dm-1" ino=3145 scontext=u:r:dumpstate:s0 tcontext=u:object_r:vendor_overlay_file:s0 tclass=file permissive=0
01-01 00:01:45.561000  6511  6511 I auditd  : type=1400 audit(0.0:6994): avc: denied { getattr } for comm="lsof" path="socket:[82589]" dev="sockfs" ino=82589 scontext=u:r:dumpstate:s0 tcontext=u:r:mediaprovider:s0:c512,c768 tclass=unix_dgram_socket permissive=0
01-01 00:01:45.577000  6511  6511 I auditd  : type=1400 audit(0.0:6996): avc: denied { search } for comm="lsof" name="overlay" dev="dm-1" ino=3142 scontext=u:r:dumpstate:s0 tcontext=u:object_r:vendor_overlay_file:s0 tclass=dir permissive=0
01-01 00:01:45.581000  6511  6511 I auditd  : type=1400 audit(0.0:6997): avc: denied { search } for comm="lsof" name="resource-cache" dev="sdc45" ino=704513 scontext=u:r:dumpstate:s0 tcontext=u:object_r:resourcecache_data_file:s0 tclass=dir permissive=0
01-01 00:01:45.609000  6511  6511 I auditd  : type=1400 audit(0.0:6998): avc: denied { getattr } for comm="lsof" path="/vendor/overlay/framework-res__auto_generated_rro.apk" dev="dm-1" ino=3145 scontext=u:r:dumpstate:s0 tcontext=u:object_r:vendor_overlay_file:s0 tclass=file permissive=0
01-01 00:01:45.625000  6511  6511 I auditd  : type=1400 audit(0.0:7004): avc: denied { search } for comm="lsof" name="overlay" dev="dm-1" ino=3142 scontext=u:r:dumpstate:s0 tcontext=u:object_r:vendor_overlay_file:s0 tclass=dir permissive=0
01-01 00:01:45.653000  6511  6511 I auditd  : type=1400 audit(0.0:7006): avc: denied { getattr } for comm="lsof" path="/vendor/overlay/framework-res__auto_generated_rro.apk" dev="dm-1" ino=3145 scontext=u:r:dumpstate:s0 tcontext=u:object_r:vendor_overlay_file:s0 tclass=file permissive=0
01-01 00:01:45.657000  6511  6511 I auditd  : type=1400 audit(0.0:7007): avc: denied { getattr } for comm="lsof" path="/dev/pmsg0" dev="tmpfs" ino=8240 scontext=u:r:dumpstate:s0 tcontext=u:object_r:pmsg_device:s0 tclass=chr_file permissive=0
01-01 00:01:45.669000  6511  6511 I auditd  : type=1400 audit(0.0:7008): avc: denied { search } for comm="lsof" name="overlay" dev="dm-1" ino=3142 scontext=u:r:dumpstate:s0 tcontext=u:object_r:vendor_overlay_file:s0 tclass=dir permissive=0
01-01 00:01:45.673000  6511  6511 I auditd  : type=1400 audit(0.0:7009): avc: denied { search } for comm="lsof" name="resource-cache" dev="sdc45" ino=704513 scontext=u:r:dumpstate:s0 tcontext=u:object_r:resourcecache_data_file:s0 tclass=dir permissive=0
01-01 00:01:45.701000  6511  6511 I auditd  : type=1400 audit(0.0:7010): avc: denied { getattr } for comm="lsof" path="/vendor/overlay/framework-res__auto_generated_rro.apk" dev="dm-1" ino=3145 scontext=u:r:dumpstate:s0 tcontext=u:object_r:vendor_overlay_file:s0 tclass=file permissive=0
01-01 00:01:45.713000  6511  6511 I auditd  : type=1400 audit(0.0:7016): avc: denied { search } for comm="lsof" name="overlay" dev="dm-1" ino=3142 scontext=u:r:dumpstate:s0 tcontext=u:object_r:vendor_overlay_file:s0 tclass=dir permissive=0
01-01 00:01:45.717000  6511  6511 I auditd  : type=1400 audit(0.0:7017): avc: denied { search } for comm="lsof" name="resource-cache" dev="sdc45" ino=704513 scontext=u:r:dumpstate:s0 tcontext=u:object_r:resourcecache_data_file:s0 tclass=dir permissive=0
01-01 00:01:45.745000  6511  6511 I auditd  : type=1400 audit(0.0:7018): avc: denied { getattr } for comm="lsof" path="/vendor/overlay/framework-res__auto_generated_rro.apk" dev="dm-1" ino=3145 scontext=u:r:dumpstate:s0 tcontext=u:object_r:vendor_overlay_file:s0 tclass=file permissive=0
01-01 00:01:45.761000  6511  6511 I auditd  : type=1400 audit(0.0:7024): avc: denied { search } for comm="lsof" name="overlay" dev="dm-1" ino=3142 scontext=u:r:dumpstate:s0 tcontext=u:object_r:vendor_overlay_file:s0 tclass=dir permissive=0
01-01 00:01:45.789000  6511  6511 I auditd  : type=1400 audit(0.0:7026): avc: denied { getattr } for comm="lsof" path="/vendor/overlay/framework-res__auto_generated_rro.apk" dev="dm-1" ino=3145 scontext=u:r:dumpstate:s0 tcontext=u:object_r:vendor_overlay_file:s0 tclass=file permissive=0
01-01 00:01:45.793000  6511  6511 I auditd  : type=1400 audit(0.0:7027): avc: denied { getattr } for comm="lsof" path="/dev/pmsg0" dev="tmpfs" ino=8240 scontext=u:r:dumpstate:s0 tcontext=u:object_r:pmsg_device:s0 tclass=chr_file permissive=0
01-01 00:01:45.805000  6511  6511 I auditd  : type=1400 audit(0.0:7028): avc: denied { search } for comm="lsof" name="overlay" dev="dm-1" ino=3142 scontext=u:r:dumpstate:s0 tcontext=u:object_r:vendor_overlay_file:s0 tclass=dir permissive=0
01-01 00:01:45.809000  6511  6511 I auditd  : type=1400 audit(0.0:7029): avc: denied { search } for comm="lsof" name="resource-cache" dev="sdc45" ino=704513 scontext=u:r:dumpstate:s0 tcontext=u:object_r:resourcecache_data_file:s0 tclass=dir permissive=0
01-01 00:01:45.837000  6511  6511 I auditd  : type=1400 audit(0.0:7030): avc: denied { getattr } for comm="lsof" path="/vendor/overlay/framework-res__auto_generated_rro.apk" dev="dm-1" ino=3145 scontext=u:r:dumpstate:s0 tcontext=u:object_r:vendor_overlay_file:s0 tclass=file permissive=0
01-01 00:01:45.841000  6511  6511 I auditd  : type=1400 audit(0.0:7031): avc: denied { getattr } for comm="lsof" path="socket:[80320]" dev="sockfs" ino=80320 scontext=u:r:dumpstate:s0 tcontext=u:r:system_app:s0 tclass=unix_stream_socket permissive=0
01-01 00:01:45.841000  6511  6511 I auditd  : type=1400 audit(0.0:7032): avc: denied { getattr } for comm="lsof" path="socket:[80321]" dev="sockfs" ino=80321 scontext=u:r:dumpstate:s0 tcontext=u:r:system_app:s0 tclass=unix_stream_socket permissive=0
01-01 00:01:45.857000  6511  6511 I auditd  : type=1400 audit(0.0:7036): avc: denied { search } for comm="lsof" name="overlay" dev="dm-1" ino=3142 scontext=u:r:dumpstate:s0 tcontext=u:object_r:vendor_overlay_file:s0 tclass=dir permissive=0
01-01 00:01:45.885000  6511  6511 I auditd  : type=1400 audit(0.0:7038): avc: denied { getattr } for comm="lsof" path="/vendor/overlay/framework-res__auto_generated_rro.apk" dev="dm-1" ino=3145 scontext=u:r:dumpstate:s0 tcontext=u:object_r:vendor_overlay_file:s0 tclass=file permissive=0
01-01 00:01:45.889000  6511  6511 I auditd  : type=1400 audit(0.0:7039): avc: denied { getattr } for comm="lsof" path="socket:[79850]" dev="sockfs" ino=79850 scontext=u:r:dumpstate:s0 tcontext=u:r:system_app:s0 tclass=unix_stream_socket permissive=0
01-01 00:01:45.889000  6511  6511 I auditd  : type=1400 audit(0.0:7040): avc: denied { getattr } for comm="lsof" path="socket:[79851]" dev="sockfs" ino=79851 scontext=u:r:dumpstate:s0 tcontext=u:r:system_app:s0 tclass=unix_stream_socket permissive=0
01-01 00:01:45.905000  6511  6511 I auditd  : type=1400 audit(0.0:7044): avc: denied { search } for comm="lsof" name="overlay" dev="dm-1" ino=3142 scontext=u:r:dumpstate:s0 tcontext=u:object_r:vendor_overlay_file:s0 tclass=dir permissive=0
01-01 00:01:45.929000  6511  6511 I auditd  : type=1400 audit(0.0:7046): avc: denied { getattr } for comm="lsof" path="socket:[83991]" dev="sockfs" ino=83991 scontext=u:r:dumpstate:s0 tcontext=u:r:platform_app:s0:c512,c768 tclass=unix_stream_socket permissive=0
01-01 00:01:45.933000  6511  6511 I auditd  : type=1400 audit(0.0:7047): avc: denied { getattr } for comm="lsof" path="/vendor/overlay/framework-res__auto_generated_rro.apk" dev="dm-1" ino=3145 scontext=u:r:dumpstate:s0 tcontext=u:object_r:vendor_overlay_file:s0 tclass=file permissive=0
01-01 00:01:45.937000  6511  6511 I auditd  : type=1400 audit(0.0:7050): avc: denied { getattr } for comm="lsof" path="socket:[83997]" dev="sockfs" ino=83997 scontext=u:r:dumpstate:s0 tcontext=u:r:platform_app:s0:c512,c768 tclass=unix_dgram_socket permissive=0
01-01 00:01:45.949000  6511  6511 I auditd  : type=1400 audit(0.0:7052): avc: denied { search } for comm="lsof" name="overlay" dev="dm-1" ino=3142 scontext=u:r:dumpstate:s0 tcontext=u:object_r:vendor_overlay_file:s0 tclass=dir permissive=0
01-01 00:01:45.953000  6511  6511 I auditd  : type=1400 audit(0.0:7053): avc: denied { search } for comm="lsof" name="resource-cache" dev="sdc45" ino=704513 scontext=u:r:dumpstate:s0 tcontext=u:object_r:resourcecache_data_file:s0 tclass=dir permissive=0
01-01 00:01:45.981000  6511  6511 I auditd  : type=1400 audit(0.0:7054): avc: denied { getattr } for comm="lsof" path="/vendor/overlay/framework-res__auto_generated_rro.apk" dev="dm-1" ino=3145 scontext=u:r:dumpstate:s0 tcontext=u:object_r:vendor_overlay_file:s0 tclass=file permissive=0
01-01 00:01:45.985000  6511  6511 I auditd  : type=1400 audit(0.0:7056): avc: denied { getattr } for comm="lsof" path="/data/app/com.sina.weibo-common/com.sina.weibo-common.apk" dev="sdc45" ino=150 scontext=u:r:dumpstate:s0 tcontext=u:object_r:apk_data_file:s0 tclass=file permissive=0
01-01 00:01:46.001000  6511  6511 I auditd  : type=1400 audit(0.0:7057): avc: denied { search } for comm="lsof" name="overlay" dev="dm-1" ino=3142 scontext=u:r:dumpstate:s0 tcontext=u:object_r:vendor_overlay_file:s0 tclass=dir permissive=0
01-01 00:01:46.033000  6511  6511 I auditd  : type=1400 audit(0.0:7059): avc: denied { getattr } for comm="lsof" path="/vendor/overlay/framework-res__auto_generated_rro.apk" dev="dm-1" ino=3145 scontext=u:r:dumpstate:s0 tcontext=u:object_r:vendor_overlay_file:s0 tclass=file permissive=0
01-01 00:01:46.033000  6511  6511 I auditd  : type=1400 audit(0.0:7060): avc: denied { getattr } for comm="lsof" path="socket:[67481]" dev="sockfs" ino=67481 scontext=u:r:dumpstate:s0 tcontext=u:r:system_app:s0 tclass=unix_stream_socket permissive=0
01-01 00:01:46.033000  6511  6511 I auditd  : type=1400 audit(0.0:7061): avc: denied { getattr } for comm="lsof" path="socket:[84073]" dev="sockfs" ino=84073 scontext=u:r:dumpstate:s0 tcontext=u:r:system_app:s0 tclass=unix_stream_socket permissive=0
01-01 00:01:46.037000  6511  6511 I auditd  : type=1400 audit(0.0:7062): avc: denied { getattr } for comm="lsof" path="socket:[84074]" dev="sockfs" ino=84074 scontext=u:r:dumpstate:s0 tcontext=u:r:system_app:s0 tclass=unix_stream_socket permissive=0
01-01 00:01:46.037000  6511  6511 I auditd  : type=1400 audit(0.0:7063): avc: denied { getattr } for comm="lsof" path="socket:[83276]" dev="sockfs" ino=83276 scontext=u:r:dumpstate:s0 tcontext=u:r:system_app:s0 tclass=unix_dgram_socket permissive=0
01-01 00:01:46.037000  6511  6511 I auditd  : type=1400 audit(0.0:7064): avc: denied { getattr } for comm="lsof" path="/dev/pmsg0" dev="tmpfs" ino=8240 scontext=u:r:dumpstate:s0 tcontext=u:object_r:pmsg_device:s0 tclass=chr_file permissive=0
01-01 00:01:46.057000  6511  6511 I auditd  : type=1400 audit(0.0:7065): avc: denied { search } for comm="lsof" name="overlay" dev="dm-1" ino=3142 scontext=u:r:dumpstate:s0 tcontext=u:object_r:vendor_overlay_file:s0 tclass=dir permissive=0
01-01 00:01:46.061000  6511  6511 I auditd  : type=1400 audit(0.0:7066): avc: denied { search } for comm="lsof" name="resource-cache" dev="sdc45" ino=704513 scontext=u:r:dumpstate:s0 tcontext=u:object_r:resourcecache_data_file:s0 tclass=dir permissive=0
01-01 00:01:46.089000  6511  6511 I auditd  : type=1400 audit(0.0:7067): avc: denied { getattr } for comm="lsof" path="/vendor/overlay/framework-res__auto_generated_rro.apk" dev="dm-1" ino=3145 scontext=u:r:dumpstate:s0 tcontext=u:object_r:vendor_overlay_file:s0 tclass=file permissive=0
01-01 00:01:46.105000  6511  6511 I auditd  : type=1400 audit(0.0:7073): avc: denied { search } for comm="lsof" name="com.coloros.athena" dev="sdc45" ino=1802362 scontext=u:r:dumpstate:s0 tcontext=u:object_r:system_app_data_file:s0 tclass=dir permissive=0
01-01 00:01:46.109000  6511  6511 I auditd  : type=1400 audit(0.0:7075): avc: denied { search } for comm="lsof" name="resource-cache" dev="sdc45" ino=704513 scontext=u:r:dumpstate:s0 tcontext=u:object_r:resourcecache_data_file:s0 tclass=dir permissive=0
01-01 00:01:46.137000  6511  6511 I auditd  : type=1400 audit(0.0:7076): avc: denied { getattr } for comm="lsof" path="/vendor/overlay/framework-res__auto_generated_rro.apk" dev="dm-1" ino=3145 scontext=u:r:dumpstate:s0 tcontext=u:object_r:vendor_overlay_file:s0 tclass=file permissive=0
01-01 00:01:46.141000  6511  6511 I auditd  : type=1400 audit(0.0:7082): avc: denied { getattr } for comm="lsof" path="/data/data/com.coloros.athena/databases/coloros_athena.db" dev="sdc45" ino=1810794 scontext=u:r:dumpstate:s0 tcontext=u:object_r:system_app_data_file:s0 tclass=file permissive=0
01-01 00:01:46.157000  6511  6511 I auditd  : type=1400 audit(0.0:7085): avc: denied { search } for comm="lsof" name="overlay" dev="dm-1" ino=3142 scontext=u:r:dumpstate:s0 tcontext=u:object_r:vendor_overlay_file:s0 tclass=dir permissive=0
01-01 00:01:46.189000  6511  6511 I auditd  : type=1400 audit(0.0:7087): avc: denied { getattr } for comm="lsof" path="/vendor/overlay/framework-res__auto_generated_rro.apk" dev="dm-1" ino=3145 scontext=u:r:dumpstate:s0 tcontext=u:object_r:vendor_overlay_file:s0 tclass=file permissive=0
01-01 00:01:46.205000  6511  6511 I auditd  : type=1400 audit(0.0:7089): avc: denied { search } for comm="lsof" name="overlay" dev="dm-1" ino=3142 scontext=u:r:dumpstate:s0 tcontext=u:object_r:vendor_overlay_file:s0 tclass=dir permissive=0
01-01 00:01:46.233000  6511  6511 I auditd  : type=1400 audit(0.0:7091): avc: denied { getattr } for comm="lsof" path="/vendor/overlay/framework-res__auto_generated_rro.apk" dev="dm-1" ino=3145 scontext=u:r:dumpstate:s0 tcontext=u:object_r:vendor_overlay_file:s0 tclass=file permissive=0
01-01 00:01:46.237000  6511  6511 I auditd  : type=1400 audit(0.0:7093): avc: denied { getattr } for comm="lsof" path="socket:[84191]" dev="sockfs" ino=84191 scontext=u:r:dumpstate:s0 tcontext=u:r:system_app:s0 tclass=unix_stream_socket permissive=0
01-01 00:01:46.241000  6511  6511 I auditd  : type=1400 audit(0.0:7097): avc: denied { getattr } for comm="lsof" path="/proc/perfmgr/perf_ioctl" dev="proc" ino=4026532923 scontext=u:r:dumpstate:s0 tcontext=u:object_r:proc_perfmgr:s0 tclass=file permissive=0
01-01 00:01:46.253000  6511  6511 I auditd  : type=1400 audit(0.0:7098): avc: denied { search } for comm="lsof" name="overlay" dev="dm-1" ino=3142 scontext=u:r:dumpstate:s0 tcontext=u:object_r:vendor_overlay_file:s0 tclass=dir permissive=0
01-01 00:01:46.257000  6511  6511 I auditd  : type=1400 audit(0.0:7099): avc: denied { search } for comm="lsof" name="resource-cache" dev="sdc45" ino=704513 scontext=u:r:dumpstate:s0 tcontext=u:object_r:resourcecache_data_file:s0 tclass=dir permissive=0
01-01 00:01:46.285000  6511  6511 I auditd  : type=1400 audit(0.0:7100): avc: denied { getattr } for comm="lsof" path="/vendor/overlay/framework-res__auto_generated_rro.apk" dev="dm-1" ino=3145 scontext=u:r:dumpstate:s0 tcontext=u:object_r:vendor_overlay_file:s0 tclass=file permissive=0
01-01 00:01:46.289000  6511  6511 I auditd  : type=1400 audit(0.0:7104): avc: denied { getattr } for comm="lsof" path="socket:[84253]" dev="sockfs" ino=84253 scontext=u:r:dumpstate:s0 tcontext=u:r:system_app:s0 tclass=unix_dgram_socket permissive=0
01-01 00:01:46.301000  6511  6511 I auditd  : type=1400 audit(0.0:7106): avc: denied { search } for comm="lsof" name="overlay" dev="dm-1" ino=3142 scontext=u:r:dumpstate:s0 tcontext=u:object_r:vendor_overlay_file:s0 tclass=dir permissive=0
01-01 00:01:46.305000  6511  6511 I auditd  : type=1400 audit(0.0:7107): avc: denied { search } for comm="lsof" name="resource-cache" dev="sdc45" ino=704513 scontext=u:r:dumpstate:s0 tcontext=u:object_r:resourcecache_data_file:s0 tclass=dir permissive=0
01-01 00:01:46.333000  6511  6511 I auditd  : type=1400 audit(0.0:7108): avc: denied { getattr } for comm="lsof" path="/vendor/overlay/framework-res__auto_generated_rro.apk" dev="dm-1" ino=3145 scontext=u:r:dumpstate:s0 tcontext=u:object_r:vendor_overlay_file:s0 tclass=file permissive=0
01-01 00:01:46.337000  6511  6511 I auditd  : type=1400 audit(0.0:7109): avc: denied { getattr } for comm="lsof" path="/dev/pmsg0" dev="tmpfs" ino=8240 scontext=u:r:dumpstate:s0 tcontext=u:object_r:pmsg_device:s0 tclass=chr_file permissive=0
01-01 00:01:46.357000  6511  6511 I auditd  : type=1400 audit(0.0:7110): avc: denied { search } for comm="lsof" name="overlay" dev="dm-1" ino=3142 scontext=u:r:dumpstate:s0 tcontext=u:object_r:vendor_overlay_file:s0 tclass=dir permissive=0
01-01 00:01:46.385000  6511  6511 I auditd  : type=1400 audit(0.0:7112): avc: denied { getattr } for comm="lsof" path="/vendor/overlay/framework-res__auto_generated_rro.apk" dev="dm-1" ino=3145 scontext=u:r:dumpstate:s0 tcontext=u:object_r:vendor_overlay_file:s0 tclass=file permissive=0
01-01 00:01:46.389000  6511  6511 I auditd  : type=1400 audit(0.0:7113): avc: denied { getattr } for comm="lsof" path="socket:[82746]" dev="sockfs" ino=82746 scontext=u:r:dumpstate:s0 tcontext=u:r:untrusted_app_27:s0:c512,c768 tclass=unix_stream_socket permissive=0
01-01 00:01:46.401000  6511  6511 I auditd  : type=1400 audit(0.0:7118): avc: denied { search } for comm="lsof" name="com.coloros.gamespace" dev="sdc45" ino=1802306 scontext=u:r:dumpstate:s0 tcontext=u:object_r:system_app_data_file:s0 tclass=dir permissive=0
01-01 00:01:46.405000  6511  6511 I auditd  : type=1400 audit(0.0:7120): avc: denied { search } for comm="lsof" name="resource-cache" dev="sdc45" ino=704513 scontext=u:r:dumpstate:s0 tcontext=u:object_r:resourcecache_data_file:s0 tclass=dir permissive=0
01-01 00:01:46.433000  6511  6511 I auditd  : type=1400 audit(0.0:7121): avc: denied { getattr } for comm="lsof" path="/vendor/overlay/framework-res__auto_generated_rro.apk" dev="dm-1" ino=3145 scontext=u:r:dumpstate:s0 tcontext=u:object_r:vendor_overlay_file:s0 tclass=file permissive=0
01-01 00:01:46.437000  6511  6511 I auditd  : type=1400 audit(0.0:7123): avc: denied { getattr } for comm="lsof" path="socket:[83545]" dev="sockfs" ino=83545 scontext=u:r:dumpstate:s0 tcontext=u:r:system_app:s0 tclass=unix_stream_socket permissive=0
01-01 00:01:46.449000  6511  6511 I auditd  : type=1400 audit(0.0:7130): avc: denied { search } for comm="lsof" name="overlay" dev="dm-1" ino=3142 scontext=u:r:dumpstate:s0 tcontext=u:object_r:vendor_overlay_file:s0 tclass=dir permissive=0
01-01 00:01:46.453000  6511  6511 I auditd  : type=1400 audit(0.0:7131): avc: denied { search } for comm="lsof" name="resource-cache" dev="sdc45" ino=704513 scontext=u:r:dumpstate:s0 tcontext=u:object_r:resourcecache_data_file:s0 tclass=dir permissive=0
01-01 00:01:46.481000  6511  6511 I auditd  : type=1400 audit(0.0:7132): avc: denied { getattr } for comm="lsof" path="/vendor/overlay/framework-res__auto_generated_rro.apk" dev="dm-1" ino=3145 scontext=u:r:dumpstate:s0 tcontext=u:object_r:vendor_overlay_file:s0 tclass=file permissive=0
01-01 00:01:46.497000  6511  6511 I auditd  : type=1400 audit(0.0:7138): avc: denied { search } for comm="lsof" name="overlay" dev="dm-1" ino=3142 scontext=u:r:dumpstate:s0 tcontext=u:object_r:vendor_overlay_file:s0 tclass=dir permissive=0
01-01 00:01:46.525000  6511  6511 I auditd  : type=1400 audit(0.0:7140): avc: denied { getattr } for comm="lsof" path="/vendor/overlay/framework-res__auto_generated_rro.apk" dev="dm-1" ino=3145 scontext=u:r:dumpstate:s0 tcontext=u:object_r:vendor_overlay_file:s0 tclass=file permissive=0
01-01 00:01:46.529000  6511  6511 I auditd  : type=1400 audit(0.0:7141): avc: denied { getattr } for comm="lsof" path="/dev/pmsg0" dev="tmpfs" ino=8240 scontext=u:r:dumpstate:s0 tcontext=u:object_r:pmsg_device:s0 tclass=chr_file permissive=0
01-01 00:01:46.545000  6511  6511 I auditd  : type=1400 audit(0.0:7142): avc: denied { search } for comm="lsof" name="overlay" dev="dm-1" ino=3142 scontext=u:r:dumpstate:s0 tcontext=u:object_r:vendor_overlay_file:s0 tclass=dir permissive=0
01-01 00:01:46.573000  6511  6511 I auditd  : type=1400 audit(0.0:7144): avc: denied { getattr } for comm="lsof" path="/vendor/overlay/framework-res__auto_generated_rro.apk" dev="dm-1" ino=3145 scontext=u:r:dumpstate:s0 tcontext=u:object_r:vendor_overlay_file:s0 tclass=file permissive=0
01-01 00:01:46.589000  6511  6511 I auditd  : type=1400 audit(0.0:7146): avc: denied { search } for comm="lsof" name="overlay" dev="dm-1" ino=3142 scontext=u:r:dumpstate:s0 tcontext=u:object_r:vendor_overlay_file:s0 tclass=dir permissive=0
01-01 00:01:46.593000  6511  6511 I auditd  : type=1400 audit(0.0:7147): avc: denied { search } for comm="lsof" name="resource-cache" dev="sdc45" ino=704513 scontext=u:r:dumpstate:s0 tcontext=u:object_r:resourcecache_data_file:s0 tclass=dir permissive=0
01-01 00:01:46.621000  6511  6511 I auditd  : type=1400 audit(0.0:7148): avc: denied { getattr } for comm="lsof" path="/vendor/overlay/framework-res__auto_generated_rro.apk" dev="dm-1" ino=3145 scontext=u:r:dumpstate:s0 tcontext=u:object_r:vendor_overlay_file:s0 tclass=file permissive=0
01-01 00:01:46.637000  6511  6511 I auditd  : type=1400 audit(0.0:7150): avc: denied { search } for comm="lsof" name="com.coloros.sau" dev="sdc45" ino=1802616 scontext=u:r:dumpstate:s0 tcontext=u:object_r:system_app_data_file:s0 tclass=dir permissive=0
01-01 00:01:46.641000  6511  6511 I auditd  : type=1400 audit(0.0:7153): avc: denied { search } for comm="lsof" name="resource-cache" dev="sdc45" ino=704513 scontext=u:r:dumpstate:s0 tcontext=u:object_r:resourcecache_data_file:s0 tclass=dir permissive=0
01-01 00:01:46.648508  1138  4966 I am_kill : [0,3160,com.android.settings:CryptKeeper,906,empty #17]
01-01 00:01:46.663169  1138  1167 I am_pss  : [3239,1000,com.coloros.simsettings,33202176,24203264,0,0,0,4,7]
01-01 00:01:46.668536  1138  4966 I am_kill : [0,3754,com.android.wallpaper.livepicker,906,empty #17]
01-01 00:01:46.672200  1138  4832 I am_proc_died: [0,3160,com.android.settings:CryptKeeper,906,18]
01-01 00:01:46.673000  6511  6511 I auditd  : type=1400 audit(0.0:7154): avc: denied { getattr } for comm="lsof" path="/vendor/overlay/framework-res__auto_generated_rro.apk" dev="dm-1" ino=3145 scontext=u:r:dumpstate:s0 tcontext=u:object_r:vendor_overlay_file:s0 tclass=file permissive=0
01-01 00:01:46.673000  6511  6511 I auditd  : type=1400 audit(0.0:7155): avc: denied { getattr } for comm="lsof" path="socket:[88111]" dev="sockfs" ino=88111 scontext=u:r:dumpstate:s0 tcontext=u:r:system_app:s0 tclass=unix_stream_socket permissive=0
01-01 00:01:46.673000  6511  6511 I auditd  : type=1400 audit(0.0:7156): avc: denied { getattr } for comm="lsof" path="socket:[88112]" dev="sockfs" ino=88112 scontext=u:r:dumpstate:s0 tcontext=u:r:system_app:s0 tclass=unix_stream_socket permissive=0
01-01 00:01:46.677000  6511  6511 I auditd  : type=1400 audit(0.0:7157): avc: denied { getattr } for comm="lsof" path="socket:[88124]" dev="sockfs" ino=88124 scontext=u:r:dumpstate:s0 tcontext=u:r:system_app:s0 tclass=unix_stream_socket permissive=0
01-01 00:01:46.677000  6511  6511 I auditd  : type=1400 audit(0.0:7158): avc: denied { getattr } for comm="lsof" path="socket:[86125]" dev="sockfs" ino=86125 scontext=u:r:dumpstate:s0 tcontext=u:r:system_app:s0 tclass=unix_dgram_socket permissive=0
01-01 00:01:46.686700  1138  4832 I am_proc_died: [0,3754,com.android.wallpaper.livepicker,906,18]
01-01 00:01:46.692199  1138  1167 I am_pss  : [4868,1000,com.coloros.athena,8649728,6914048,0,0,0,5,6]
01-01 00:01:46.697000  6511  6511 I auditd  : type=1400 audit(0.0:7168): avc: denied { search } for comm="lsof" name="overlay" dev="dm-1" ino=3142 scontext=u:r:dumpstate:s0 tcontext=u:object_r:vendor_overlay_file:s0 tclass=dir permissive=0
01-01 00:01:46.699835  1138  1167 I am_pss  : [4811,10002,android.process.contacts,23404544,16347136,0,0,0,5,6]
01-01 00:01:46.697000  6511  6511 I auditd  : type=1400 audit(0.0:7169): avc: denied { search } for comm="lsof" name="resource-cache" dev="sdc45" ino=704513 scontext=u:r:dumpstate:s0 tcontext=u:object_r:resourcecache_data_file:s0 tclass=dir permissive=0
01-01 00:01:46.706931  1138  1167 I am_pss  : [3937,1000,com.coloros.securitypermission,15329280,12935168,0,0,0,4,5]
01-01 00:01:46.719559  1138  1167 I am_pss  : [3349,1000,com.coloros.notificationmanager,112249856,88121344,0,0,0,4,10]
01-01 00:01:46.725943  1138  1167 I am_pss  : [4640,10018,com.android.managedprovisioning,5601280,4415488,0,0,0,18,5]
01-01 00:01:46.725000  6511  6511 I auditd  : type=1400 audit(0.0:7170): avc: denied { getattr } for comm="lsof" path="/vendor/overlay/framework-res__auto_generated_rro.apk" dev="dm-1" ino=3145 scontext=u:r:dumpstate:s0 tcontext=u:object_r:vendor_overlay_file:s0 tclass=file permissive=0
01-01 00:01:46.729000  6511  6511 I auditd  : type=1400 audit(0.0:7171): avc: denied { getattr } for comm="lsof" path="socket:[88583]" dev="sockfs" ino=88583 scontext=u:r:dumpstate:s0 tcontext=u:r:platform_app:s0:c512,c768 tclass=unix_stream_socket permissive=0
01-01 00:01:46.732407  1138  1167 I am_pss  : [4144,10104,com.google.android.marvin.talkback,7265280,4636672,0,0,0,18,6]
01-01 00:01:46.729000  6511  6511 I auditd  : type=1400 audit(0.0:7176): avc: denied { getattr } for comm="lsof" path="socket:[90617]" dev="sockfs" ino=90617 scontext=u:r:dumpstate:s0 tcontext=u:r:platform_app:s0:c512,c768 tclass=unix_stream_socket permissive=0
01-01 00:01:46.737000  6511  6511 I auditd  : type=1400 audit(0.0:7177): avc: denied { getattr } for comm="lsof" path="socket:[80736]" dev="sockfs" ino=80736 scontext=u:r:dumpstate:s0 tcontext=u:r:platform_app:s0:c512,c768 tclass=unix_stream_socket permissive=0
01-01 00:01:46.739528  1138  1167 I am_pss  : [2846,1000,com.coloros.safecenter:clear_filter,11529216,7217152,0,0,0,4,6]
01-01 00:01:46.737000  6511  6511 I auditd  : type=1400 audit(0.0:7178): avc: denied { getattr } for comm="lsof" path="socket:[89292]" dev="sockfs" ino=89292 scontext=u:r:dumpstate:s0 tcontext=u:r:platform_app:s0:c512,c768 tclass=unix_stream_socket permissive=0
01-01 00:01:46.747001  1138  1167 I am_pss  : [2911,1000,com.coloros.mcs,12089344,9846784,0,0,0,5,5]
01-01 00:01:46.753444  1138  1167 I am_pss  : [4264,1000,com.coloros.wirelesssettings,7389184,5840896,0,0,0,18,5]
01-01 00:01:46.753000  6511  6511 I auditd  : type=1400 audit(0.0:7180): avc: denied { search } for comm="lsof" name="overlay" dev="dm-1" ino=3142 scontext=u:r:dumpstate:s0 tcontext=u:object_r:vendor_overlay_file:s0 tclass=dir permissive=0
01-01 00:01:46.757000  6511  6511 I auditd  : type=1400 audit(0.0:7181): avc: denied { search } for comm="lsof" name="resource-cache" dev="sdc45" ino=704513 scontext=u:r:dumpstate:s0 tcontext=u:object_r:resourcecache_data_file:s0 tclass=dir permissive=0
01-01 00:01:46.760340  1138  1167 I am_pss  : [5221,10032,com.coloros.speechassist,12646400,10117120,0,0,0,18,5]
01-01 00:01:46.767076  1138  1167 I am_pss  : [5166,10014,com.google.process.gapps,6112256,3956736,0,0,0,18,5]
01-01 00:01:46.773637  1138  1167 I am_pss  : [5150,10066,com.google.process.gapps,6473728,4898816,0,0,0,18,5]
01-01 00:01:46.780922  1138  1167 I am_pss  : [3175,1000,com.android.settings,23448576,18866176,0,0,0,9,6]
01-01 00:01:46.787688  1138  1167 I am_pss  : [5071,1000,com.coloros.gamespace,8223744,5738496,0,0,0,4,5]
01-01 00:01:46.785000  6511  6511 I auditd  : type=1400 audit(0.0:7182): avc: denied { getattr } for comm="lsof" path="/vendor/overlay/framework-res__auto_generated_rro.apk" dev="dm-1" ino=3145 scontext=u:r:dumpstate:s0 tcontext=u:object_r:vendor_overlay_file:s0 tclass=file permissive=0
01-01 00:01:46.789000  6511  6511 I auditd  : type=1400 audit(0.0:7183): avc: denied { getattr } for comm="lsof" path="/dev/pmsg0" dev="tmpfs" ino=8240 scontext=u:r:dumpstate:s0 tcontext=u:object_r:pmsg_device:s0 tclass=chr_file permissive=0
01-01 00:01:46.794524  1138  1167 I am_pss  : [4674,10092,com.android.printspooler,5076992,3809280,0,0,0,18,6]
01-01 00:01:46.800997  1138  1167 I am_pss  : [4940,1000,com.coloros.gamespace:service,5832704,3538944,0,0,0,5,5]
01-01 00:01:46.805000  6511  6511 I auditd  : type=1400 audit(0.0:7184): avc: denied { search } for comm="lsof" name="overlay" dev="dm-1" ino=3142 scontext=u:r:dumpstate:s0 tcontext=u:object_r:vendor_overlay_file:s0 tclass=dir permissive=0
01-01 00:01:46.808310  1138  1167 I am_pss  : [4918,1000,com.coloros.exserviceui,6334464,3948544,0,0,0,5,6]
01-01 00:01:46.809000  6511  6511 I auditd  : type=1400 audit(0.0:7185): avc: denied { search } for comm="lsof" name="resource-cache" dev="sdc45" ino=704513 scontext=u:r:dumpstate:s0 tcontext=u:object_r:resourcecache_data_file:s0 tclass=dir permissive=0
