01-01 00:01:46.814821  1138  1167 I am_pss  : [4849,10070,com.oppo.instant.local.service,4311040,3063808,0,0,0,5,5]
01-01 00:01:46.821925  1138  1167 I am_pss  : [4736,1000,com.coloros.safecenter,11971584,8298496,0,0,0,5,6]
01-01 00:01:46.828513  1138  1167 I am_pss  : [4891,10035,com.coloros.sceneservice,8852480,7233536,0,0,0,5,5]
01-01 00:01:46.835431  1138  1167 I am_pss  : [4774,10006,com.android.providers.calendar,9029632,4190208,0,0,0,18,4]
01-01 00:01:46.837000  6511  6511 I auditd  : type=1400 audit(0.0:7186): avc: denied { getattr } for comm="lsof" path="/vendor/overlay/framework-res__auto_generated_rro.apk" dev="dm-1" ino=3145 scontext=u:r:dumpstate:s0 tcontext=u:object_r:vendor_overlay_file:s0 tclass=file permissive=0
01-01 00:01:46.841979  1138  1167 I am_pss  : [4707,10017,com.google.android.partnersetup,5233664,4079616,0,0,0,18,5]
01-01 00:01:46.841000  6511  6511 I auditd  : type=1400 audit(0.0:7188): avc: denied { getattr } for comm="lsof" path="/system/bin/netdiag" dev="dm-0" ino=1155 scontext=u:r:dumpstate:s0 tcontext=u:object_r:netdiag_exec:s0 tclass=file permissive=0
01-01 00:01:46.845000  6511  6511 I auditd  : type=1400 audit(0.0:7191): avc: denied { getattr } for comm="lsof" path="/dev/pmsg0" dev="tmpfs" ino=8240 scontext=u:r:dumpstate:s0 tcontext=u:object_r:pmsg_device:s0 tclass=chr_file permissive=0
01-01 00:01:46.848861  1138  1167 I am_pss  : [4599,10101,com.android.smspush,3917824,2727936,0,0,0,5,5]
01-01 00:01:46.849000  6511  6511 I auditd  : type=1400 audit(0.0:7195): avc: denied { getattr } for comm="lsof" path="pipe:[88916]" dev="pipefs" ino=88916 scontext=u:r:dumpstate:s0 tcontext=u:r:netdiag:s0 tclass=fifo_file permissive=0
01-01 00:01:46.853000  6511  6511 I auditd  : type=1400 audit(0.0:7199): avc: denied { getattr } for comm="lsof" path="pipe:[88916]" dev="pipefs" ino=88916 scontext=u:r:dumpstate:s0 tcontext=u:r:netdiag:s0 tclass=fifo_file permissive=0
01-01 00:01:46.856377  1138  1167 I am_pss  : [4560,10075,com.amap.android.location,8845312,6475776,0,0,0,7,6]
01-01 00:01:46.862841  1138  1167 I am_pss  : [3776,10013,com.coloros.findmyphone,6531072,4898816,0,0,0,18,5]
01-01 00:01:46.868852  1138  1167 I am_pss  : [4215,10045,com.coloros.video,8697856,4001792,0,0,0,18,5]
01-01 00:01:46.869000  6511  6511 I auditd  : type=1400 audit(0.0:7207): avc: denied { search } for comm="lsof" name="overlay" dev="dm-1" ino=3142 scontext=u:r:dumpstate:s0 tcontext=u:object_r:vendor_overlay_file:s0 tclass=dir permissive=0
01-01 00:01:46.879310  1138  1167 I am_pss  : [3399,10027,com.oppo.launcher,80844800,62296064,0,0,0,4,9]
01-01 00:01:46.885840  1138  1167 I am_pss  : [3207,10051,com.coloros.alarmclock,13176832,8085504,0,0,0,9,5]
01-01 00:01:46.892156  1138  1167 I am_pss  : [3916,10015,com.google.android.ext.services,4547584,3125248,0,0,0,18,5]
01-01 00:01:46.899189  1138  1167 I am_pss  : [3740,1001,com.android.incallui,8139776,6025216,0,0,0,5,6]
01-01 00:01:46.901000  6511  6511 I auditd  : type=1400 audit(0.0:7209): avc: denied { getattr } for comm="lsof" path="/vendor/overlay/framework-res__auto_generated_rro.apk" dev="dm-1" ino=3145 scontext=u:r:dumpstate:s0 tcontext=u:object_r:vendor_overlay_file:s0 tclass=file permissive=0
01-01 00:01:46.901000  6511  6511 I auditd  : type=1400 audit(0.0:7210): avc: denied { getattr } for comm="lsof" path="socket:[92346]" dev="sockfs" ino=92346 scontext=u:r:dumpstate:s0 tcontext=u:r:platform_app:s0:c512,c768 tclass=unix_stream_socket permissive=0
01-01 00:01:46.921000  6511  6511 I auditd  : type=1400 audit(0.0:7215): avc: denied { search } for comm="lsof" name="overlay" dev="dm-1" ino=3142 scontext=u:r:dumpstate:s0 tcontext=u:object_r:vendor_overlay_file:s0 tclass=dir permissive=0
01-01 00:01:46.949000  6511  6511 I auditd  : type=1400 audit(0.0:7217): avc: denied { getattr } for comm="lsof" path="/vendor/overlay/framework-res__auto_generated_rro.apk" dev="dm-1" ino=3145 scontext=u:r:dumpstate:s0 tcontext=u:object_r:vendor_overlay_file:s0 tclass=file permissive=0
01-01 00:01:46.953000  6511  6511 I auditd  : type=1400 audit(0.0:7219): avc: denied { getattr } for comm="lsof" path="socket:[85281]" dev="sockfs" ino=85281 scontext=u:r:dumpstate:s0 tcontext=u:r:untrusted_app_27:s0:c512,c768 tclass=unix_stream_socket permissive=0
01-01 00:01:46.969000  6511  6511 I auditd  : type=1400 audit(0.0:7223): avc: denied { search } for comm="lsof" name="overlay" dev="dm-1" ino=3142 scontext=u:r:dumpstate:s0 tcontext=u:object_r:vendor_overlay_file:s0 tclass=dir permissive=0
01-01 00:01:46.973000  6511  6511 I auditd  : type=1400 audit(0.0:7225): avc: denied { search } for comm="lsof" name="resource-cache" dev="sdc45" ino=704513 scontext=u:r:dumpstate:s0 tcontext=u:object_r:resourcecache_data_file:s0 tclass=dir permissive=0
01-01 00:01:46.997000  6511  6511 I auditd  : type=1400 audit(0.0:7226): avc: denied { getattr } for comm="lsof" path="/vendor/overlay/framework-res__auto_generated_rro.apk" dev="dm-1" ino=3145 scontext=u:r:dumpstate:s0 tcontext=u:object_r:vendor_overlay_file:s0 tclass=file permissive=0
01-01 00:01:47.001000  6511  6511 I auditd  : type=1400 audit(0.0:7227): avc: denied { getattr } for comm="lsof" path="/dev/pmsg0" dev="tmpfs" ino=8240 scontext=u:r:dumpstate:s0 tcontext=u:object_r:pmsg_device:s0 tclass=chr_file permissive=0
01-01 00:01:47.005000  6511  6511 I auditd  : type=1400 audit(0.0:7229): avc: denied { getattr } for comm="lsof" path="/storage/emulated/0/.ColorOSGalleryRecycler/interal_recycle.db-wal" dev="sdcardfs" ino=598148 scontext=u:r:dumpstate:s0 tcontext=u:object_r:sdcardfs:s0 tclass=file permissive=0
01-01 00:01:47.021000  6511  6511 I auditd  : type=1400 audit(0.0:7231): avc: denied { search } for comm="lsof" name="overlay" dev="dm-1" ino=3142 scontext=u:r:dumpstate:s0 tcontext=u:object_r:vendor_overlay_file:s0 tclass=dir permissive=0
01-01 00:01:47.049000  6511  6511 I auditd  : type=1400 audit(0.0:7233): avc: denied { getattr } for comm="lsof" path="/vendor/overlay/framework-res__auto_generated_rro.apk" dev="dm-1" ino=3145 scontext=u:r:dumpstate:s0 tcontext=u:object_r:vendor_overlay_file:s0 tclass=file permissive=0
01-01 00:01:47.053000  6511  6511 I auditd  : type=1400 audit(0.0:7234): avc: denied { getattr } for comm="lsof" path="socket:[95282]" dev="sockfs" ino=95282 scontext=u:r:dumpstate:s0 tcontext=u:r:system_app:s0 tclass=unix_stream_socket permissive=0
01-01 00:01:47.065000  6511  6511 I auditd  : type=1400 audit(0.0:7239): avc: denied { search } for comm="lsof" name="com.coloros.gesture" dev="sdc45" ino=9634026 scontext=u:r:dumpstate:s0 tcontext=u:object_r:system_app_data_file:s0 tclass=dir permissive=0
01-01 00:01:47.069000  6511  6511 I auditd  : type=1400 audit(0.0:7240): avc: denied { search } for comm="lsof" name="overlay" dev="dm-1" ino=3142 scontext=u:r:dumpstate:s0 tcontext=u:object_r:vendor_overlay_file:s0 tclass=dir permissive=0
01-01 00:01:47.097000  6511  6511 I auditd  : type=1400 audit(0.0:7242): avc: denied { getattr } for comm="lsof" path="/vendor/overlay/framework-res__auto_generated_rro.apk" dev="dm-1" ino=3145 scontext=u:r:dumpstate:s0 tcontext=u:object_r:vendor_overlay_file:s0 tclass=file permissive=0
01-01 00:01:47.101000  6511  6511 I auditd  : type=1400 audit(0.0:7243): avc: denied { getattr } for comm="lsof" path="socket:[87018]" dev="sockfs" ino=87018 scontext=u:r:dumpstate:s0 tcontext=u:r:system_app:s0 tclass=unix_stream_socket permissive=0
01-01 00:01:47.117000  6511  6511 I auditd  : type=1400 audit(0.0:7251): avc: denied { search } for comm="lsof" name="overlay" dev="dm-1" ino=3142 scontext=u:r:dumpstate:s0 tcontext=u:object_r:vendor_overlay_file:s0 tclass=dir permissive=0
01-01 00:01:47.145000  6511  6511 I auditd  : type=1400 audit(0.0:7253): avc: denied { getattr } for comm="lsof" path="/vendor/overlay/framework-res__auto_generated_rro.apk" dev="dm-1" ino=3145 scontext=u:r:dumpstate:s0 tcontext=u:object_r:vendor_overlay_file:s0 tclass=file permissive=0
01-01 00:01:47.149000  6511  6511 I auditd  : type=1400 audit(0.0:7254): avc: denied { getattr } for comm="lsof" path="socket:[96030]" dev="sockfs" ino=96030 scontext=u:r:dumpstate:s0 tcontext=u:r:system_app:s0 tclass=unix_stream_socket permissive=0
01-01 00:01:47.149000  6511  6511 I auditd  : type=1400 audit(0.0:7255): avc: denied { getattr } for comm="lsof" path="socket:[96031]" dev="sockfs" ino=96031 scontext=u:r:dumpstate:s0 tcontext=u:r:system_app:s0 tclass=unix_stream_socket permissive=0
01-01 00:01:47.153000  6511  6511 I auditd  : type=1400 audit(0.0:7259): avc: denied { getattr } for comm="lsof" path="/system/bin/aee_core_forwarder" dev="dm-0" ino=926 scontext=u:r:dumpstate:s0 tcontext=u:object_r:aee_core_forwarder_exec:s0 tclass=file permissive=0
01-01 00:01:47.157000  6511  6511 I auditd  : type=1400 audit(0.0:7262): avc: denied { getattr } for comm="lsof" path="socket:[101546]" dev="sockfs" ino=101546 scontext=u:r:dumpstate:s0 tcontext=u:r:aee_core_forwarder:s0 tclass=unix_dgram_socket permissive=0
01-01 00:01:47.177000  6511  6511 I auditd  : type=1400 audit(0.0:7275): avc: denied { getattr } for comm="lsof" path="/dev/pmsg0" dev="tmpfs" ino=8240 scontext=u:r:dumpstate:s0 tcontext=u:object_r:pmsg_device:s0 tclass=chr_file permissive=0
01-01 00:01:47.181000  6511  6511 I auditd  : type=1400 audit(0.0:7276): avc: denied { getattr } for comm="lsof" path="/sys/devices/platform/odm/odm:vibrator@0/leds/vibrator/duration" dev="sysfs" ino=23672 scontext=u:r:dumpstate:s0 tcontext=u:object_r:sysfs_vibrator:s0 tclass=file permissive=0
01-01 00:01:47.343420  1138  1169 I service_manager_stats: [100,41,11014]
01-01 00:01:47.493000  6167  6167 I auditd  : type=1400 audit(0.0:7282): avc: denied { read } for comm="aee_dumpstate" name="dbg_repo" dev="proc" ino=4026534096 scontext=u:r:dumpstate:s0 tcontext=u:object_r:proc:s0 tclass=file permissive=0
01-01 00:01:47.493000  6167  6167 I auditd  : type=1400 audit(0.0:7283): avc: denied { write } for comm="aee_dumpstate" name="pidmap" dev="proc" ino=4026532284 scontext=u:r:dumpstate:s0 tcontext=u:object_r:proc_pidmap:s0 tclass=file permissive=0
01-01 00:01:47.529000  6167  6167 I auditd  : type=1400 audit(0.0:7284): avc: denied { read } for comm="aee_dumpstate" name="ref" dev="sdc45" ino=5783593 scontext=u:r:dumpstate:s0 tcontext=u:object_r:user_profile_data_file:s0 tclass=dir permissive=0
01-01 00:01:47.533000  6167  6167 I auditd  : type=1400 audit(0.0:7285): avc: denied { read } for comm="aee_dumpstate" name="dvfsrc_dump" dev="sysfs" ino=38736 scontext=u:r:dumpstate:s0 tcontext=u:object_r:sysfs:s0 tclass=file permissive=0
01-01 00:01:47.537000  6167  6167 I auditd  : type=1400 audit(0.0:7287): avc: denied { read } for comm="aee_dumpstate" name="dipdebug" dev="sdc45" ino=10616839 scontext=u:r:dumpstate:s0 tcontext=u:object_r:aee_dipdebug_vendor_file:s0 tclass=dir permissive=0
01-01 00:01:48.496371  1138  4832 I am_kill : [0,3916,com.google.android.ext.services,906,empty #17]
01-01 00:01:48.507332  1138  1167 I am_pss  : [5475,10025,com.android.mms,21080064,11587584,0,0,0,9,6]
01-01 00:01:48.514124  1138  4966 I am_proc_died: [0,3916,com.google.android.ext.services,906,18]
01-01 00:01:48.514472  1138  4966 I am_uid_stopped: 10015
01-01 00:01:48.524143  1138  1167 I am_pss  : [5542,10025,com.android.mms:mms_service,12731392,4820992,0,0,0,9,5]
01-01 00:01:48.532280  1138  1167 I am_pss  : [5425,10074,com.mediatek.mtklogger,7065600,5488640,0,0,0,3,6]
01-01 00:01:50.356784  1138  1243 I power_sleep_requested: 0
01-01 00:01:50.357952  1138  4966 I imf_force_reconnect_ime: [com.sohu.inputmethod.sogouoem/.SogouIME,26694,0]
01-01 00:01:50.387800  1138  2815 I am_kill : [0,4215,com.coloros.video,906,empty #17]
01-01 00:01:50.393008  1138  4966 I am_uid_running: 10105
01-01 00:01:50.401465  1138  1167 I am_pss  : [4571,10011,android.process.media,16632832,13303808,0,0,0,9,7]
01-01 00:01:50.403319  2995  2995 I sysui_view_visibility: [207,0]
01-01 00:01:50.403428  2995  2995 I sysui_multi_action: [757,207,758,2]
01-01 00:01:50.404410  1138  4966 I am_proc_died: [0,4215,com.coloros.video,906,18]
01-01 00:01:50.405284  1138  4966 I am_uid_stopped: 10045
01-01 00:01:50.418127  1138  1167 I am_pss  : [5677,10052,com.coloros.cloud,13547520,11526144,0,0,0,3,6]
01-01 00:01:50.418432  1138  1171 I am_proc_start: [0,6539,10105,com.sohu.inputmethod.sogouoem,service,com.sohu.inputmethod.sogouoem/.SogouIME]
01-01 00:01:50.433000  1138  1138 I auditd  : type=1400 audit(0.0:7288): avc: denied { read } for comm="PowerManagerSer" name="u:object_r:graphics_debug_prop:s0" dev="tmpfs" ino=15403 scontext=u:r:system_server:s0 tcontext=u:object_r:graphics_debug_prop:s0 tclass=file permissive=0
01-01 00:01:50.437000  1138  1138 I auditd  : type=1400 audit(0.0:7289): avc: denied { read } for comm="PowerManagerSer" name="u:object_r:debug_bq_dump_prop:s0" dev="tmpfs" ino=14335 scontext=u:r:system_server:s0 tcontext=u:object_r:debug_bq_dump_prop:s0 tclass=file permissive=0
01-01 00:01:50.440293  1138  1495 I am_proc_bound: [0,6539,com.sohu.inputmethod.sogouoem]
01-01 00:01:50.443514  1138  1495 I am_uid_active: 10105
01-01 00:01:50.445000  1138  1138 I auditd  : type=1400 audit(0.0:7291): avc: denied { read } for comm="PowerManagerSer" name="u:object_r:debug_bq_dump_prop:s0" dev="tmpfs" ino=14335 scontext=u:r:system_server:s0 tcontext=u:object_r:debug_bq_dump_prop:s0 tclass=file permissive=0
01-01 00:01:50.445000  1138  1138 I auditd  : type=1400 audit(0.0:7292): avc: denied { read } for comm="PowerManagerSer" name="u:object_r:graphics_debug_prop:s0" dev="tmpfs" ino=15403 scontext=u:r:system_server:s0 tcontext=u:object_r:graphics_debug_prop:s0 tclass=file permissive=0
01-01 00:01:50.445000  1138  1138 I auditd  : type=1400 audit(0.0:7293): avc: denied { read } for comm="PowerManagerSer" name="u:object_r:debug_bq_dump_prop:s0" dev="tmpfs" ino=14335 scontext=u:r:system_server:s0 tcontext=u:object_r:debug_bq_dump_prop:s0 tclass=file permissive=0
01-01 00:01:50.461000  1138  1138 I auditd  : type=1400 audit(0.0:7295): avc: denied { read } for comm="PowerManagerSer" name="u:object_r:graphics_debug_prop:s0" dev="tmpfs" ino=15403 scontext=u:r:system_server:s0 tcontext=u:object_r:graphics_debug_prop:s0 tclass=file permissive=0
01-01 00:01:50.649165  1138  1243 I am_pause_activity: [0,149680591,com.coloros.bootreg/.activity.WelcomePage,userLeaving=false,sleep-request]
01-01 00:01:50.650196  3287  3287 I am_on_paused_called: [0,com.coloros.bootreg.activity.WelcomePage,performPause]
01-01 00:01:50.673673  1138  1168 I am_stop_activity: [0,149680591,com.coloros.bootreg/.activity.WelcomePage]
01-01 00:01:50.676029  1138  1168 I sysui_count: [window_time_0,35]
01-01 00:01:50.676121  1138  1168 I sysui_multi_action: [757,803,799,window_time_0,802,35]
01-01 00:01:50.681625  1138  1138 I battery_saving_stats: [0,1,0,35359,40350,1,35359,40350,1]
01-01 00:01:50.682492  3287  3287 I am_on_stop_called: [0,com.coloros.bootreg.activity.WelcomePage,sleeping]
01-01 00:01:50.833000  6539  6539 I auditd  : type=1400 audit(0.0:7296): avc: denied { read } for comm="Thread-3" name="anr" dev="sdc45" ino=786433 scontext=u:r:untrusted_app_25:s0:c512,c768 tcontext=u:object_r:anr_data_file:s0 tclass=dir permissive=0
01-01 00:01:50.841434  1138  1490 I commit_sys_config_file: [settings-1-0,8]
01-01 00:01:50.882171  1138  2815 I sysui_multi_action: [757,198,758,2,759,3]
01-01 00:01:50.882302  1138  2815 I power_screen_state: [0,3,0,0,0]
01-01 00:01:50.882383  1138  2815 I screen_toggled: 0
01-01 00:01:50.882466  1138  2815 I sysui_histogram: [screen_timeout,30]
01-01 00:01:50.882546  1138  2815 I sysui_multi_action: [757,804,799,screen_timeout,801,30,802,1]
01-01 00:01:50.883129  1138  2815 I power_screen_broadcast_send: 1
01-01 00:01:50.904083  1138  1167 I am_pss  : [5832,1000,com.android.settings:index,7280640,3514368,0,0,0,9,5]
01-01 00:01:50.924221  1138  1138 I device_idle: [1,no activity]
01-01 00:01:50.925392  1138  1138 I device_idle_light: [1,no activity]
01-01 00:01:52.649000  6539  6539 I auditd  : type=1400 audit(0.0:7297): avc: denied { read } for comm="Thread-6" name="anr" dev="sdc45" ino=786433 scontext=u:r:untrusted_app_25:s0:c512,c768 tcontext=u:object_r:anr_data_file:s0 tclass=dir permissive=0
01-01 00:01:55.933102  1138  6603 I cpu     : [35,17,17,1,0,0]
01-01 00:01:57.325422  1138  1167 I am_pss  : [5272,1000,com.coloros.sau,7932928,6000640,0,0,0,5,9]
01-01 00:01:57.372389  1138  4966 I am_proc_died: [0,5272,com.coloros.sau,100,5]
01-01 00:01:57.372987  1138  4966 I am_schedule_service_restart: [0,com.coloros.sau/.service.SAUAppService,1000]
01-01 00:01:57.392998  1138  4966 I am_kill : [0,3776,com.coloros.findmyphone,906,empty #17]
01-01 00:01:57.413350  1138  1167 I am_pss  : [6075,1000,com.oppo.logkit,8794112,6676480,0,0,0,5,9]
01-01 00:01:57.424226  1138  4966 I am_proc_died: [0,3776,com.coloros.findmyphone,906,18]
01-01 00:01:57.424844  1138  4966 I am_uid_stopped: 10013
01-01 00:01:57.441320  1138  1167 I am_pss  : [6029,1000,com.coloros.gesture,5972992,4427776,0,0,0,3,9]
01-01 00:01:57.453626  1138  1167 I am_pss  : [4530,1000,com.coloros.appmanager,4766720,3383296,0,0,0,0,8]
01-01 00:01:57.466585  1138  1167 I am_pss  : [4515,1000,com.oppo.resmonitor,4071424,2838528,0,0,0,0,9]
01-01 00:01:57.479670  1138  1167 I am_pss  : [4483,1000,com.oppo.ovoicemanager,5031936,3792896,0,0,0,0,9]
01-01 00:01:57.491845  1138  1167 I am_pss  : [4454,1068,com.android.se,5359616,3923968,0,0,0,0,9]
01-01 00:01:57.503864  1138  1167 I am_pss  : [4428,10084,com.oppo.multimedia.dolby,5918720,4284416,0,0,0,0,8]
01-01 00:01:57.521783  1138  1167 I am_pss  : [4391,1027,com.android.nfc,139960320,98820096,0,0,0,0,15]
01-01 00:01:57.532380  1138  1167 I am_pss  : [4377,10044,com.dolby.daxservice,5890048,4284416,0,0,0,0,7]
01-01 00:01:57.542841  1138  1167 I am_pss  : [4349,1000,com.oppo.oppopowermonitor,4236288,2977792,0,0,0,0,8]
01-01 00:01:57.552215  1138  1167 I am_pss  : [4243,1000,com.oppo.gestureservice,4830208,3452928,0,0,0,0,6]
01-01 00:01:57.563575  1138  1167 I am_pss  : [3835,1001,com.mediatek.ims,14376960,10280960,0,0,0,0,8]
01-01 00:01:57.574109  1138  1167 I am_pss  : [3967,1000,com.oppo.atlas,6000640,4296704,0,0,0,0,7]
01-01 00:01:57.584014  1138  1167 I am_pss  : [3143,1000,com.color.eyeprotect,5354496,3338240,0,0,0,0,7]
01-01 00:01:57.596136  1138  1167 I am_pss  : [3124,1001,com.android.phone,34246656,27344896,0,0,0,0,9]
01-01 00:01:57.613095  1138  1167 I am_pss  : [2995,10043,com.android.systemui,141782016,126448640,0,0,0,0,14]
01-01 00:01:59.961816  1138  2826 I am_proc_died: [0,4391,com.android.nfc,-800,0]
01-01 00:01:59.962271  1138  2826 I am_broadcast_discard_filter: [-1,249628010,android.intent.action.SCREEN_ON,36,212642563]
01-01 00:01:59.962661  1138  2826 I am_broadcast_discard_app: [0,101584775,android.intent.action.BOOT_COMPLETED,39,ResolveInfo{848be87 com.android.nfc/.NfcBootCompletedReceiver m=0x108000}]
01-01 00:01:59.963836  1138  2826 I am_uid_stopped: 1027
01-01 00:01:59.964699  1138  2826 I am_uid_running: 1027
01-01 00:02:00.061000  6608  6608 I auditd  : type=1400 audit(0.0:7298): avc: denied { read } for comm="sh" name="/" dev="dm-0" ino=2 scontext=u:r:system_app:s0 tcontext=u:object_r:rootfs:s0 tclass=dir permissive=0
01-01 00:02:00.069005  1138  1171 I am_proc_start: [0,6609,1027,com.android.nfc,restart,com.android.nfc]
01-01 00:02:00.075094  1138  2815 I power_screen_broadcast_done: [1,9192,1]
01-01 00:02:00.075244  1138  2815 I power_screen_broadcast_send: 1
01-01 00:02:00.101000  6609  6609 I auditd  : type=1400 audit(0.0:7299): avc: denied { read } for comm="re-initialized>" name="u:object_r:mtk_amslog_prop:s0" dev="tmpfs" ino=15427 scontext=u:r:nfc:s0 tcontext=u:object_r:mtk_amslog_prop:s0 tclass=file permissive=0
01-01 00:02:00.111960  1138  4965 I am_proc_bound: [0,6609,com.android.nfc]
01-01 00:02:00.116096  1138  4965 I am_uid_active: 1027
01-01 00:02:00.129826  1138  1171 I am_proc_start: [0,6630,1000,com.coloros.activation,broadcast,com.coloros.activation/.BootReceiver]
01-01 00:02:00.149000  6630  6630 I auditd  : type=1400 audit(0.0:7300): avc: denied { read } for comm="re-initialized>" name="u:object_r:mtk_amslog_prop:s0" dev="tmpfs" ino=15427 scontext=u:r:system_app:s0 tcontext=u:object_r:mtk_amslog_prop:s0 tclass=file permissive=0
01-01 00:02:00.152988  1138  4361 I am_proc_bound: [0,6630,com.coloros.activation]
01-01 00:02:00.161000  1138  1138 I auditd  : type=1400 audit(0.0:7301): avc: denied { read } for comm="android.bg" name="interrupts" dev="proc" ino=4026532096 scontext=u:r:system_server:s0 tcontext=u:object_r:proc_interrupts:s0 tclass=file permissive=0
01-01 00:02:00.176139  2995  2995 I sysui_view_visibility: [207,0]
01-01 00:02:00.176268  2995  2995 I sysui_multi_action: [757,207,758,2]
01-01 00:02:00.224348  1138  4361 I am_kill : [0,4616,com.coloros.smartdrive,906,empty #17]
01-01 00:02:00.249815  1138  1495 I am_proc_died: [0,4616,com.coloros.smartdrive,906,18]
01-01 00:02:00.250057  1138  1495 I am_uid_stopped: 10036
01-01 00:02:00.260550  1138  4361 I am_uid_running: 10012
01-01 00:02:00.295353  1138  1171 I am_proc_start: [0,6661,10012,com.coloros.browser:mcs,broadcast,com.coloros.browser/com.nearme.mcs.reciever.AlarmEventReceiver]
01-01 00:02:00.312823  1138  2815 I power_screen_broadcast_done: [0,237,1]
01-01 00:02:00.305000  6661  6661 I auditd  : type=1400 audit(0.0:7302): avc: denied { read } for comm="re-initialized>" name="u:object_r:mtk_amslog_prop:s0" dev="tmpfs" ino=15427 scontext=u:r:priv_app:s0:c512,c768 tcontext=u:object_r:mtk_amslog_prop:s0 tclass=file permissive=0
01-01 00:02:00.316855  1138  4965 I am_proc_bound: [0,6661,com.coloros.browser:mcs]
01-01 00:02:00.323072  1138  1490 I commit_sys_config_file: [settings-1-0,17]
01-01 00:02:00.334675  1138  1490 I commit_sys_config_file: [settings-2-0,11]
01-01 00:02:00.337770  1138  1171 I am_proc_start: [0,6679,1000,com.oppo.qualityprotect,service,com.oppo.qualityprotect/.QualityProtectService]
01-01 00:02:00.361000  6679  6679 I auditd  : type=1400 audit(0.0:7303): avc: denied { read } for comm="re-initialized>" name="u:object_r:mtk_amslog_prop:s0" dev="tmpfs" ino=15427 scontext=u:r:system_app:s0 tcontext=u:object_r:mtk_amslog_prop:s0 tclass=file permissive=0
01-01 00:02:00.366064  1138  2826 I am_proc_bound: [0,6679,com.oppo.qualityprotect]
01-01 00:02:00.421000   731   731 I auditd  : type=1400 audit(0.0:7304): avc: denied { read } for comm="Binder:731_4" name="u:object_r:vendor_default_prop:s0" dev="tmpfs" ino=14434 scontext=u:r:drmserver:s0 tcontext=u:object_r:vendor_default_prop:s0 tclass=file permissive=0
01-01 00:02:00.425000   731   731 I auditd  : type=1400 audit(0.0:7305): avc: denied { read } for comm="Binder:731_4" name="u:object_r:vendor_default_prop:s0" dev="tmpfs" ino=14434 scontext=u:r:drmserver:s0 tcontext=u:object_r:vendor_default_prop:s0 tclass=file permissive=0
01-01 00:02:00.433000   737   737 I auditd  : type=1400 audit(0.0:7306): avc: denied { search } for comm="mediaextractor" name="6609" dev="proc" ino=94404 scontext=u:r:mediaextractor:s0 tcontext=u:r:nfc:s0 tclass=dir permissive=0
01-01 00:02:00.517000  6725  6725 I auditd  : type=1400 audit(0.0:7307): avc: denied { associate } for comm="sh" name="para_update" scontext=u:object_r:oppo_healthinfo_proc:s0 tcontext=u:object_r:proc:s0 tclass=filesystem permissive=0
01-01 00:02:00.521000   731   731 I auditd  : type=1400 audit(0.0:7308): avc: denied { read } for comm="Binder:731_3" name="u:object_r:vendor_default_prop:s0" dev="tmpfs" ino=14434 scontext=u:r:drmserver:s0 tcontext=u:object_r:vendor_default_prop:s0 tclass=file permissive=0
01-01 00:02:00.525000   731   731 I auditd  : type=1400 audit(0.0:7309): avc: denied { read } for comm="Binder:731_3" name="u:object_r:vendor_default_prop:s0" dev="tmpfs" ino=14434 scontext=u:r:drmserver:s0 tcontext=u:object_r:vendor_default_prop:s0 tclass=file permissive=0
01-01 00:02:00.531254  1138  1171 I am_proc_start: [0,6733,10012,com.coloros.browser,broadcast,com.coloros.browser/com.oppo.browser.mcs.BrowserMCSMessageReceiver]
01-01 00:02:00.529000  6731  6731 I auditd  : type=1400 audit(0.0:7310): avc: denied { associate } for comm="sh" name="para_update" scontext=u:object_r:oppo_healthinfo_proc:s0 tcontext=u:object_r:proc:s0 tclass=filesystem permissive=0
01-01 00:02:00.533000   737   737 I auditd  : type=1400 audit(0.0:7311): avc: denied { search } for comm="Binder:737_4" name="6609" dev="proc" ino=94404 scontext=u:r:mediaextractor:s0 tcontext=u:r:nfc:s0 tclass=dir permissive=0
01-01 00:02:00.541000  6733  6733 I auditd  : type=1400 audit(0.0:7312): avc: denied { read } for comm="re-initialized>" name="u:object_r:mtk_amslog_prop:s0" dev="tmpfs" ino=15427 scontext=u:r:priv_app:s0:c512,c768 tcontext=u:object_r:mtk_amslog_prop:s0 tclass=file permissive=0
01-01 00:02:00.548343  1138  4361 I am_proc_bound: [0,6733,com.coloros.browser]
01-01 00:02:00.557000  6755  6755 I auditd  : type=1400 audit(0.0:7313): avc: denied { associate } for comm="sh" name="para_update" scontext=u:object_r:oppo_healthinfo_proc:s0 tcontext=u:object_r:proc:s0 tclass=filesystem permissive=0
01-01 00:02:00.572029  1138  4361 I am_proc_died: [0,6661,com.coloros.browser:mcs,900,18]
01-01 00:02:00.573000  6757  6757 I auditd  : type=1400 audit(0.0:7314): avc: denied { associate } for comm="sh" name="para_update" scontext=u:object_r:oppo_healthinfo_proc:s0 tcontext=u:object_r:proc:s0 tclass=filesystem permissive=0
01-01 00:02:00.605000   731   731 I auditd  : type=1400 audit(0.0:7315): avc: denied { read } for comm="Binder:731_4" name="u:object_r:vendor_default_prop:s0" dev="tmpfs" ino=14434 scontext=u:r:drmserver:s0 tcontext=u:object_r:vendor_default_prop:s0 tclass=file permissive=0
01-01 00:02:00.605000   731   731 I auditd  : type=1400 audit(0.0:7316): avc: denied { read } for comm="Binder:731_3" name="u:object_r:vendor_default_prop:s0" dev="tmpfs" ino=14434 scontext=u:r:drmserver:s0 tcontext=u:object_r:vendor_default_prop:s0 tclass=file permissive=0
01-01 00:02:00.612658  1138  1490 I commit_sys_config_file: [settings-1-0,7]
01-01 00:02:00.613000   737   737 I auditd  : type=1400 audit(0.0:7317): avc: denied { search } for comm="Binder:737_1" name="6609" dev="proc" ino=94404 scontext=u:r:mediaextractor:s0 tcontext=u:r:nfc:s0 tclass=dir permissive=0
01-01 00:02:00.687894  1138  1171 I am_proc_start: [0,6768,10012,com.coloros.browser:GuardService,content provider,com.coloros.browser/com.qihoo360.replugin.component.process.ProcessPitProviderPersist]
01-01 00:02:00.697000  6768  6768 I auditd  : type=1400 audit(0.0:7318): avc: denied { read } for comm="re-initialized>" name="u:object_r:mtk_amslog_prop:s0" dev="tmpfs" ino=15427 scontext=u:r:priv_app:s0:c512,c768 tcontext=u:object_r:mtk_amslog_prop:s0 tclass=file permissive=0
01-01 00:02:00.700364  1138  4361 I am_proc_bound: [0,6768,com.coloros.browser:GuardService]
01-01 00:02:00.972119  1138  1171 I am_proc_start: [0,6790,10012,com.coloros.browser:dcs,service,com.coloros.browser/com.oppo.statistics.upload.UploadService]
01-01 00:02:00.989000  6790  6790 I auditd  : type=1400 audit(0.0:7319): avc: denied { read } for comm="re-initialized>" name="u:object_r:mtk_amslog_prop:s0" dev="tmpfs" ino=15427 scontext=u:r:priv_app:s0:c512,c768 tcontext=u:object_r:mtk_amslog_prop:s0 tclass=file permissive=0
01-01 00:02:00.992981  1138  4361 I sysui_multi_action: [757,856,758,1,806,com.coloros.browser,857,default,858,4]
01-01 00:02:00.994284  1138  4361 I am_proc_bound: [0,6790,com.coloros.browser:dcs]
01-01 00:02:00.999643  1138  1138 I commit_sys_config_file: [notification-policy,7]
01-01 00:02:01.009051  1138  1495 I sysui_multi_action: [757,856,758,6,806,com.coloros.browser,857,default,858,4]
01-01 00:02:01.012238  1138  4965 I sysui_multi_action: [757,856,758,6,806,com.coloros.browser,857,default,858,4]
01-01 00:02:01.013704  1138  1495 I sysui_multi_action: [757,856,758,6,806,com.coloros.browser,857,default,858,4]
01-01 00:02:01.015167  1138  1138 I commit_sys_config_file: [notification-policy,6]
01-01 00:02:01.015616  1138  1495 I sysui_multi_action: [757,856,758,6,806,com.coloros.browser,857,default,858,4]
01-01 00:02:01.020135  1138  4361 I sysui_multi_action: [757,856,758,6,806,com.coloros.browser,857,default,858,4]
01-01 00:02:01.020811  1138  1138 I commit_sys_config_file: [notification-policy,5]
01-01 00:02:01.022515  1138  4361 I sysui_multi_action: [757,856,758,6,806,com.coloros.browser,857,default,858,4]
01-01 00:02:01.025775  1138  4965 I sysui_multi_action: [757,856,758,6,806,com.coloros.browser,857,default,858,4]
01-01 00:02:01.026430  1138  1138 I commit_sys_config_file: [notification-policy,6]
01-01 00:02:01.028731  1138  4361 I sysui_multi_action: [757,856,758,6,806,com.coloros.browser,857,default,858,4]
01-01 00:02:01.032429  1138  1138 I commit_sys_config_file: [notification-policy,6]
01-01 00:02:01.037668  1138  1138 I commit_sys_config_file: [notification-policy,5]
01-01 00:02:01.054843  1138  1495 I am_uid_running: 10077
01-01 00:02:01.072909  1138  1171 I am_proc_start: [0,6816,10077,com.oppo.market,content provider,com.oppo.market/com.oppo.oaps.host.b]
01-01 00:02:01.081000  6816  6816 I auditd  : type=1400 audit(0.0:7320): avc: denied { read } for comm="re-initialized>" name="u:object_r:mtk_amslog_prop:s0" dev="tmpfs" ino=15427 scontext=u:r:untrusted_app_27:s0:c512,c768 tcontext=u:object_r:mtk_amslog_prop:s0 tclass=file permissive=0
01-01 00:02:01.086452  1138  6606 I am_proc_bound: [0,6816,com.oppo.market]
01-01 00:02:01.109460  1138  4963 I am_proc_died: [0,6790,com.coloros.browser:dcs,0,9]
01-01 00:02:01.246280  1138  1490 I commit_sys_config_file: [settings-3-0,5]
01-01 00:02:01.364281  1138  1171 I am_proc_start: [0,6851,10077,com.oppo.market:dcs,service,com.oppo.market/com.oppo.cdo.domain.statis.service.StaticSetSSoIdService]
01-01 00:02:01.373000  6851  6851 I auditd  : type=1400 audit(0.0:7321): avc: denied { read } for comm="re-initialized>" name="u:object_r:mtk_amslog_prop:s0" dev="tmpfs" ino=15427 scontext=u:r:untrusted_app_27:s0:c512,c768 tcontext=u:object_r:mtk_amslog_prop:s0 tclass=file permissive=0
01-01 00:02:01.378351  1138  1495 I am_proc_bound: [0,6851,com.oppo.market:dcs]
01-01 00:02:02.195263  1138  1138 I notification_enqueue: [10012,6733,com.coloros.browser,0,BootPush-1,0,Notification(channel=default pri=2 contentView=null vibrate=null sound=null tick defaults=0x0 flags=0x10 color=0x00000000 groupKey=BootPush-1 vis=PRIVATE),0]
01-01 00:02:02.237083  1138  1171 I am_proc_start: [0,6881,1000,com.coloros.childrenspace,broadcast,com.coloros.childrenspace/.controller.ChildrenReceiver]
01-01 00:02:02.265000  6881  6881 I auditd  : type=1400 audit(0.0:7322): avc: denied { read } for comm="re-initialized>" name="u:object_r:mtk_amslog_prop:s0" dev="tmpfs" ino=15427 scontext=u:r:system_app:s0 tcontext=u:object_r:mtk_amslog_prop:s0 tclass=file permissive=0
01-01 00:02:02.270813  1138  1495 I am_proc_bound: [0,6881,com.coloros.childrenspace]
01-01 00:02:02.352383  1138  1495 I am_proc_died: [0,6881,com.coloros.childrenspace,0,10]
01-01 00:02:02.352592  1138  1495 I am_broadcast_discard_app: [0,101584775,android.intent.action.BOOT_COMPLETED,50,ResolveInfo{2349923 com.coloros.childrenspace/.controller.ChildrenReceiver m=0x108000}]
01-01 00:02:02.389133  1138  1171 I am_proc_start: [0,6902,1000,com.coloros.osecret,broadcast,com.coloros.osecret/.BootReceiver]
01-01 00:02:02.405000  6902  6902 I auditd  : type=1400 audit(0.0:7323): avc: denied { read } for comm="re-initialized>" name="u:object_r:mtk_amslog_prop:s0" dev="tmpfs" ino=15427 scontext=u:r:system_app:s0 tcontext=u:object_r:mtk_amslog_prop:s0 tclass=file permissive=0
01-01 00:02:02.407828  1138  3873 I am_proc_bound: [0,6902,com.coloros.osecret]
01-01 00:02:02.417085  1138  6899 I cpu     : [30,16,12,1,0,0]
01-01 00:02:02.413000  4829  4829 I auditd  : type=1400 audit(0.0:7324): avc: denied { search } for comm="Thread-4" name="/" dev="bpf" ino=1 scontext=u:r:system_app:s0 tcontext=u:object_r:fs_bpf:s0 tclass=dir permissive=0
01-01 00:02:02.452063  1138  1495 I am_uid_running: 10072
01-01 00:02:02.465768  1138  1171 I am_proc_start: [0,6920,10072,com.nearme.instant.platform:provider,content provider,com.nearme.instant.platform/.setting.db.InstantProvider]
01-01 00:02:02.477000  6920  6920 I auditd  : type=1400 audit(0.0:7325): avc: denied { read } for comm="re-initialized>" name="u:object_r:mtk_amslog_prop:s0" dev="tmpfs" ino=15427 scontext=u:r:untrusted_app_25:s0:c512,c768 tcontext=u:object_r:mtk_amslog_prop:s0 tclass=file permissive=0
01-01 00:02:02.479474  1138  3873 I am_proc_bound: [0,6920,com.nearme.instant.platform:provider]
01-01 00:02:02.482747  1138  3873 I am_uid_active: 10072
01-01 00:02:02.484479  1138  3873 I am_uid_running: 10061
01-01 00:02:02.487345  1138  3873 I am_kill : [0,4707,com.google.android.partnersetup,906,empty #17]
01-01 00:02:02.504391  1138  1171 I am_proc_start: [0,6934,10061,com.coloros.providers.fileinfo,broadcast,com.coloros.providers.fileinfo/.receiver.DataUpdaterReceiver]
01-01 00:02:02.504872  1138  4963 I am_proc_died: [0,4707,com.google.android.partnersetup,906,18]
01-01 00:02:02.505286  1138  4963 I am_uid_stopped: 10017
01-01 00:02:02.517000  6934  6934 I auditd  : type=1400 audit(0.0:7326): avc: denied { read } for comm="re-initialized>" name="u:object_r:mtk_amslog_prop:s0" dev="tmpfs" ino=15427 scontext=u:r:platform_app:s0:c512,c768 tcontext=u:object_r:mtk_amslog_prop:s0 tclass=file permissive=0
01-01 00:02:02.522394  1138  4963 I am_proc_bound: [0,6934,com.coloros.providers.fileinfo]
01-01 00:02:02.575093  1138  1490 I commit_sys_config_file: [settings-1-0,5]
01-01 00:02:02.597639  1138  1495 I am_uid_active: 10061
01-01 00:02:02.599952  1138  1495 I am_uid_running: 10094
01-01 00:02:02.600798  1138  4963 I sysui_multi_action: [757,856,758,1,806,com.coloros.providers.fileinfo,857,Foreground Service,858,4]
01-01 00:02:02.605720  1138  1138 I commit_sys_config_file: [notification-policy,5]
01-01 00:02:02.621190  1138  4963 I sysui_multi_action: [757,856,758,6,806,com.coloros.providers.fileinfo,857,Foreground Service,858,4]
01-01 00:02:02.628276  1138  4361 I sysui_multi_action: [757,856,758,6,806,com.coloros.providers.fileinfo,857,Foreground Service,858,4]
01-01 00:02:02.628761  1138  1138 I commit_sys_config_file: [notification-policy,7]
01-01 00:02:02.629449  1138  1171 I am_proc_start: [0,6963,10094,com.coloros.regservice,broadcast,com.coloros.regservice/com.dmyk.android.telephony.OppoReceiver]
01-01 00:02:02.634037  1138  3873 I sysui_multi_action: [757,856,758,6,806,com.coloros.providers.fileinfo,857,Foreground Service,858,4]
01-01 00:02:02.634916  1138  1138 I commit_sys_config_file: [notification-policy,6]
01-01 00:02:02.636360  1138  1495 I sysui_multi_action: [757,856,758,6,806,com.coloros.providers.fileinfo,857,Foreground Service,858,4]
01-01 00:02:02.639681  1138  4361 I sysui_multi_action: [757,856,758,6,806,com.coloros.providers.fileinfo,857,Foreground Service,858,4]
01-01 00:02:02.637000  6963  6963 I auditd  : type=1400 audit(0.0:7327): avc: denied { read } for comm="re-initialized>" name="u:object_r:mtk_amslog_prop:s0" dev="tmpfs" ino=15427 scontext=u:r:platform_app:s0:c512,c768 tcontext=u:object_r:mtk_amslog_prop:s0 tclass=file permissive=0
01-01 00:02:02.642216  1138  1495 I sysui_multi_action: [757,856,758,6,806,com.coloros.providers.fileinfo,857,Foreground Service,858,4]
01-01 00:02:02.642574  1138  4361 I am_proc_bound: [0,6963,com.coloros.regservice]
01-01 00:02:02.650194  1138  1138 I commit_sys_config_file: [notification-policy,15]
01-01 00:02:02.657842  1138  1138 I commit_sys_config_file: [notification-policy,7]
01-01 00:02:02.693366  1138  4361 I am_uid_running: 10036
01-01 00:02:02.696966  1138  4361 I am_kill : [0,4990,com.coloros.assistantscreen,906,empty #17]
01-01 00:02:02.712251  1138  1171 I am_proc_start: [0,6981,10036,com.coloros.smartdrive,broadcast,com.coloros.smartdrive/.Receiver]
01-01 00:02:02.717416  1138  1495 I am_proc_died: [0,4990,com.coloros.assistantscreen,906,18]
01-01 00:02:02.717907  1138  1495 I am_uid_stopped: 10050
01-01 00:02:02.725000  6981  6981 I auditd  : type=1400 audit(0.0:7328): avc: denied { read } for comm="re-initialized>" name="u:object_r:mtk_amslog_prop:s0" dev="tmpfs" ino=15427 scontext=u:r:priv_app:s0:c512,c768 tcontext=u:object_r:mtk_amslog_prop:s0 tclass=file permissive=0
01-01 00:02:02.729880  1138  3873 I am_proc_bound: [0,6981,com.coloros.smartdrive]
01-01 00:02:02.823103  1138  3873 I am_uid_running: 10007
01-01 00:02:02.826025  1138  3873 I am_kill : [0,4674,com.android.printspooler,906,empty #17]
01-01 00:02:02.843757  1138  1171 I am_proc_start: [0,7005,10007,com.google.android.configupdater,broadcast,com.google.android.configupdater/.MainReceiver]
01-01 00:02:02.845153  1138  3873 I am_proc_died: [0,4674,com.android.printspooler,906,18]
01-01 00:02:02.845544  1138  3873 I am_uid_stopped: 10092
01-01 00:02:02.857000  7005  7005 I auditd  : type=1400 audit(0.0:7329): avc: denied { read } for comm="re-initialized>" name="u:object_r:mtk_amslog_prop:s0" dev="tmpfs" ino=15427 scontext=u:r:priv_app:s0:c512,c768 tcontext=u:object_r:mtk_amslog_prop:s0 tclass=file permissive=0
01-01 00:02:02.860448  1138  3873 I am_proc_bound: [0,7005,com.google.android.configupdater]
01-01 00:02:02.948701  1138  3873 I am_uid_running: 10016
01-01 00:02:02.950701  1138  3873 I am_kill : [0,5150,com.google.process.gapps,906,empty #17]
01-01 00:02:02.966372  1138  1171 I am_proc_start: [0,7040,10016,com.google.android.onetimeinitializer,broadcast,com.google.android.onetimeinitializer/.OneTimeInitializerReceiver]
01-01 00:02:02.970429  1138  3873 I am_proc_died: [0,5150,com.google.process.gapps,906,18]
01-01 00:02:02.970731  1138  3873 I am_uid_stopped: 10066
01-01 00:02:02.977000  7040  7040 I auditd  : type=1400 audit(0.0:7330): avc: denied { read } for comm="re-initialized>" name="u:object_r:mtk_amslog_prop:s0" dev="tmpfs" ino=15427 scontext=u:r:priv_app:s0:c512,c768 tcontext=u:object_r:mtk_amslog_prop:s0 tclass=file permissive=0
01-01 00:02:02.981955  1138  4361 I am_proc_bound: [0,7040,com.google.android.onetimeinitializer]
01-01 00:02:03.046395  1138  4361 I am_uid_running: 10017
01-01 00:02:03.048003  1138  4361 I am_kill : [0,5166,com.google.process.gapps,906,empty #17]
01-01 00:02:03.065660  1138  1171 I am_proc_start: [0,7058,10017,com.google.android.partnersetup,broadcast,com.google.android.partnersetup/.GooglePartnerSetup]
01-01 00:02:03.066178  1138  4361 I am_proc_died: [0,5166,com.google.process.gapps,906,18]
01-01 00:02:03.077000  7058  7058 I auditd  : type=1400 audit(0.0:7331): avc: denied { read } for comm="re-initialized>" name="u:object_r:mtk_amslog_prop:s0" dev="tmpfs" ino=15427 scontext=u:r:priv_app:s0:c512,c768 tcontext=u:object_r:mtk_amslog_prop:s0 tclass=file permissive=0
01-01 00:02:03.082148  1138  4361 I am_proc_bound: [0,7058,com.google.android.partnersetup]
01-01 00:02:03.132739  1138  1254 I commit_sys_config_file: [package-user-0,6]
01-01 00:02:03.163989  1138  1171 I am_proc_start: [0,7073,10014,com.google.process.gapps,content provider,com.google.android.gsf/.settings.GoogleSettingsProvider]
01-01 00:02:03.173000  7073  7073 I auditd  : type=1400 audit(0.0:7332): avc: denied { read } for comm="re-initialized>" name="u:object_r:mtk_amslog_prop:s0" dev="tmpfs" ino=15427 scontext=u:r:priv_app:s0:c512,c768 tcontext=u:object_r:mtk_amslog_prop:s0 tclass=file permissive=0
01-01 00:02:03.178371  1138  2826 I am_proc_bound: [0,7073,com.google.process.gapps]
01-01 00:02:03.350178  1138  4361 I am_uid_running: 10066
01-01 00:02:03.368816  1138  1171 I am_proc_start: [0,7095,10066,com.google.process.gapps,broadcast,com.google.android.syncadapters.contacts/.ContactsSyncAdapterBroadcastReceiver]
01-01 00:02:03.377000  7095  7095 I auditd  : type=1400 audit(0.0:7333): avc: denied { read } for comm="re-initialized>" name="u:object_r:mtk_amslog_prop:s0" dev="tmpfs" ino=15427 scontext=u:r:untrusted_app_25:s0:c512,c768 tcontext=u:object_r:mtk_amslog_prop:s0 tclass=file permissive=0
01-01 00:02:03.382503  1138  2826 I am_proc_bound: [0,7095,com.google.process.gapps]
01-01 00:02:03.479286  1138  1171 I am_proc_start: [0,7115,1000,com.mediatek.atci.service,broadcast,com.mediatek.atci.service/.AtciIntentReceiver]
01-01 00:02:03.505564  1138  2826 I am_kill : [0,5221,com.coloros.speechassist,906,empty #17]
01-01 00:02:03.505000  7115  7115 I auditd  : type=1400 audit(0.0:7334): avc: denied { read } for comm="re-initialized>" name="u:object_r:mtk_amslog_prop:s0" dev="tmpfs" ino=15427 scontext=u:r:system_app:s0 tcontext=u:object_r:mtk_amslog_prop:s0 tclass=file permissive=0
01-01 00:02:03.511870  1138  2826 I am_proc_bound: [0,7115,com.mediatek.atci.service]
01-01 00:02:03.526504  1138  1495 I am_proc_died: [0,5221,com.coloros.speechassist,906,18]
01-01 00:02:03.526906  1138  1495 I am_uid_stopped: 10032
01-01 00:02:03.579928  1138  3873 I am_proc_died: [0,7115,com.mediatek.atci.service,0,10]
01-01 00:02:03.580058  1138  3873 I am_broadcast_discard_app: [0,101584775,android.intent.action.BOOT_COMPLETED,71,ResolveInfo{d6325f8 com.mediatek.atci.service/.AtciIntentReceiver m=0x108000}]
01-01 00:02:03.610730  1138  1171 I am_proc_start: [0,7133,1001,com.mediatek.engineermode,broadcast,com.mediatek.engineermode/.boot.EmBootupReceiver]
01-01 00:02:03.625000  1138  1138 I auditd  : type=1400 audit(0.0:7335): avc: denied { write } for comm="PhotonicModulat" name="stats_oppobackup" dev="proc" ino=4026534277 scontext=u:r:system_server:s0 tcontext=u:object_r:proc_qtaguid_stat:s0 tclass=file permissive=0
01-01 00:02:03.641000  7133  7133 I auditd  : type=1400 audit(0.0:7336): avc: denied { read } for comm="re-initialized>" name="u:object_r:mtk_amslog_prop:s0" dev="tmpfs" ino=15427 scontext=u:r:radio:s0 tcontext=u:object_r:mtk_amslog_prop:s0 tclass=file permissive=0
01-01 00:02:03.645953  1138  3068 I am_proc_bound: [0,7133,com.mediatek.engineermode]
01-01 00:02:03.733000  1410  1410 I auditd  : type=1400 audit(0.0:7337): avc: denied { search } for comm="kworker/u16:23" name="tp" dev="dm-1" ino=1847 scontext=u:r:kernel:s0 tcontext=u:object_r:oppo_firmware_file:s0 tclass=dir permissive=0
01-01 00:02:03.733000  1410  1410 I auditd  : type=1400 audit(0.0:7338): avc: denied { search } for comm="kworker/u16:23" name="tp" dev="dm-1" ino=1847 scontext=u:r:kernel:s0 tcontext=u:object_r:oppo_firmware_file:s0 tclass=dir permissive=0
01-01 00:02:03.733000  1412  1412 I auditd  : type=1400 audit(0.0:7339): avc: denied { search } for comm="kworker/u16:25" name="fastchg" dev="dm-1" ino=1792 scontext=u:r:kernel:s0 tcontext=u:object_r:vooc_firmware_file:s0 tclass=dir permissive=0
01-01 00:02:03.733000  1412  1412 I auditd  : type=1400 audit(0.0:7340): avc: denied { search } for comm="kworker/u16:25" name="fastchg" dev="dm-1" ino=1792 scontext=u:r:kernel:s0 tcontext=u:object_r:vooc_firmware_file:s0 tclass=dir permissive=0
01-01 00:02:03.754860  1138  4360 I am_kill : [0,4264,com.coloros.wirelesssettings,906,empty #17]
01-01 00:02:03.771563  1138  1171 I am_proc_start: [0,7158,1000,com.mediatek.providers.drm,broadcast,com.mediatek.providers.drm/.BootCompletedReceiver]
01-01 00:02:03.773730  1138  6606 I am_proc_died: [0,4264,com.coloros.wirelesssettings,906,18]
01-01 00:02:03.797000  7158  7158 I auditd  : type=1400 audit(0.0:7341): avc: denied { read } for comm="re-initialized>" name="u:object_r:mtk_amslog_prop:s0" dev="tmpfs" ino=15427 scontext=u:r:system_app:s0 tcontext=u:object_r:mtk_amslog_prop:s0 tclass=file permissive=0
01-01 00:02:03.801421  1138  3873 I am_proc_bound: [0,7158,com.mediatek.providers.drm]
01-01 00:02:03.858747  1138  6606 I am_kill : [0,4333,com.android.providers.downloads,906,empty #17]
01-01 00:02:03.864372  1138  3873 I am_kill : [0,4144,com.google.android.marvin.talkback,906,empty #17]
01-01 00:02:03.877758  1138  3873 I am_proc_died: [0,4333,com.android.providers.downloads,906,18]
01-01 00:02:03.887048  1138  1171 I am_proc_start: [0,7177,10072,com.nearme.instant.platform,broadcast,com.nearme.instant.platform/com.nearme.instant.base.receiver.BootReceiver]
01-01 00:02:03.887481  1138  6606 I am_proc_died: [0,4144,com.google.android.marvin.talkback,906,18]
01-01 00:02:03.887721  1138  6606 I am_uid_stopped: 10104
01-01 00:02:03.897000  7177  7177 I auditd  : type=1400 audit(0.0:7342): avc: denied { read } for comm="re-initialized>" name="u:object_r:mtk_amslog_prop:s0" dev="tmpfs" ino=15427 scontext=u:r:untrusted_app_25:s0:c512,c768 tcontext=u:object_r:mtk_amslog_prop:s0 tclass=file permissive=0
01-01 00:02:03.899592  1138  6606 I am_proc_bound: [0,7177,com.nearme.instant.platform]
01-01 00:02:04.043854  1138  4366 I am_kill : [0,4640,com.android.managedprovisioning,906,empty #17]
01-01 00:02:04.045600  1138  6606 I am_uid_running: 10019
01-01 00:02:04.064988  1138  4366 I am_proc_died: [0,4640,com.android.managedprovisioning,906,18]
01-01 00:02:04.065449  1138  4366 I am_uid_stopped: 10018
01-01 00:02:04.077723  1138  1171 I am_proc_start: [0,7205,10019,com.nearme.themestore,broadcast,com.nearme.themestore/com.nearme.themespace.receiver.BootCompletedReceiver]
01-01 00:02:04.101000  7205  7205 I auditd  : type=1400 audit(0.0:7343): avc: denied { read } for comm="re-initialized>" name="u:object_r:mtk_amslog_prop:s0" dev="tmpfs" ino=15427 scontext=u:r:oppotheme_app:s0:c512,c768 tcontext=u:object_r:mtk_amslog_prop:s0 tclass=file permissive=0
01-01 00:02:04.105080  1138  4366 I am_proc_bound: [0,7205,com.nearme.themestore]
01-01 00:02:04.318687  1138  6606 I am_kill : [0,5740,com.coloros.gallery3d,906,empty #17]
01-01 00:02:04.352826  1138  6606 I am_proc_died: [0,5740,com.coloros.gallery3d,906,18]
01-01 00:02:04.353623  1138  6606 I am_uid_stopped: 10030
01-01 00:02:04.368788  1138  1171 I am_proc_start: [0,7228,10077,com.oppo.market:mcs,broadcast,com.oppo.market/com.nearme.mcs.reciever.AlarmEventReceiver]
01-01 00:02:04.393000  7228  7228 I auditd  : type=1400 audit(0.0:7344): avc: denied { read } for comm="re-initialized>" name="u:object_r:mtk_amslog_prop:s0" dev="tmpfs" ino=15427 scontext=u:r:untrusted_app_27:s0:c512,c768 tcontext=u:object_r:mtk_amslog_prop:s0 tclass=file permissive=0
01-01 00:02:04.396774  1138  6606 I am_proc_bound: [0,7228,com.oppo.market:mcs]
01-01 00:02:04.461345  1138  4366 I am_proc_died: [0,6851,com.oppo.market:dcs,0,9]
01-01 00:02:04.476592  1138  6606 I am_proc_died: [0,6816,com.oppo.market,0,9]
01-01 00:02:04.495319  1138  1490 I commit_sys_config_file: [settings-1-0,10]
01-01 00:02:04.596127  1138  6606 I am_proc_died: [0,7228,com.oppo.market:mcs,900,18]
01-01 00:02:04.596387  1138  6606 I am_uid_stopped: 10077
01-01 00:02:04.656173  1138  1171 I am_proc_start: [0,7264,1000,com.oppo.ota,broadcast,com.oppo.ota/.strategy.StrategyReceiver]
01-01 00:02:04.677000  7264  7264 I auditd  : type=1400 audit(0.0:7345): avc: denied { read } for comm="re-initialized>" name="u:object_r:mtk_amslog_prop:s0" dev="tmpfs" ino=15427 scontext=u:r:system_app:s0 tcontext=u:object_r:mtk_amslog_prop:s0 tclass=file permissive=0
01-01 00:02:04.682080  1138  6606 I am_proc_bound: [0,7264,com.oppo.ota]
01-01 00:02:05.109000  1138  1138 I auditd  : type=1400 audit(0.0:7346): avc: denied { write } for comm="PhotonicModulat" name="stats_oppobackup" dev="proc" ino=4026534277 scontext=u:r:system_server:s0 tcontext=u:object_r:proc_qtaguid_stat:s0 tclass=file permissive=0
01-01 00:02:05.641000  7264  7264 I auditd  : type=1400 audit(0.0:7347): avc: denied { write } for comm="com.oppo.ota" name="system" dev="sdc45" ino=14450689 scontext=u:r:system_app:s0 tcontext=u:object_r:system_data_file:s0 tclass=dir permissive=0
01-01 00:02:06.181000  7264  7264 I auditd  : type=1400 audit(0.0:7348): avc: denied { write } for comm="com.oppo.ota" name="system" dev="sdc45" ino=14450689 scontext=u:r:system_app:s0 tcontext=u:object_r:system_data_file:s0 tclass=dir permissive=0
01-01 00:02:06.202242  1138  4366 I sysui_multi_action: [757,856,758,1,806,com.oppo.ota,857,ota_notify_new_channel_id,858,4]
01-01 00:02:06.213420  1138  1138 I commit_sys_config_file: [notification-policy,11]
01-01 00:02:06.231988  1138  3068 I sysui_multi_action: [757,856,758,6,806,com.oppo.ota,857,ota_notify_new_channel_id,858,4]
01-01 00:02:06.245376  1138  2826 I sysui_multi_action: [757,856,758,6,806,com.oppo.ota,857,ota_notify_new_channel_id,858,4]
01-01 00:02:06.245863  1138  1138 I commit_sys_config_file: [notification-policy,11]
01-01 00:02:06.253964  1138  2826 I sysui_multi_action: [757,856,758,6,806,com.oppo.ota,857,ota_notify_new_channel_id,858,4]
01-01 00:02:06.256935  1138  1138 I commit_sys_config_file: [notification-policy,11]
01-01 00:02:06.263600  1138  3068 I sysui_multi_action: [757,856,758,6,806,com.oppo.ota,857,ota_notify_new_channel_id,858,4]
01-01 00:02:06.264094  1138  6606 I sysui_multi_action: [757,856,758,6,806,com.oppo.ota,857,ota_notify_new_channel_id,858,4]
01-01 00:02:06.266032  1138  3068 I sysui_multi_action: [757,856,758,6,806,com.oppo.ota,857,ota_notify_new_channel_id,858,4]
01-01 00:02:06.267448  1138  1138 I commit_sys_config_file: [notification-policy,10]
01-01 00:02:06.271143  1138  6606 I sysui_multi_action: [757,856,758,6,806,com.oppo.ota,857,ota_notify_new_channel_id,858,4]
01-01 00:02:06.273423  1138  1138 I commit_sys_config_file: [notification-policy,6]
01-01 00:02:06.278204  1138  1171 I am_proc_start: [0,7340,10098,com.oppo.usercenter:mcs,broadcast,com.oppo.usercenter/com.nearme.mcs.reciever.AlarmEventReceiver]
01-01 00:02:06.278882  1138  1138 I commit_sys_config_file: [notification-policy,5]
01-01 00:02:06.285183  1138  1138 I commit_sys_config_file: [notification-policy,6]
01-01 00:02:06.297000  7340  7340 I auditd  : type=1400 audit(0.0:7349): avc: denied { read } for comm="re-initialized>" name="u:object_r:mtk_amslog_prop:s0" dev="tmpfs" ino=15427 scontext=u:r:untrusted_app_27:s0:c512,c768 tcontext=u:object_r:mtk_amslog_prop:s0 tclass=file permissive=0
01-01 00:02:06.303557  1138  6606 I am_proc_bound: [0,7340,com.oppo.usercenter:mcs]
