----- timezone:Asia/Shanghai
Some logs maybe lost due to logd socket disconnected!
01-01 00:01:26.878489  1138  5265 I sysui_multi_action: [757,804,799,boot_fs_stat_protect1,801,3,802,1]
01-01 00:01:26.878555  1138  5265 I sysui_histogram: [boot_fs_stat_protect2,3]
01-01 00:01:26.878590  1138  5265 I sysui_multi_action: [757,804,799,boot_fs_stat_protect2,801,3,802,1]
01-01 00:01:26.878670  1138  5265 I sysui_histogram: [boot_fs_stat_nvdata,3]
01-01 00:01:26.878702  1138  5265 I sysui_multi_action: [757,804,799,boot_fs_stat_nvdata,801,3,802,1]
01-01 00:01:26.878770  1138  5265 I sysui_histogram: [boot_fs_stat_nvcfg,3]
01-01 00:01:26.878805  1138  5265 I sysui_multi_action: [757,804,799,boot_fs_stat_nvcfg,801,3,802,1]
01-01 00:01:26.878871  1138  5265 I sysui_histogram: [boot_fs_stat_persist,3]
01-01 00:01:26.878907  1138  5265 I sysui_multi_action: [757,804,799,boot_fs_stat_persist,801,3,802,1]
01-01 00:01:26.879063  1138  5265 I sysui_histogram: [boot_fs_stat_opporeserve2,1025]
01-01 00:01:26.879103  1138  5265 I sysui_multi_action: [757,804,799,boot_fs_stat_opporeserve2,801,1025,802,1]
01-01 00:01:26.883261  1138  5265 I commit_sys_config_file: [log-files,4]
01-01 00:01:26.905000   737   737 I auditd  : type=1400 audit(0.0:4165): avc: denied { search } for comm="Binder:737_4" name="5221" dev="proc" ino=86046 scontext=u:r:mediaextractor:s0 tcontext=u:r:priv_app:s0:c512,c768 tclass=dir permissive=0
01-01 00:01:26.891088  1138  1171 I am_proc_start: [0,5272,1000,com.coloros.sau,broadcast,com.coloros.sau/.strategy.StrategyReceiver]
01-01 00:01:26.894235  1138  4363 I sysui_multi_action: [757,1243,758,4,806,com.coloros.calculator,1241,android.permission.READ_EXTERNAL_STORAGE]
01-01 00:01:26.899251  1138  1138 I notification_cancel_all: [10075,4560,com.amap.android.location,0,0,64,9,NULL]
01-01 00:01:26.913000  5272  5272 I auditd  : type=1400 audit(0.0:4166): avc: denied { read } for comm="re-initialized>" name="u:object_r:mtk_amslog_prop:s0" dev="tmpfs" ino=15427 scontext=u:r:system_app:s0 tcontext=u:object_r:mtk_amslog_prop:s0 tclass=file permissive=0
01-01 00:01:26.922130  1138  4360 I am_proc_bound: [0,5272,com.coloros.sau]
01-01 00:01:26.930064  1138  4363 I sysui_multi_action: [757,1243,758,4,806,com.coloros.calculator,1241,android.permission.WRITE_EXTERNAL_STORAGE]
01-01 00:01:26.936038  1138  1138 I notification_cancel_all: [10075,4560,com.amap.android.location,0,0,64,9,NULL]
01-01 00:01:27.021000   731   731 I auditd  : type=1400 audit(0.0:4167): avc: denied { read } for comm="drmserver" name="u:object_r:vendor_default_prop:s0" dev="tmpfs" ino=14434 scontext=u:r:drmserver:s0 tcontext=u:object_r:vendor_default_prop:s0 tclass=file permissive=0
01-01 00:01:27.025000   731   731 I auditd  : type=1400 audit(0.0:4168): avc: denied { read } for comm="drmserver" name="u:object_r:vendor_default_prop:s0" dev="tmpfs" ino=14434 scontext=u:r:drmserver:s0 tcontext=u:object_r:vendor_default_prop:s0 tclass=file permissive=0
01-01 00:01:27.041000   737   737 I auditd  : type=1400 audit(0.0:4169): avc: denied { search } for comm="Binder:737_4" name="5221" dev="proc" ino=86046 scontext=u:r:mediaextractor:s0 tcontext=u:r:priv_app:s0:c512,c768 tclass=dir permissive=0
01-01 00:01:27.152243  1138  1167 I commit_sys_config_file: [package-perms-0,15]
01-01 00:01:27.229000   731   731 I auditd  : type=1400 audit(0.0:4170): avc: denied { read } for comm="Binder:731_2" name="u:object_r:vendor_default_prop:s0" dev="tmpfs" ino=14434 scontext=u:r:drmserver:s0 tcontext=u:object_r:vendor_default_prop:s0 tclass=file permissive=0
01-01 00:01:27.233000   731   731 I auditd  : type=1400 audit(0.0:4171): avc: denied { read } for comm="Binder:731_2" name="u:object_r:vendor_default_prop:s0" dev="tmpfs" ino=14434 scontext=u:r:drmserver:s0 tcontext=u:object_r:vendor_default_prop:s0 tclass=file permissive=0
01-01 00:01:27.245000   737   737 I auditd  : type=1400 audit(0.0:4172): avc: denied { search } for comm="Binder:737_4" name="5221" dev="proc" ino=86046 scontext=u:r:mediaextractor:s0 tcontext=u:r:priv_app:s0:c512,c768 tclass=dir permissive=0
01-01 00:01:27.313552  1138  1171 I am_proc_start: [0,5333,1000,com.coloros.sau:hotfix,service,com.coloros.sau/.hotfix.ClientService]
01-01 00:01:27.337000  5333  5333 I auditd  : type=1400 audit(0.0:4173): avc: denied { read } for comm="re-initialized>" name="u:object_r:mtk_amslog_prop:s0" dev="tmpfs" ino=15427 scontext=u:r:system_app:s0 tcontext=u:object_r:mtk_amslog_prop:s0 tclass=file permissive=0
01-01 00:01:27.342774  1138  1171 I am_proc_start: [0,5355,1000,com.coloros.usbselection,broadcast,com.coloros.usbselection/.UsbStartReceiver]
01-01 00:01:27.344252  1138  4363 I am_proc_bound: [0,5333,com.coloros.sau:hotfix]
01-01 00:01:27.345451  1138  1186 I commit_sys_config_file: [jobs,8]
01-01 00:01:27.353000   731   731 I auditd  : type=1400 audit(0.0:4174): avc: denied { read } for comm="drmserver" name="u:object_r:vendor_default_prop:s0" dev="tmpfs" ino=14434 scontext=u:r:drmserver:s0 tcontext=u:object_r:vendor_default_prop:s0 tclass=file permissive=0
01-01 00:01:27.361000   731   731 I auditd  : type=1400 audit(0.0:4175): avc: denied { read } for comm="drmserver" name="u:object_r:vendor_default_prop:s0" dev="tmpfs" ino=14434 scontext=u:r:drmserver:s0 tcontext=u:object_r:vendor_default_prop:s0 tclass=file permissive=0
01-01 00:01:27.373000  5355  5355 I auditd  : type=1400 audit(0.0:4176): avc: denied { read } for comm="re-initialized>" name="u:object_r:mtk_amslog_prop:s0" dev="tmpfs" ino=15427 scontext=u:r:system_app:s0 tcontext=u:object_r:mtk_amslog_prop:s0 tclass=file permissive=0
01-01 00:01:27.378913  1138  3004 I am_proc_bound: [0,5355,com.coloros.usbselection]
01-01 00:01:27.385000   737   737 I auditd  : type=1400 audit(0.0:4177): avc: denied { search } for comm="Binder:737_1" name="5221" dev="proc" ino=86046 scontext=u:r:mediaextractor:s0 tcontext=u:r:priv_app:s0:c512,c768 tclass=dir permissive=0
01-01 00:01:27.398468  1138  1490 I commit_sys_config_file: [settings-1-0,9]
01-01 00:01:27.464407  1138  3068 I sysui_multi_action: [757,856,758,1,806,com.coloros.usbselection,857,ALR,858,2]
01-01 00:01:27.472285  1138  1138 I commit_sys_config_file: [notification-policy,7]
01-01 00:01:27.491384  1138  4360 I sysui_multi_action: [757,856,758,6,806,com.coloros.usbselection,857,ALR,858,2]
01-01 00:01:27.495867  1138  1495 I sysui_multi_action: [757,856,758,6,806,com.coloros.usbselection,857,ALR,858,2]
01-01 00:01:27.499286  1138  3068 I sysui_multi_action: [757,856,758,6,806,com.coloros.usbselection,857,ALR,858,2]
01-01 00:01:27.499536  1138  1138 I commit_sys_config_file: [notification-policy,8]
01-01 00:01:27.499712  1138  1138 I notification_cancel_all: [1000,5355,com.coloros.usbselection,0,0,64,9,NULL]
01-01 00:01:27.501511  1138  3068 I sysui_multi_action: [757,856,758,6,806,com.coloros.usbselection,857,ALR,858,2]
01-01 00:01:27.504358  1138  3068 I sysui_multi_action: [757,856,758,6,806,com.coloros.usbselection,857,ALR,858,2]
01-01 00:01:27.505896  1138  1138 I commit_sys_config_file: [notification-policy,6]
01-01 00:01:27.508097  1138  3070 I sysui_multi_action: [757,856,758,6,806,com.coloros.usbselection,857,ALR,858,2]
01-01 00:01:27.511493  1138  1138 I commit_sys_config_file: [notification-policy,6]
01-01 00:01:27.517763  1138  1138 I commit_sys_config_file: [notification-policy,6]
01-01 00:01:27.538173  1138  3004 I am_kill : [0,5355,com.coloros.usbselection,0,stop com.coloros.usbselection]
01-01 00:01:27.554803  1138  1138 I notification_cancel_all: [1000,1138,com.coloros.usbselection,0,0,0,20,NULL]
01-01 00:01:27.562943  1138  1138 I commit_sys_config_file: [notification-policy,8]
01-01 00:01:27.577000   731   731 I auditd  : type=1400 audit(0.0:4178): avc: denied { read } for comm="drmserver" name="u:object_r:vendor_default_prop:s0" dev="tmpfs" ino=14434 scontext=u:r:drmserver:s0 tcontext=u:object_r:vendor_default_prop:s0 tclass=file permissive=0
01-01 00:01:27.581000   731   731 I auditd  : type=1400 audit(0.0:4179): avc: denied { read } for comm="drmserver" name="u:object_r:vendor_default_prop:s0" dev="tmpfs" ino=14434 scontext=u:r:drmserver:s0 tcontext=u:object_r:vendor_default_prop:s0 tclass=file permissive=0
01-01 00:01:27.589000   737   737 I auditd  : type=1400 audit(0.0:4180): avc: denied { search } for comm="Binder:737_4" name="5221" dev="proc" ino=86046 scontext=u:r:mediaextractor:s0 tcontext=u:r:priv_app:s0:c512,c768 tclass=dir permissive=0
01-01 00:01:27.625000   759   759 I auditd  : type=1400 audit(0.0:4181): avc: denied { read } for comm="mtk_agpsd" name="u:object_r:default_prop:s0" dev="tmpfs" ino=15367 scontext=u:r:mtk_agpsd:s0 tcontext=u:object_r:default_prop:s0 tclass=file permissive=0
01-01 00:01:27.687480  1138  1490 I commit_sys_config_file: [settings-1-0,29]
01-01 00:01:27.729205  1138  1495 I am_uid_running: 10074
01-01 00:01:27.760598  1138  1171 I am_proc_start: [0,5425,10074,com.mediatek.mtklogger,broadcast,com.mediatek.mtklogger/.framework.LogReceiver]
01-01 00:01:27.781000  5425  5425 I auditd  : type=1400 audit(0.0:4182): avc: denied { read } for comm="re-initialized>" name="u:object_r:mtk_amslog_prop:s0" dev="tmpfs" ino=15427 scontext=u:r:platform_app:s0:c512,c768 tcontext=u:object_r:mtk_amslog_prop:s0 tclass=file permissive=0
01-01 00:01:27.784116  1138  3068 I am_proc_bound: [0,5425,com.mediatek.mtklogger]
01-01 00:01:27.870586  1138  3068 I am_uid_active: 10074
01-01 00:01:27.871698  1138  4360 I am_uid_running: 10025
01-01 00:01:27.881000  5272  5272 I auditd  : type=1400 audit(0.0:4183): avc: denied { write } for comm="SAUAppService" name="system" dev="sdc45" ino=14450689 scontext=u:r:system_app:s0 tcontext=u:object_r:system_data_file:s0 tclass=dir permissive=0
01-01 00:01:27.889669  1138  1138 I notification_cancel_all: [1000,1138,com.mediatek.mtklogger,0,0,0,7,NULL]
01-01 00:01:27.890757  1138  3004 I sysui_multi_action: [757,856,758,1,806,com.mediatek.mtklogger,857,com.mediatek.mtklogger.notification,858,4]
01-01 00:01:27.901967  1138  1138 I commit_sys_config_file: [notification-policy,11]
01-01 00:01:27.907040  1138  1138 I commit_sys_config_file: [notification-policy,5]
01-01 00:01:27.915562  1138  3070 I sysui_multi_action: [757,856,758,6,806,com.mediatek.mtklogger,857,com.mediatek.mtklogger.notification,858,4]
01-01 00:01:27.922405  1138  3070 I sysui_multi_action: [757,856,758,6,806,com.mediatek.mtklogger,857,com.mediatek.mtklogger.notification,858,4]
01-01 00:01:27.922637  1138  1171 I am_proc_start: [0,5475,10025,com.android.mms,broadcast,com.android.mms/.transaction.MmsSystemEventReceiver]
01-01 00:01:27.923192  1138  1138 I commit_sys_config_file: [notification-policy,7]
01-01 00:01:27.927378  1138  4363 I sysui_multi_action: [757,856,758,6,806,com.mediatek.mtklogger,857,com.mediatek.mtklogger.notification,858,4]
01-01 00:01:27.929900  1138  4363 I sysui_multi_action: [757,856,758,6,806,com.mediatek.mtklogger,857,com.mediatek.mtklogger.notification,858,4]
01-01 00:01:27.930402  1138  1138 I commit_sys_config_file: [notification-policy,7]
01-01 00:01:27.933815  1138  3070 I sysui_multi_action: [757,856,758,6,806,com.mediatek.mtklogger,857,com.mediatek.mtklogger.notification,858,4]
01-01 00:01:27.936566  1138  4360 I sysui_multi_action: [757,856,758,6,806,com.mediatek.mtklogger,857,com.mediatek.mtklogger.notification,858,4]
01-01 00:01:27.941000  5475  5475 I auditd  : type=1400 audit(0.0:4184): avc: denied { read } for comm="re-initialized>" name="u:object_r:mtk_amslog_prop:s0" dev="tmpfs" ino=15427 scontext=u:r:priv_app:s0:c512,c768 tcontext=u:object_r:mtk_amslog_prop:s0 tclass=file permissive=0
01-01 00:01:27.943595  1138  1138 I commit_sys_config_file: [notification-policy,13]
01-01 00:01:27.945133  1138  4363 I am_proc_bound: [0,5475,com.android.mms]
01-01 00:01:27.954596  1138  1138 I commit_sys_config_file: [notification-policy,10]
01-01 00:01:27.967090  1138  1138 I notification_cancel_all: [1000,1138,com.mediatek.mtklogger,0,0,0,7,NULL]
01-01 00:01:27.975078  1138  1138 I commit_sys_config_file: [notification-policy,7]
01-01 00:01:27.984157  1138  1138 I notification_cancel_all: [1000,1138,com.mediatek.mtklogger,0,0,0,7,NULL]
01-01 00:01:27.992360  1138  1138 I commit_sys_config_file: [notification-policy,8]
01-01 00:01:28.082011  1138  1138 I notification_cancel_all: [1000,1138,com.mediatek.mtklogger,0,0,0,7,NULL]
01-01 00:01:28.089007  1138  1138 I commit_sys_config_file: [notification-policy,6]
01-01 00:01:28.245000  5272  5272 I auditd  : type=1400 audit(0.0:4185): avc: denied { write } for comm="SAUAppService" name="system" dev="sdc45" ino=14450689 scontext=u:r:system_app:s0 tcontext=u:object_r:system_data_file:s0 tclass=dir permissive=0
01-01 00:01:28.271950  1138  1171 I am_proc_start: [0,5542,10025,com.android.mms:mms_service,service,com.android.mms/com.suntek.mway.rcs.app.service.impl.ServiceApiBinder]
01-01 00:01:28.293000  5542  5542 I auditd  : type=1400 audit(0.0:4186): avc: denied { read } for comm="re-initialized>" name="u:object_r:mtk_amslog_prop:s0" dev="tmpfs" ino=15427 scontext=u:r:priv_app:s0:c512,c768 tcontext=u:object_r:mtk_amslog_prop:s0 tclass=file permissive=0
01-01 00:01:28.298052  1138  3004 I am_proc_bound: [0,5542,com.android.mms:mms_service]
01-01 00:01:28.326175  1138  1490 I commit_sys_config_file: [settings-3-0,20]
01-01 00:01:28.378263  1138  4363 I sysui_multi_action: [757,856,758,1,806,com.android.mms,857,message_notification_channel_id_1,858,4]
01-01 00:01:28.389840  1138  1138 I commit_sys_config_file: [notification-policy,11]
01-01 00:01:28.393077  1138  1490 I commit_sys_config_file: [settings-1-0,23]
01-01 00:01:28.399617  1138  4363 I sysui_multi_action: [757,856,758,6,806,com.android.mms,857,message_notification_channel_id_1,858,4]
01-01 00:01:28.404437  1138  4363 I chatty  : uid=1000(system) Binder:1138_F identical 2 lines
01-01 00:01:28.406641  1138  4363 I sysui_multi_action: [757,856,758,6,806,com.android.mms,857,message_notification_channel_id_1,858,4]
01-01 00:01:28.408029  1138  3873 I sysui_multi_action: [757,856,758,6,806,com.android.mms,857,message_notification_channel_id_1,858,4]
01-01 00:01:28.418067  1138  1138 I commit_sys_config_file: [notification-policy,17]
01-01 00:01:28.426163  1138  1138 I commit_sys_config_file: [notification-policy,7]
01-01 00:01:28.469000   731   731 I auditd  : type=1400 audit(0.0:4187): avc: denied { read } for comm="Binder:731_2" name="u:object_r:vendor_default_prop:s0" dev="tmpfs" ino=14434 scontext=u:r:drmserver:s0 tcontext=u:object_r:vendor_default_prop:s0 tclass=file permissive=0
01-01 00:01:28.493000   731   731 I auditd  : type=1400 audit(0.0:4188): avc: denied { read } for comm="Binder:731_2" name="u:object_r:vendor_default_prop:s0" dev="tmpfs" ino=14434 scontext=u:r:drmserver:s0 tcontext=u:object_r:vendor_default_prop:s0 tclass=file permissive=0
01-01 00:01:28.505000   737   737 I auditd  : type=1400 audit(0.0:4189): avc: denied { search } for comm="Binder:737_4" name="5475" dev="proc" ino=90628 scontext=u:r:mediaextractor:s0 tcontext=u:r:priv_app:s0:c512,c768 tclass=dir permissive=0
01-01 00:01:28.779609  1138  1490 I commit_sys_config_file: [settings-1-0,6]
01-01 00:01:28.790550  1138  1490 I commit_sys_config_file: [settings-0-0,11]
01-01 00:01:28.945000  5645  5645 I auditd  : type=1400 audit(0.0:4190): avc: denied { read } for comm="logcat" path="/proc/kmsg" dev="proc" ino=4026532103 scontext=u:r:dumpstate:s0 tcontext=u:object_r:proc_kmsg:s0 tclass=file permissive=0
01-01 00:01:28.945000  5645  5645 I auditd  : type=1400 audit(0.0:4191): avc: denied { read } for comm="logcat" path="/proc/atf_log/atf_log" dev="proc" ino=4026532577 scontext=u:r:dumpstate:s0 tcontext=u:object_r:proc_atf_log:s0 tclass=file permissive=0
01-01 00:01:28.945000  5645  5645 I auditd  : type=1400 audit(0.0:4192): avc: denied { read } for comm="logcat" path="/dev/scp" dev="tmpfs" ino=14597 scontext=u:r:dumpstate:s0 tcontext=u:object_r:scp_device:s0 tclass=chr_file permissive=0
01-01 00:01:29.350336  1138  1490 I commit_sys_config_file: [settings-1-0,9]
01-01 00:01:29.393036  1138  1170 I am_uid_running: 10052
01-01 00:01:29.419135  1138  1171 I am_proc_start: [0,5677,10052,com.coloros.cloud,broadcast,com.coloros.cloud/.receiver.SyncDataChangedReceiver]
01-01 00:01:29.437000  5677  5677 I auditd  : type=1400 audit(0.0:4207): avc: denied { read } for comm="re-initialized>" name="u:object_r:mtk_amslog_prop:s0" dev="tmpfs" ino=15427 scontext=u:r:platform_app:s0:c512,c768 tcontext=u:object_r:mtk_amslog_prop:s0 tclass=file permissive=0
01-01 00:01:29.440599  1138  3068 I am_proc_bound: [0,5677,com.coloros.cloud]
01-01 00:01:29.532459  1138  3439 I sysui_multi_action: [757,856,758,1,806,com.coloros.cloud,857,CHANNEL_ID_SYNC,858,3]
01-01 00:01:29.533974  1138  3439 I sysui_multi_action: [757,856,758,1,806,com.coloros.cloud,857,CHANNEL_ID_TIPS,858,3]
01-01 00:01:29.535548  1138  4363 I sysui_multi_action: [757,856,758,1,806,com.coloros.cloud,857,CHANNEL_ID_INVITE,858,4]
01-01 00:01:29.538674  1138  1138 I commit_sys_config_file: [notification-policy,6]
01-01 00:01:29.544210  1138  1138 I commit_sys_config_file: [notification-policy,5]
01-01 00:01:29.545048  1138  4360 I sysui_multi_action: [757,856,758,6,806,com.coloros.cloud,857,CHANNEL_ID_SYNC,858,3]
01-01 00:01:29.547004  1138  4363 I am_uid_running: 10098
01-01 00:01:29.549280  1138  3068 I sysui_multi_action: [757,856,758,6,806,com.coloros.cloud,857,CHANNEL_ID_TIPS,858,3]
01-01 00:01:29.553296  1138  3439 I sysui_multi_action: [757,856,758,6,806,com.coloros.cloud,857,CHANNEL_ID_SYNC,858,3]
01-01 00:01:29.554028  1138  1138 I commit_sys_config_file: [notification-policy,8]
01-01 00:01:29.557939  1138  3873 I sysui_multi_action: [757,856,758,6,806,com.coloros.cloud,857,CHANNEL_ID_TIPS,858,3]
01-01 00:01:29.557960  1138  3070 I sysui_multi_action: [757,856,758,6,806,com.coloros.cloud,857,CHANNEL_ID_INVITE,858,4]
01-01 00:01:29.558316  1138  3068 I sysui_multi_action: [757,856,758,6,806,com.coloros.cloud,857,CHANNEL_ID_SYNC,858,3]
01-01 00:01:29.559865  1138  3070 I sysui_multi_action: [757,856,758,6,806,com.coloros.cloud,857,CHANNEL_ID_SYNC,858,3]
01-01 00:01:29.561756  1138  1138 I commit_sys_config_file: [notification-policy,7]
01-01 00:01:29.565182  1138  3873 I sysui_multi_action: [757,856,758,6,806,com.coloros.cloud,857,CHANNEL_ID_SYNC,858,3]
01-01 00:01:29.565267  1138  3068 I sysui_multi_action: [757,856,758,6,806,com.coloros.cloud,857,CHANNEL_ID_TIPS,858,3]
01-01 00:01:29.565587  1138  2206 I sysui_multi_action: [757,856,758,6,806,com.coloros.cloud,857,CHANNEL_ID_SYNC,858,3]
01-01 00:01:29.567319  1138  2206 I chatty  : uid=1000(system) Binder:1138_5 identical 1 line
01-01 00:01:29.567886  1138  2206 I sysui_multi_action: [757,856,758,6,806,com.coloros.cloud,857,CHANNEL_ID_SYNC,858,3]
01-01 00:01:29.568381  1138  1495 I sysui_multi_action: [757,856,758,6,806,com.coloros.cloud,857,CHANNEL_ID_INVITE,858,4]
01-01 00:01:29.569680  1138  3068 I sysui_multi_action: [757,856,758,6,806,com.coloros.cloud,857,CHANNEL_ID_TIPS,858,3]
01-01 00:01:29.571178  1138  3439 I sysui_multi_action: [757,856,758,6,806,com.coloros.cloud,857,CHANNEL_ID_TIPS,858,3]
01-01 00:01:29.571264  1138  1138 I commit_sys_config_file: [notification-policy,10]
01-01 00:01:29.572524  1138  3873 I sysui_multi_action: [757,856,758,6,806,com.coloros.cloud,857,CHANNEL_ID_TIPS,858,3]
01-01 00:01:29.575705  1138  3873 I sysui_multi_action: [757,856,758,6,806,com.coloros.cloud,857,CHANNEL_ID_INVITE,858,4]
01-01 00:01:29.577976  1138  4360 I sysui_multi_action: [757,856,758,6,806,com.coloros.cloud,857,CHANNEL_ID_INVITE,858,4]
01-01 00:01:29.579460  1138  1171 I am_proc_start: [0,5712,10098,com.oppo.usercenter,content provider,com.oppo.usercenter/.common.db.UserCenterContentProvider]
01-01 00:01:29.581424  1138  3439 I sysui_multi_action: [757,856,758,6,806,com.coloros.cloud,857,CHANNEL_ID_INVITE,858,4]
01-01 00:01:29.582264  1138  1138 I commit_sys_config_file: [notification-policy,11]
01-01 00:01:29.585947  1138  3439 I sysui_multi_action: [757,856,758,6,806,com.coloros.cloud,857,CHANNEL_ID_INVITE,858,4]
01-01 00:01:29.589703  1138  1138 I commit_sys_config_file: [notification-policy,7]
01-01 00:01:29.597000  5712  5712 I auditd  : type=1400 audit(0.0:4208): avc: denied { read } for comm="re-initialized>" name="u:object_r:mtk_amslog_prop:s0" dev="tmpfs" ino=15427 scontext=u:r:untrusted_app_27:s0:c512,c768 tcontext=u:object_r:mtk_amslog_prop:s0 tclass=file permissive=0
01-01 00:01:29.597135  1138  1138 I commit_sys_config_file: [notification-policy,6]
01-01 00:01:29.601604  1138  3068 I am_proc_bound: [0,5712,com.oppo.usercenter]
01-01 00:01:29.602218  1138  1138 I commit_sys_config_file: [notification-policy,4]
01-01 00:01:29.663226  1138  4360 I am_uid_running: 10030
01-01 00:01:29.683426  1138  1171 I am_proc_start: [0,5740,10030,com.coloros.gallery3d,content provider,com.coloros.gallery3d/com.oppo.gallery3d.provider.RecycleProvider]
01-01 00:01:29.697000  5740  5740 I auditd  : type=1400 audit(0.0:4209): avc: denied { read } for comm="re-initialized>" name="u:object_r:mtk_amslog_prop:s0" dev="tmpfs" ino=15427 scontext=u:r:priv_app:s0:c512,c768 tcontext=u:object_r:mtk_amslog_prop:s0 tclass=file permissive=0
01-01 00:01:29.701212  1138  3439 I am_proc_bound: [0,5740,com.coloros.gallery3d]
01-01 00:01:29.733286  1138  1490 I commit_sys_config_file: [settings-2-0,8]
01-01 00:01:29.791438  1138  1254 I commit_sys_config_file: [package-user-0,12]
01-01 00:01:29.798102  1138  1254 I commit_sys_config_file: [package-user-0,5]
01-01 00:01:29.805211  1138  3439 I am_uid_active: 10098
01-01 00:01:29.805508  1138  3439 I am_uid_active: 10052
01-01 00:01:29.805612  1138  3439 I am_uid_active: 10030
01-01 00:01:30.006227  1138  1490 I commit_sys_config_file: [settings-0-0,4]
01-01 00:01:30.740393  1138  1171 I am_proc_start: [0,5832,1000,com.android.settings:index,service,com.android.settings/com.oppo.settings.search.IndexService]
01-01 00:01:30.753000  5832  5832 I auditd  : type=1400 audit(0.0:4210): avc: denied { read } for comm="re-initialized>" name="u:object_r:mtk_amslog_prop:s0" dev="tmpfs" ino=15427 scontext=u:r:system_app:s0 tcontext=u:object_r:mtk_amslog_prop:s0 tclass=file permissive=0
01-01 00:01:30.758084  1138  4966 I am_proc_bound: [0,5832,com.android.settings:index]
01-01 00:01:30.880494  1138  1243 I auto_brightness_adj: [0.000000,10,0.000000,10]
01-01 00:01:31.547835  1138  1138 I notification_cancel_all: [1000,1138,com.mediatek.mtklogger,0,0,0,7,NULL]
01-01 00:01:31.554453  1138  1138 I commit_sys_config_file: [notification-policy,7]
01-01 00:01:31.762048  1138  1490 I commit_sys_config_file: [settings-0-0,4]
01-01 00:01:31.813000  4571  4571 I auditd  : type=1400 audit(0.0:4211): avc: denied { search } for comm="MediaScannerSer" name="clients" dev="debugfs" ino=7839 scontext=u:r:mediaprovider:s0:c512,c768 tcontext=u:object_r:debugfs_ion:s0 tclass=dir permissive=0
01-01 00:01:31.829000  4571  4571 I auditd  : type=1400 audit(0.0:4212): avc: denied { search } for comm="MediaScannerSer" name="clients" dev="debugfs" ino=7839 scontext=u:r:mediaprovider:s0:c512,c768 tcontext=u:object_r:debugfs_ion:s0 tclass=dir permissive=0
01-01 00:01:31.841000  1138  1138 I auditd  : type=1400 audit(0.0:4213): avc: denied { read } for comm="system_server" name="u:object_r:exported_wifi_prop:s0" dev="tmpfs" ino=15398 scontext=u:r:system_server:s0 tcontext=u:object_r:exported_wifi_prop:s0 tclass=file permissive=0
01-01 00:01:31.845000  4571  4571 I auditd  : type=1400 audit(0.0:4214): avc: denied { search } for comm="MediaScannerSer" name="clients" dev="debugfs" ino=7839 scontext=u:r:mediaprovider:s0:c512,c768 tcontext=u:object_r:debugfs_ion:s0 tclass=dir permissive=0
01-01 00:01:31.857000  4571  4571 I auditd  : type=1400 audit(0.0:4215): avc: denied { search } for comm="MediaScannerSer" name="clients" dev="debugfs" ino=7839 scontext=u:r:mediaprovider:s0:c512,c768 tcontext=u:object_r:debugfs_ion:s0 tclass=dir permissive=0
01-01 00:01:31.885120  3835  3835 I service_manager_stats: [159,118,10690]
01-01 00:01:32.054075  1138  1490 I commit_sys_config_file: [settings-0-0,5]
01-01 00:01:32.279256  1138  1490 I commit_sys_config_file: [settings-3-0,6]
01-01 00:01:32.695196  1138  1490 I commit_sys_config_file: [settings-1-0,9]
01-01 00:01:33.459587  1138  4832 I am_proc_died: [0,4181,com.coloros.gesture,0,4]
01-01 00:01:33.459832  1138  4832 I am_schedule_service_restart: [0,com.coloros.gesture/.ColorAppServicesManagerClient,27261]
01-01 00:01:33.481860  1138  1167 I am_pss  : [3287,1000,com.coloros.bootreg,48231424,38575104,0,0,0,2,7]
01-01 00:01:34.001682  1138  1171 I am_proc_start: [0,6029,1000,com.coloros.gesture,service,com.coloros.gesture/.ColorAppServicesManagerClient]
01-01 00:01:34.029000  6029  6029 I auditd  : type=1400 audit(0.0:4216): avc: denied { read } for comm="re-initialized>" name="u:object_r:mtk_amslog_prop:s0" dev="tmpfs" ino=15427 scontext=u:r:system_app:s0 tcontext=u:object_r:mtk_amslog_prop:s0 tclass=file permissive=0
01-01 00:01:34.033049  1138  4363 I am_proc_bound: [0,6029,com.coloros.gesture]
01-01 00:01:34.094221  1138  1138 I commit_sys_config_file: [notification-policy,7]
01-01 00:01:34.104056  1138  1138 I commit_sys_config_file: [notification-policy,5]
01-01 00:01:34.110255  1138  1138 I commit_sys_config_file: [notification-policy,5]
01-01 00:01:34.117489  1138  1138 I commit_sys_config_file: [notification-policy,7]
01-01 00:01:34.465059  1138  1171 I am_proc_start: [0,6075,1000,com.oppo.logkit,service,com.oppo.logkit/.service.LogCoreService]
01-01 00:01:34.485000  6075  6075 I auditd  : type=1400 audit(0.0:4217): avc: denied { read } for comm="re-initialized>" name="u:object_r:mtk_amslog_prop:s0" dev="tmpfs" ino=15427 scontext=u:r:system_app:s0 tcontext=u:object_r:mtk_amslog_prop:s0 tclass=file permissive=0
01-01 00:01:34.488909  1138  4967 I am_proc_bound: [0,6075,com.oppo.logkit]
01-01 00:01:34.804809  1138  1490 I commit_sys_config_file: [settings-1-0,7]
01-01 00:01:34.914131  1138  2959 I commit_sys_config_file: [appops,17]
01-01 00:01:35.026095  1138  1251 I battery_level: [39,3755,287]
01-01 00:01:35.208219  1138  6129 I cpu     : [69,32,34,1,0,0]
01-01 00:01:35.504568  1138  1138 I commit_sys_config_file: [notification-policy,6]
01-01 00:01:35.607213  4391  5096 I liblog  : 42
01-01 00:01:35.608091  4391  5096 I liblog  : 70
01-01 00:01:35.637000  6165  6165 I auditd  : type=1400 audit(0.0:4218): avc: denied { sys_ptrace } for comm="aee_aed64" capability=19 scontext=u:r:aee_aed:s0 tcontext=u:r:aee_aed:s0 tclass=capability permissive=0
01-01 00:01:35.637000  6165  6165 I auditd  : type=1400 audit(0.0:4219): avc: denied { sys_ptrace } for comm="aee_aed64" capability=19 scontext=u:r:aee_aed:s0 tcontext=u:r:aee_aed:s0 tclass=capability permissive=0
01-01 00:01:35.637000  6165  6165 I auditd  : type=1400 audit(0.0:4220): avc: denied { dac_override } for comm="aee_aed64" capability=1 scontext=u:r:aee_aed:s0 tcontext=u:r:aee_aed:s0 tclass=capability permissive=0
01-01 00:01:35.637000  6165  6165 I auditd  : type=1400 audit(0.0:4221): avc: denied { dac_read_search } for comm="aee_aed64" capability=2 scontext=u:r:aee_aed:s0 tcontext=u:r:aee_aed:s0 tclass=capability permissive=0
01-01 00:01:35.641000  6165  6165 I auditd  : type=1400 audit(0.0:4222): avc: denied { sys_ptrace } for comm="aee_aed64" capability=19 scontext=u:r:aee_aed:s0 tcontext=u:r:aee_aed:s0 tclass=capability permissive=0
01-01 00:01:35.645000  6165  6165 I chatty  : uid=0(root) /system/bin/aee_aed64 identical 20 lines
01-01 00:01:35.645000  6165  6165 I auditd  : type=1400 audit(0.0:4243): avc: denied { sys_ptrace } for comm="aee_aed64" capability=19 scontext=u:r:aee_aed:s0 tcontext=u:r:aee_aed:s0 tclass=capability permissive=0
01-01 00:01:35.650211  1138  1177 I dropbox_file_copy: [/data/tombstones/tombstone_00,4194304,SYSTEM_TOMBSTONE]
01-01 00:01:35.654204  1138  1177 I commit_sys_config_file: [log-files,3]
01-01 00:01:35.697822  1138  1138 I notification_enqueue: [1000,6075,com.oppo.logkit,2017,NULL,0,Notification(channel=null pri=2 contentView=null vibrate=null sound=null tick defaults=0x0 flags=0x22 color=0x00000000 vis=PRIVATE),0]
01-01 00:01:35.709000  2995  2995 I auditd  : type=1400 audit(0.0:4244): avc: denied { getattr } for comm="ndroid.systemui" path="/data/data/com.oppo.logkit" dev="sdc45" ino=1802785 scontext=u:r:platform_app:s0:c512,c768 tcontext=u:object_r:system_app_data_file:s0 tclass=dir permissive=0
01-01 00:01:36.133000  6167  6167 I auditd  : type=1400 audit(0.0:4245): avc: denied { read } for comm="aee_dumpstate" name="buffer_total_size_kb" dev="tracefs" ino=2058 scontext=u:r:dumpstate:s0 tcontext=u:object_r:debugfs_tracing_debug:s0 tclass=file permissive=0
01-01 00:01:36.329445  1138  1169 I service_manager_stats: [100,56,9505]
01-01 00:01:37.697155  1138  4966 I am_proc_died: [0,5333,com.coloros.sau:hotfix,500,9]
01-01 00:01:37.697907  1138  4966 I am_schedule_service_restart: [0,com.coloros.sau/.hotfix.ClientService,23023]
01-01 00:01:39.493000  6363  6363 I auditd  : type=1400 audit(0.0:4246): avc: denied { read } for comm="ps" name="init" dev="dm-0" ino=24 scontext=u:r:dumpstate:s0 tcontext=u:object_r:init_exec:s0 tclass=file permissive=0
01-01 00:01:39.793000  6363  6363 I chatty  : uid=0(root) /system/bin/ps identical 2 lines
01-01 00:01:39.797000  6363  6363 I auditd  : type=1400 audit(0.0:4249): avc: denied { read } for comm="ps" name="init" dev="dm-0" ino=24 scontext=u:r:dumpstate:s0 tcontext=u:object_r:init_exec:s0 tclass=file permissive=0
01-01 00:01:39.817000  6363  6363 I auditd  : type=1400 audit(0.0:4250): avc: denied { read } for comm="ps" name="logd" dev="dm-0" ino=1102 scontext=u:r:dumpstate:s0 tcontext=u:object_r:logd_exec:s0 tclass=file permissive=0
01-01 00:01:39.825000  6363  6363 I chatty  : uid=0(root) /system/bin/ps identical 7 lines
01-01 00:01:39.825000  6363  6363 I auditd  : type=1400 audit(0.0:4258): avc: denied { read } for comm="ps" name="logd" dev="dm-0" ino=1102 scontext=u:r:dumpstate:s0 tcontext=u:object_r:logd_exec:s0 tclass=file permissive=0
01-01 00:01:39.825000  6363  6363 I auditd  : type=1400 audit(0.0:4259): avc: denied { read } for comm="ps" name="servicemanager" dev="dm-0" ino=1223 scontext=u:r:dumpstate:s0 tcontext=u:object_r:servicemanager_exec:s0 tclass=file permissive=0
01-01 00:01:39.829000  6363  6363 I auditd  : type=1400 audit(0.0:4260): avc: denied { read } for comm="ps" name="hwservicemanager" dev="dm-0" ino=1056 scontext=u:r:dumpstate:s0 tcontext=u:object_r:hwservicemanager_exec:s0 tclass=file permissive=0
01-01 00:01:39.833000  6363  6363 I auditd  : type=1400 audit(0.0:4262): avc: denied { read } for comm="ps" name="aee_aedv" dev="dm-1" ino=48 scontext=u:r:dumpstate:s0 tcontext=u:object_r:aee_aedv_exec:s0 tclass=file permissive=0
01-01 00:01:39.833000  6363  6363 I auditd  : type=1400 audit(0.0:4263): avc: denied { read } for comm="ps" name="aee_aedv64" dev="dm-1" ino=49 scontext=u:r:dumpstate:s0 tcontext=u:object_r:aee_aedv_exec:s0 tclass=file permissive=0
01-01 00:01:39.833000  6363  6363 I auditd  : type=1400 audit(0.0:4264): avc: denied { read } for comm="ps" name="aee_aed" dev="dm-0" ino=923 scontext=u:r:dumpstate:s0 tcontext=u:object_r:aee_aed_exec:s0 tclass=file permissive=0
01-01 00:01:39.837000  6363  6363 I auditd  : type=1400 audit(0.0:4265): avc: denied { read } for comm="ps" name="aee_aed64" dev="dm-0" ino=924 scontext=u:r:dumpstate:s0 tcontext=u:object_r:aee_aed_exec:s0 tclass=file permissive=0
01-01 00:01:39.837000  6363  6363 I auditd  : type=1400 audit(0.0:4266): avc: denied { read } for comm="ps" name="mcDriverDaemon" dev="dm-1" ino=264 scontext=u:r:dumpstate:s0 tcontext=u:object_r:mobicore_exec:s0 tclass=file permissive=0
01-01 00:01:39.845000  6363  6363 I chatty  : uid=0(root) /system/bin/ps identical 5 lines
01-01 00:01:39.845000  6363  6363 I auditd  : type=1400 audit(0.0:4277): avc: denied { read } for comm="ps" name="vold" dev="dm-0" ino=1305 scontext=u:r:dumpstate:s0 tcontext=u:object_r:vold_exec:s0 tclass=file permissive=0
01-01 00:01:39.849000  6363  6363 I auditd  : type=1400 audit(0.0:4278): avc: denied { read } for comm="ps" name="netd" dev="dm-0" ino=1154 scontext=u:r:dumpstate:s0 tcontext=u:object_r:netd_exec:s0 tclass=file permissive=0
01-01 00:01:39.857000  6363  6363 I chatty  : uid=0(root) /system/bin/ps identical 13 lines
01-01 00:01:39.857000  6363  6363 I auditd  : type=1400 audit(0.0:4292): avc: denied { read } for comm="ps" name="netd" dev="dm-0" ino=1154 scontext=u:r:dumpstate:s0 tcontext=u:object_r:netd_exec:s0 tclass=file permissive=0
01-01 00:01:39.873000  6363  6363 I auditd  : type=1400 audit(0.0:4293): avc: denied { read } for comm="ps" name="bspFwUpdate" dev="dm-0" ino=956 scontext=u:r:dumpstate:s0 tcontext=u:object_r:bspFwUpdate_exec:s0 tclass=file permissive=0
01-01 00:01:39.877000  6363  6363 I auditd  : type=1400 audit(0.0:4296): avc: denied { read } for comm="ps" name="vtservice_hidl" dev="dm-1" ino=179 scontext=u:r:dumpstate:s0 tcontext=u:object_r:vtservice_hidl_exec:s0 tclass=file permissive=0
01-01 00:01:39.889000  6363  6363 I chatty  : uid=0(root) /system/bin/ps identical 14 lines
01-01 00:01:39.889000  6363  6363 I auditd  : type=1400 audit(0.0:4314): avc: denied { read } for comm="ps" name="android.hardware.audio@4.0-service-mediatek" dev="dm-1" ino=125 scontext=u:r:dumpstate:s0 tcontext=u:object_r:mtk_hal_audio_exec:s0 tclass=file permissive=0
01-01 00:01:39.893000  6363  6363 I auditd  : type=1400 audit(0.0:4315): avc: denied { read } for comm="ps" name="android.hardware.bluetooth@1.0-service-mediatek" dev="dm-1" ino=126 scontext=u:r:dumpstate:s0 tcontext=u:object_r:mtk_hal_bluetooth_exec:s0 tclass=file permissive=0
01-01 00:01:39.901000  6363  6363 I auditd  : type=1400 audit(0.0:4323): avc: denied { read } for comm="ps" name="android.hardware.drm@1.1-service.clearkey" dev="dm-1" ino=130 scontext=u:r:dumpstate:s0 tcontext=u:object_r:hal_drm_clearkey_exec:s0 tclass=file permissive=0
01-01 00:01:39.905000  6363  6363 I auditd  : type=1400 audit(0.0:4325): avc: denied { read } for comm="ps" name="android.hardware.gatekeeper@1.0-service" dev="dm-1" ino=132 scontext=u:r:dumpstate:s0 tcontext=u:object_r:hal_gatekeeper_default_exec:s0 tclass=file permissive=0
01-01 00:01:39.905000  6363  6363 I auditd  : type=1400 audit(0.0:4326): avc: denied { read } for comm="ps" name="android.hardware.graphics.allocator@2.0-service" dev="dm-1" ino=133 scontext=u:r:dumpstate:s0 tcontext=u:object_r:hal_graphics_allocator_default_exec:s0 tclass=file permissive=0
01-01 00:01:39.905000  6363  6363 I chatty  : uid=0(root) /system/bin/ps identical 1 line
01-01 00:01:39.905000  6363  6363 I auditd  : type=1400 audit(0.0:4328): avc: denied { read } for comm="ps" name="android.hardware.graphics.allocator@2.0-service" dev="dm-1" ino=133 scontext=u:r:dumpstate:s0 tcontext=u:object_r:hal_graphics_allocator_default_exec:s0 tclass=file permissive=0
01-01 00:01:39.909000  6363  6363 I auditd  : type=1400 audit(0.0:4329): avc: denied { read } for comm="ps" name="android.hardware.graphics.composer@2.1-service" dev="dm-1" ino=134 scontext=u:r:dumpstate:s0 tcontext=u:object_r:hal_graphics_composer_default_exec:s0 tclass=file permissive=0
01-01 00:01:39.913000  6363  6363 I chatty  : uid=0(root) /system/bin/ps identical 9 lines
01-01 00:01:39.913000  6363  6363 I auditd  : type=1400 audit(0.0:4339): avc: denied { read } for comm="ps" name="android.hardware.graphics.composer@2.1-service" dev="dm-1" ino=134 scontext=u:r:dumpstate:s0 tcontext=u:object_r:hal_graphics_composer_default_exec:s0 tclass=file permissive=0
01-01 00:01:39.917000  6363  6363 I auditd  : type=1400 audit(0.0:4340): avc: denied { read } for comm="ps" name="android.hardware.health@2.0-service" dev="dm-1" ino=135 scontext=u:r:dumpstate:s0 tcontext=u:object_r:hal_health_default_exec:s0 tclass=file permissive=0
01-01 00:01:39.929000  6363  6363 I auditd  : type=1400 audit(0.0:4348): avc: denied { read } for comm="ps" name="android.hardware.nfc@1.1-service" dev="dm-1" ino=143 scontext=u:r:dumpstate:s0 tcontext=u:object_r:hal_nfc_default_exec:s0 tclass=file permissive=0
01-01 00:01:39.937000  6363  6363 I auditd  : type=1400 audit(0.0:4358): avc: denied { read } for comm="ps" name="android.hardware.secure_element@1.0-service" dev="dm-1" ino=144 scontext=u:r:dumpstate:s0 tcontext=u:object_r:hal_secure_element_default_exec:s0 tclass=file permissive=0
01-01 00:01:39.941000  6363  6363 I auditd  : type=1400 audit(0.0:4359): avc: denied { read } for comm="ps" name="android.hardware.thermal@1.0-service" dev="dm-1" ino=147 scontext=u:r:dumpstate:s0 tcontext=u:object_r:hal_thermal_default_exec:s0 tclass=file permissive=0
01-01 00:01:39.949000  6363  6363 I chatty  : uid=0(root) /system/bin/ps identical 4 lines
01-01 00:01:39.949000  6363  6363 I auditd  : type=1400 audit(0.0:4370): avc: denied { read } for comm="ps" name="lbs_hidl_service" dev="dm-1" ino=193 scontext=u:r:dumpstate:s0 tcontext=u:object_r:lbs_hidl_service_exec:s0 tclass=file permissive=0
01-01 00:01:39.953000  6363  6363 I auditd  : type=1400 audit(0.0:4371): avc: denied { read } for comm="ps" name="vendor.dolby.hardware.dms@1.0-service" dev="dm-1" ino=155 scontext=u:r:dumpstate:s0 tcontext=u:object_r:hal_dms_dolby_exec:s0 tclass=file permissive=0
01-01 00:01:39.953000  6363  6363 I auditd  : type=1400 audit(0.0:4372): avc: denied { read } for comm="ps" name="vendor.dolby.hardware.dms@1.0-service" dev="dm-1" ino=155 scontext=u:r:dumpstate:s0 tcontext=u:object_r:hal_dms_dolby_exec:s0 tclass=file permissive=0
01-01 00:01:39.957000  6363  6363 I auditd  : type=1400 audit(0.0:4373): avc: denied { read } for comm="ps" name="vendor.mediatek.hardware.dfps@1.0-service" dev="dm-1" ino=156 scontext=u:r:dumpstate:s0 tcontext=u:object_r:mtk_hal_dfps_exec:s0 tclass=file permissive=0
01-01 00:01:39.965000  6363  6363 I auditd  : type=1400 audit(0.0:4380): avc: denied { read } for comm="ps" name="vendor.mediatek.hardware.nvram@1.1-service" dev="dm-1" ino=163 scontext=u:r:dumpstate:s0 tcontext=u:object_r:nvram_agent_binder_exec:s0 tclass=file permissive=0
01-01 00:01:39.973000  6363  6363 I auditd  : type=1400 audit(0.0:4387): avc: denied { read } for comm="ps" name="vendor.trustonic.teeregistry@1.0-service" dev="dm-1" ino=177 scontext=u:r:dumpstate:s0 tcontext=u:object_r:hal_teeregistry_default_exec:s0 tclass=file permissive=0
01-01 00:01:39.973000  6363  6363 I auditd  : type=1400 audit(0.0:4388): avc: denied { read } for comm="ps" name="atlasservice" dev="dm-0" ino=937 scontext=u:r:dumpstate:s0 tcontext=u:object_r:atlasservice_exec:s0 tclass=file permissive=0
01-01 00:01:39.997000  6363  6363 I auditd  : type=1400 audit(0.0:4414): avc: denied { read } for comm="ps" name="surfaceflinger" dev="dm-0" ino=1253 scontext=u:r:dumpstate:s0 tcontext=u:object_r:surfaceflinger_exec:s0 tclass=file permissive=0
01-01 00:01:40.013000  6363  6363 I chatty  : uid=0(root) /system/bin/ps identical 28 lines
01-01 00:01:40.013000  6363  6363 I auditd  : type=1400 audit(0.0:4443): avc: denied { read } for comm="ps" name="surfaceflinger" dev="dm-0" ino=1253 scontext=u:r:dumpstate:s0 tcontext=u:object_r:surfaceflinger_exec:s0 tclass=file permissive=0
01-01 00:01:40.021000  6363  6363 I auditd  : type=1400 audit(0.0:4444): avc: denied { read } for comm="ps" name="thermalserviced" dev="dm-0" ino=1269 scontext=u:r:dumpstate:s0 tcontext=u:object_r:thermalserviced_exec:s0 tclass=file permissive=0
01-01 00:01:40.029000  6363  6363 I chatty  : uid=0(root) /system/bin/ps identical 2 lines
01-01 00:01:40.029000  6363  6363 I auditd  : type=1400 audit(0.0:4452): avc: denied { read } for comm="ps" name="wfca" dev="dm-1" ino=380 scontext=u:r:dumpstate:s0 tcontext=u:object_r:wfca_exec:s0 tclass=file permissive=0
01-01 00:01:40.033000  6363  6363 I auditd  : type=1400 audit(0.0:4453): avc: denied { read } for comm="ps" name="asserttip" dev="dm-0" ino=935 scontext=u:r:dumpstate:s0 tcontext=u:object_r:oppoasserttip_exec:s0 tclass=file permissive=0
01-01 00:01:40.041000  6363  6363 I auditd  : type=1400 audit(0.0:4459): avc: denied { read } for comm="ps" name="stp_dump3" dev="dm-0" ino=1248 scontext=u:r:dumpstate:s0 tcontext=u:object_r:stp_dump3_exec:s0 tclass=file permissive=0
01-01 00:01:40.045000  6363  6363 I auditd  : type=1400 audit(0.0:4463): avc: denied { read } for comm="ps" name="oppogift" dev="dm-0" ino=1172 scontext=u:r:dumpstate:s0 tcontext=u:object_r:oppogift_exec:s0 tclass=file permissive=0
01-01 00:01:40.045000  6363  6363 I auditd  : type=1400 audit(0.0:4464): avc: denied { read } for comm="ps" name="motorcontrol" dev="dm-0" ino=1144 scontext=u:r:dumpstate:s0 tcontext=u:object_r:motorcontrol_exec:s0 tclass=file permissive=0
01-01 00:01:40.057000  6363  6363 I chatty  : uid=0(root) /system/bin/ps identical 17 lines
01-01 00:01:40.057000  6363  6363 I auditd  : type=1400 audit(0.0:4483): avc: denied { read } for comm="ps" name="mnld" dev="dm-1" ino=273 scontext=u:r:dumpstate:s0 tcontext=u:object_r:mnld_exec:s0 tclass=file permissive=0
01-01 00:01:40.061000  6363  6363 I auditd  : type=1400 audit(0.0:4484): avc: denied { read } for comm="ps" name="lbs_dbg" dev="dm-0" ino=1089 scontext=u:r:dumpstate:s0 tcontext=u:object_r:lbs_dbg_exec:s0 tclass=file permissive=0
01-01 00:01:40.065000  6363  6363 I chatty  : uid=0(root) /system/bin/ps identical 3 lines
01-01 00:01:40.065000  6363  6363 I auditd  : type=1400 audit(0.0:4488): avc: denied { read } for comm="ps" name="lbs_dbg" dev="dm-0" ino=1089 scontext=u:r:dumpstate:s0 tcontext=u:object_r:lbs_dbg_exec:s0 tclass=file permissive=0
01-01 00:01:40.065000  6363  6363 I auditd  : type=1400 audit(0.0:4489): avc: denied { read } for comm="ps" name="bspCriticalLog" dev="dm-0" ino=955 scontext=u:r:dumpstate:s0 tcontext=u:object_r:bspCriticalLog_exec:s0 tclass=file permissive=0
01-01 00:01:40.069000  6363  6363 I chatty  : uid=0(root) /system/bin/ps identical 1 line
01-01 00:01:40.069000  6363  6363 I auditd  : type=1400 audit(0.0:4491): avc: denied { read } for comm="ps" name="bspCriticalLog" dev="dm-0" ino=955 scontext=u:r:dumpstate:s0 tcontext=u:object_r:bspCriticalLog_exec:s0 tclass=file permissive=0
01-01 00:01:40.069000  6363  6363 I auditd  : type=1400 audit(0.0:4492): avc: denied { read } for comm="ps" name="cameraserver" dev="dm-0" ino=966 scontext=u:r:dumpstate:s0 tcontext=u:object_r:cameraserver_exec:s0 tclass=file permissive=0
01-01 00:01:40.073000  6363  6363 I chatty  : uid=0(root) /system/bin/ps identical 4 lines
01-01 00:01:40.073000  6363  6363 I auditd  : type=1400 audit(0.0:4497): avc: denied { read } for comm="ps" name="cameraserver" dev="dm-0" ino=966 scontext=u:r:dumpstate:s0 tcontext=u:object_r:cameraserver_exec:s0 tclass=file permissive=0
01-01 00:01:40.073000  6363  6363 I auditd  : type=1400 audit(0.0:4498): avc: denied { read } for comm="ps" name="connsyslogger" dev="dm-0" ino=982 scontext=u:r:dumpstate:s0 tcontext=u:object_r:connsyslogger_exec:s0 tclass=file permissive=0
01-01 00:01:40.077000  6363  6363 I auditd  : type=1400 audit(0.0:4499): avc: denied { read } for comm="ps" name="connsyslogger" dev="dm-0" ino=982 scontext=u:r:dumpstate:s0 tcontext=u:object_r:connsyslogger_exec:s0 tclass=file permissive=0
01-01 00:01:40.077000  6363  6363 I auditd  : type=1400 audit(0.0:4500): avc: denied { read } for comm="ps" name="drmserver" dev="dm-0" ino=1009 scontext=u:r:dumpstate:s0 tcontext=u:object_r:drmserver_exec:s0 tclass=file permissive=0
01-01 00:01:40.081000  6363  6363 I chatty  : uid=0(root) /system/bin/ps identical 5 lines
01-01 00:01:40.081000  6363  6363 I auditd  : type=1400 audit(0.0:4506): avc: denied { read } for comm="ps" name="drmserver" dev="dm-0" ino=1009 scontext=u:r:dumpstate:s0 tcontext=u:object_r:drmserver_exec:s0 tclass=file permissive=0
01-01 00:01:40.085000  6363  6363 I auditd  : type=1400 audit(0.0:4507): avc: denied { read } for comm="ps" name="incidentd" dev="dm-0" ino=1064 scontext=u:r:dumpstate:s0 tcontext=u:object_r:incidentd_exec:s0 tclass=file permissive=0
01-01 00:01:40.089000  6363  6363 I chatty  : uid=0(root) /system/bin/ps identical 5 lines
01-01 00:01:40.089000  6363  6363 I auditd  : type=1400 audit(0.0:4516): avc: denied { read } for comm="ps" name="vtservice" dev="dm-0" ino=1308 scontext=u:r:dumpstate:s0 tcontext=u:object_r:vtservice_exec:s0 tclass=file permissive=0
01-01 00:01:40.093000  6363  6363 I auditd  : type=1400 audit(0.0:4517): avc: denied { read } for comm="ps" name="installd" dev="dm-0" ino=1068 scontext=u:r:dumpstate:s0 tcontext=u:object_r:installd_exec:s0 tclass=file permissive=0
01-01 00:01:40.097000  6363  6363 I chatty  : uid=0(root) /system/bin/ps identical 6 lines
01-01 00:01:40.097000  6363  6363 I auditd  : type=1400 audit(0.0:4524): avc: denied { read } for comm="ps" name="installd" dev="dm-0" ino=1068 scontext=u:r:dumpstate:s0 tcontext=u:object_r:installd_exec:s0 tclass=file permissive=0
01-01 00:01:40.101000  6363  6363 I auditd  : type=1400 audit(0.0:4525): avc: denied { read } for comm="ps" name="keystore" dev="dm-0" ino=1084 scontext=u:r:dumpstate:s0 tcontext=u:object_r:keystore_exec:s0 tclass=file permissive=0
01-01 00:01:40.129000  6363  6363 I chatty  : uid=0(root) /system/bin/ps identical 2 lines
01-01 00:01:40.129000  6363  6363 I auditd  : type=1400 audit(0.0:4557): avc: denied { read } for comm="ps" name="statsd" dev="dm-0" ino=1244 scontext=u:r:dumpstate:s0 tcontext=u:object_r:statsd_exec:s0 tclass=file permissive=0
01-01 00:01:40.133000  6363  6363 I auditd  : type=1400 audit(0.0:4558): avc: denied { read } for comm="ps" name="wificond" dev="dm-0" ino=1313 scontext=u:r:dumpstate:s0 tcontext=u:object_r:wificond_exec:s0 tclass=file permissive=0
01-01 00:01:40.137000  6363  6363 I auditd  : type=1400 audit(0.0:4559): avc: denied { read } for comm="ps" name="android.hardware.media.omx@1.0-service" dev="dm-1" ino=139 scontext=u:r:dumpstate:s0 tcontext=u:object_r:mediacodec_exec:s0 tclass=file permissive=0
01-01 00:01:40.141000  6363  6363 I chatty  : uid=0(root) /system/bin/ps identical 4 lines
01-01 00:01:40.141000  6363  6363 I auditd  : type=1400 audit(0.0:4564): avc: denied { read } for comm="ps" name="android.hardware.media.omx@1.0-service" dev="dm-1" ino=139 scontext=u:r:dumpstate:s0 tcontext=u:object_r:mediacodec_exec:s0 tclass=file permissive=0
01-01 00:01:40.141000  6363  6363 I auditd  : type=1400 audit(0.0:4565): avc: denied { read } for comm="ps" name="android.hardware.sensors@1.0-service-mediatek" dev="dm-1" ino=146 scontext=u:r:dumpstate:s0 tcontext=u:object_r:mtk_hal_sensors_exec:s0 tclass=file permissive=0
01-01 00:01:40.145000  6363  6363 I chatty  : uid=0(root) /system/bin/ps identical 2 lines
01-01 00:01:40.145000  6363  6363 I auditd  : type=1400 audit(0.0:4568): avc: denied { read } for comm="ps" name="android.hardware.sensors@1.0-service-mediatek" dev="dm-1" ino=146 scontext=u:r:dumpstate:s0 tcontext=u:object_r:mtk_hal_sensors_exec:s0 tclass=file permissive=0
01-01 00:01:40.145000  6363  6363 I auditd  : type=1400 audit(0.0:4569): avc: denied { read } for comm="ps" name="camerahalserver" dev="dm-1" ino=151 scontext=u:r:dumpstate:s0 tcontext=u:object_r:mtk_hal_camera_exec:s0 tclass=file permissive=0
01-01 00:01:40.153000  6363  6363 I auditd  : type=1400 audit(0.0:4574): avc: denied { read } for comm="ps" name="thermalloadalgod" dev="dm-1" ino=350 scontext=u:r:dumpstate:s0 tcontext=u:object_r:thermalloadalgod_exec:s0 tclass=file permissive=0
01-01 00:01:40.153000  6363  6363 I auditd  : type=1400 audit(0.0:4576): avc: denied { read } for comm="ps" name="mtk_agpsd" dev="dm-1" ino=281 scontext=u:r:dumpstate:s0 tcontext=u:object_r:mtk_agpsd_exec:s0 tclass=file permissive=0
01-01 00:01:40.193000  6363  6363 I chatty  : uid=0(root) /system/bin/ps identical 51 lines
01-01 00:01:40.193000  6363  6363 I auditd  : type=1400 audit(0.0:4628): avc: denied { read } for comm="ps" name="mtk_agpsd" dev="dm-1" ino=281 scontext=u:r:dumpstate:s0 tcontext=u:object_r:mtk_agpsd_exec:s0 tclass=file permissive=0
01-01 00:01:40.201000  6363  6363 I auditd  : type=1400 audit(0.0:4629): avc: denied { read } for comm="ps" name="vendor.mediatek.hardware.mms@1.1-service" dev="dm-1" ino=161 scontext=u:r:dumpstate:s0 tcontext=u:object_r:mtk_hal_mms_exec:s0 tclass=file permissive=0
01-01 00:01:40.205000  6363  6363 I auditd  : type=1400 audit(0.0:4630): avc: denied { read } for comm="ps" name="vendor.mediatek.hardware.pq@2.2-service" dev="dm-1" ino=165 scontext=u:r:dumpstate:s0 tcontext=u:object_r:mtk_hal_pq_exec:s0 tclass=file permissive=0
01-01 00:01:40.217000  6363  6363 I auditd  : type=1400 audit(0.0:4643): avc: denied { read } for comm="ps" name="wlan_assistant" dev="dm-1" ino=383 scontext=u:r:dumpstate:s0 tcontext=u:object_r:wlan_assistant_exec:s0 tclass=file permissive=0
01-01 00:01:40.225000  6363  6363 I auditd  : type=1400 audit(0.0:4644): avc: denied { read } for comm="ps" name="oppo_kevent" dev="dm-0" ino=1171 scontext=u:r:dumpstate:s0 tcontext=u:object_r:oppo_kevents_exec:s0 tclass=file permissive=0
01-01 00:01:40.229000  6363  6363 I auditd  : type=1400 audit(0.0:4647): avc: denied { read } for comm="ps" name="sn" dev="dm-0" ino=1238 scontext=u:r:dumpstate:s0 tcontext=u:object_r:sn_exec:s0 tclass=file permissive=0
01-01 00:01:40.241000  6363  6363 I chatty  : uid=0(root) /system/bin/ps identical 4 lines
01-01 00:01:40.241000  6363  6363 I auditd  : type=1400 audit(0.0:4660): avc: denied { read } for comm="ps" name="vendor.oppo.hardware.biometrics.fingerprint@2.1-service" dev="dm-1" ino=170 scontext=u:r:dumpstate:s0 tcontext=u:object_r:hal_fingerprint_oppo_exec:s0 tclass=file permissive=0
01-01 00:01:40.241000  6363  6363 I auditd  : type=1400 audit(0.0:4661): avc: denied { read } for comm="ps" name="vendor.oppo.hardware.biometrics.fingerprintpay@1.0-service" dev="dm-1" ino=171 scontext=u:r:dumpstate:s0 tcontext=u:object_r:hal_fingerprintpay_oppo_exec:s0 tclass=file permissive=0
