01-01 00:05:48.295000   631   631 I auditd  : type=1400 audit(0.0:7474): avc: denied { getattr } for comm="oiface@1.0-serv" path="/sys/devices/platform/charger/power_supply/usb/online" dev="sysfs" ino=38577 scontext=u:r:hal_oiface_oppo:s0 tcontext=u:object_r:sysfs_batteryinfo:s0 tclass=file permissive=0
01-01 00:05:48.299000   631   631 I auditd  : type=1400 audit(0.0:7475): avc: denied { getattr } for comm="oiface@1.0-serv" path="/sys/devices/platform/charger/power_supply/battery/batt_rm" dev="sysfs" ino=38613 scontext=u:r:hal_oiface_oppo:s0 tcontext=u:object_r:sysfs_batteryinfo:s0 tclass=file permissive=0
01-01 00:05:48.310328  1138  1138 I commit_sys_config_file: [notification-policy,13]
01-01 00:05:48.323809  1138  1138 I commit_sys_config_file: [notification-policy,13]
01-01 00:05:48.329743  1138  1138 I commit_sys_config_file: [notification-policy,6]
01-01 00:05:48.332890  1138  1495 I am_proc_died: [0,7073,com.google.process.gapps,906,18]
01-01 00:05:48.334033  1138  1138 I commit_sys_config_file: [notification-policy,4]
01-01 00:05:48.339697  1138  1138 I commit_sys_config_file: [notification-policy,6]
01-01 00:05:48.344302  1138  1138 I commit_sys_config_file: [notification-policy,4]
01-01 00:05:48.383000  8202  8202 I auditd  : type=1400 audit(0.0:7476): avc: denied { read } for comm="re-initialized>" name="u:object_r:mtk_amslog_prop:s0" dev="tmpfs" ino=15427 scontext=u:r:untrusted_app_27:s0:c512,c768 tcontext=u:object_r:mtk_amslog_prop:s0 tclass=file permissive=0
01-01 00:05:48.351247  1138  1138 I commit_sys_config_file: [notification-policy,6]
01-01 00:05:48.356330  1138  1138 I commit_sys_config_file: [notification-policy,5]
01-01 00:05:48.359285  1138  1171 I am_proc_start: [0,8202,10091,com.coloros.phonenoareainquire,broadcast,com.coloros.phonenoareainquire/.UpdateMultiLanguageUtils]
01-01 00:05:48.367013  1138  1138 I commit_sys_config_file: [notification-policy,5]
01-01 00:05:48.371254  1138  1138 I commit_sys_config_file: [notification-policy,4]
01-01 00:05:48.376183  1138  1138 I commit_sys_config_file: [notification-policy,5]
01-01 00:05:48.380508  1138  1138 I commit_sys_config_file: [notification-policy,5]
01-01 00:05:48.391880  1138  4361 I am_proc_bound: [0,8202,com.coloros.phonenoareainquire]
01-01 00:05:48.394267  1138  1138 I commit_sys_config_file: [notification-policy,7]
01-01 00:05:48.399293  1138  1138 I commit_sys_config_file: [notification-policy,5]
01-01 00:05:48.406017  1138  1138 I commit_sys_config_file: [notification-policy,7]
01-01 00:05:48.407444  1138  1170 I am_uid_running: 10061
01-01 00:05:48.411276  1138  1138 I commit_sys_config_file: [notification-policy,5]
01-01 00:05:48.420798  1138  1138 I commit_sys_config_file: [notification-policy,6]
01-01 00:05:48.429930  1138  1138 I commit_sys_config_file: [notification-policy,4]
01-01 00:05:48.491000  8227  8227 I auditd  : type=1400 audit(0.0:7477): avc: denied { read } for comm="re-initialized>" name="u:object_r:mtk_amslog_prop:s0" dev="tmpfs" ino=15427 scontext=u:r:platform_app:s0:c512,c768 tcontext=u:object_r:mtk_amslog_prop:s0 tclass=file permissive=0
01-01 00:05:48.449261  1138  1138 I commit_sys_config_file: [notification-policy,10]
01-01 00:05:48.459127  1138  1171 I am_proc_start: [0,8227,10061,com.coloros.providers.fileinfo,broadcast,com.coloros.providers.fileinfo/.receiver.DataUpdaterReceiver]
01-01 00:05:48.465376  1138  1138 I commit_sys_config_file: [notification-policy,15]
01-01 00:05:48.471010  8179  8179 I am_on_create_called: [0,com.coloros.wirelesssettings.OppoWirelessSettingsActivity,performCreate]
01-01 00:05:48.473923  1138  1138 I commit_sys_config_file: [notification-policy,8]
01-01 00:05:48.492485  1138  1138 I commit_sys_config_file: [notification-policy,19]
01-01 00:05:48.510512  1138  7418 I am_proc_bound: [0,8227,com.coloros.providers.fileinfo]
01-01 00:05:48.519646  1138  1138 I commit_sys_config_file: [notification-policy,15]
01-01 00:05:48.528309  1138  1138 I commit_sys_config_file: [notification-policy,8]
01-01 00:05:48.541594  1138  1138 I commit_sys_config_file: [notification-policy,13]
01-01 00:05:48.547410  1138  1170 I am_uid_running: 10036
01-01 00:05:48.572991  1138  1138 I commit_sys_config_file: [notification-policy,31]
01-01 00:05:48.578125  8179  8179 I am_on_start_called: [0,com.coloros.wirelesssettings.OppoWirelessSettingsActivity,handleStartActivity]
01-01 00:05:48.580687  8179  8179 I am_on_resume_called: [0,com.coloros.wirelesssettings.OppoWirelessSettingsActivity,RESUME_ACTIVITY]
01-01 00:05:48.582164  1138  1138 I commit_sys_config_file: [notification-policy,9]
01-01 00:05:48.590816  1138  1138 I commit_sys_config_file: [notification-policy,9]
01-01 00:05:48.600290  1138  1138 I commit_sys_config_file: [notification-policy,7]
01-01 00:05:48.607499  1138  1138 I commit_sys_config_file: [notification-policy,7]
01-01 00:05:48.612884  3349  3715 I service_manager_stats: [100,138,174653]
01-01 00:05:48.621218  1138  1138 I commit_sys_config_file: [notification-policy,8]
01-01 00:05:48.631780  1138  1138 I commit_sys_config_file: [notification-policy,6]
01-01 00:05:48.631915  1138  1138 I notification_cancel_all: [1000,1138,android,0,0,0,17,NULL]
01-01 00:05:48.633203  1138  1138 I notification_cancel_all: [1000,1138,android,0,0,0,17,NULL]
01-01 00:05:48.639746  1138  1138 I commit_sys_config_file: [notification-policy,6]
01-01 00:05:48.639877  1138  1138 I notification_cancel_all: [1000,1138,android,0,0,0,17,NULL]
01-01 00:05:48.640801  1138  1138 I chatty  : uid=1000 system_server identical 6 lines
01-01 00:05:48.640848  1138  1138 I notification_cancel_all: [1000,1138,android,0,0,0,17,NULL]
01-01 00:05:48.643792  1138  1171 I am_proc_start: [0,8262,10036,com.coloros.smartdrive,broadcast,com.coloros.smartdrive/.Receiver]
01-01 00:05:48.645723  1138  1138 I commit_sys_config_file: [notification-policy,5]
01-01 00:05:48.643000  8262  8262 I auditd  : type=1400 audit(0.0:7478): avc: denied { read } for comm="re-initialized>" name="u:object_r:mtk_amslog_prop:s0" dev="tmpfs" ino=15427 scontext=u:r:priv_app:s0:c512,c768 tcontext=u:object_r:mtk_amslog_prop:s0 tclass=file permissive=0
01-01 00:05:48.645920  1138  1138 I notification_cancel_all: [1000,1138,android,0,0,0,17,NULL]
01-01 00:05:48.646007  1138  1138 I notification_cancel_all: [1000,1138,android,0,0,0,17,NULL]
01-01 00:05:48.653603  1138  1495 I am_proc_bound: [0,8262,com.coloros.smartdrive]
01-01 00:05:48.654587  1138  1138 I commit_sys_config_file: [notification-policy,9]
01-01 00:05:48.654708  1138  1138 I notification_cancel_all: [1000,1138,android,0,0,0,17,NULL]
01-01 00:05:48.656424  1138  1138 I notification_cancel_all: [1000,1138,android,0,0,0,17,NULL]
01-01 00:05:48.660603  1138  1138 I commit_sys_config_file: [notification-policy,4]
01-01 00:05:48.660737  1138  1138 I notification_cancel_all: [1000,1138,android,0,0,0,17,NULL]
01-01 00:05:48.660801  1138  1138 I notification_cancel_all: [1000,1138,android,0,0,0,17,NULL]
01-01 00:05:48.665911  1138  1138 I commit_sys_config_file: [notification-policy,5]
01-01 00:05:48.677707  1138  1138 I commit_sys_config_file: [notification-policy,10]
01-01 00:05:48.685555  1138  1138 I commit_sys_config_file: [notification-policy,8]
01-01 00:05:48.693721  1138  1138 I commit_sys_config_file: [notification-policy,8]
01-01 00:05:48.705104  1138  1138 I commit_sys_config_file: [notification-policy,11]
01-01 00:05:48.709665  1138  1170 I am_uid_running: 10022
01-01 00:05:48.721190  1138  1495 I am_uid_active: 10061
01-01 00:05:48.740430  1138  1138 I commit_sys_config_file: [notification-policy,22]
01-01 00:05:48.746310  1138  1138 I commit_sys_config_file: [notification-policy,5]
01-01 00:05:48.756171  1138  1171 I am_proc_start: [0,8288,10022,com.oppo.quicksearchbox,broadcast,com.oppo.quicksearchbox/.app_search.receiver.PackageChangeReceiver]
01-01 00:05:48.758852  1138  1138 I commit_sys_config_file: [notification-policy,7]
01-01 00:05:48.767483  1138  1138 I commit_sys_config_file: [notification-policy,9]
01-01 00:05:48.779059  1138  1138 I commit_sys_config_file: [notification-policy,11]
01-01 00:05:48.795000  8288  8288 I auditd  : type=1400 audit(0.0:7479): avc: denied { read } for comm="re-initialized>" name="u:object_r:mtk_amslog_prop:s0" dev="tmpfs" ino=15427 scontext=u:r:priv_app:s0:c512,c768 tcontext=u:object_r:mtk_amslog_prop:s0 tclass=file permissive=0
01-01 00:05:48.801642  1138  4965 I am_proc_bound: [0,8288,com.oppo.quicksearchbox]
01-01 00:05:48.804632  1138  1138 I commit_sys_config_file: [notification-policy,26]
01-01 00:05:48.812746  1138  1138 I commit_sys_config_file: [notification-policy,8]
01-01 00:05:48.823151  1138  1138 I commit_sys_config_file: [notification-policy,6]
01-01 00:05:48.832455  1138  1138 I commit_sys_config_file: [notification-policy,9]
01-01 00:05:48.840538  1138  1490 I commit_sys_config_file: [settings-0-0,38]
01-01 00:05:48.842919  1138  1138 I commit_sys_config_file: [notification-policy,7]
01-01 00:05:48.860387  1138  1138 I commit_sys_config_file: [notification-policy,13]
01-01 00:05:48.868192  1138  1138 I commit_sys_config_file: [notification-policy,7]
01-01 00:05:48.874650  1138  1138 I commit_sys_config_file: [notification-policy,5]
01-01 00:05:48.889836  1138  1138 I commit_sys_config_file: [notification-policy,7]
01-01 00:05:48.895911  1138  1138 I commit_sys_config_file: [notification-policy,6]
01-01 00:05:48.911504  1138  1138 I commit_sys_config_file: [notification-policy,9]
01-01 00:05:48.921435  1138  1138 I commit_sys_config_file: [notification-policy,9]
01-01 00:05:48.927607  1138  1138 I commit_sys_config_file: [notification-policy,6]
01-01 00:05:48.936011  1138  1138 I commit_sys_config_file: [notification-policy,7]
01-01 00:05:48.964027  1138  1138 I commit_sys_config_file: [notification-policy,26]
01-01 00:05:48.972957  1138  1138 I commit_sys_config_file: [notification-policy,8]
01-01 00:05:48.993591  1138  1138 I commit_sys_config_file: [notification-policy,13]
01-01 00:05:48.998917  1138  1138 I commit_sys_config_file: [notification-policy,5]
01-01 00:05:49.005546  1138  1138 I commit_sys_config_file: [notification-policy,7]
01-01 00:05:49.009550  1138  1138 I commit_sys_config_file: [notification-policy,4]
01-01 00:05:49.017896  1138  1138 I commit_sys_config_file: [notification-policy,8]
01-01 00:05:49.025682  1138  1138 I commit_sys_config_file: [notification-policy,8]
01-01 00:05:49.032833  1138  1138 I commit_sys_config_file: [notification-policy,7]
01-01 00:05:49.037486  1138  1138 I commit_sys_config_file: [notification-policy,5]
01-01 00:05:49.042285  1138  1138 I commit_sys_config_file: [notification-policy,4]
01-01 00:05:49.052500  1138  1138 I commit_sys_config_file: [notification-policy,11]
01-01 00:05:49.059388  1138  1138 I commit_sys_config_file: [notification-policy,6]
01-01 00:05:49.081710  1138  1138 I commit_sys_config_file: [notification-policy,15]
01-01 00:05:49.096114  1138  1490 I commit_sys_config_file: [settings-0-0,30]
01-01 00:05:49.097430  1138  1138 I commit_sys_config_file: [notification-policy,15]
01-01 00:05:49.102243  1138  1187 I am_activity_launch_time: [0,19535296,com.coloros.wirelesssettings/.OppoWirelessSettingsActivity,972,972]
01-01 00:05:49.106788  1138  1138 I commit_sys_config_file: [notification-policy,9]
01-01 00:05:49.119427  1138  1138 I commit_sys_config_file: [notification-policy,13]
01-01 00:05:49.138682  1138  1138 I commit_sys_config_file: [notification-policy,17]
01-01 00:05:49.147632  1138  1138 I commit_sys_config_file: [notification-policy,9]
01-01 00:05:49.181493  1138  1138 I commit_sys_config_file: [notification-policy,24]
01-01 00:05:49.204173  1138  1138 I commit_sys_config_file: [notification-policy,22]
01-01 00:05:49.214517  1138  1138 I commit_sys_config_file: [notification-policy,11]
01-01 00:05:49.222187  1138  1138 I commit_sys_config_file: [notification-policy,7]
01-01 00:05:49.227670  1138  1138 I commit_sys_config_file: [notification-policy,6]
01-01 00:05:49.252638  1138  1167 I sysui_multi_action: [319,269,321,109,322,1089,325,326,757,761,758,7,759,1,806,com.coloros.wirelesssettings,871,com.coloros.wirelesssettings.OppoWirelessSettingsActivity,904,com.coloros.bootreg,905,0,945,245,1320,5,1321,1]
01-01 00:05:49.288452  1138  3004 I am_stop_activity: [0,149680591,com.coloros.bootreg/.activity.WelcomePage]
01-01 00:05:49.290531  3287  3287 I am_on_stop_called: [0,com.coloros.bootreg.activity.WelcomePage,STOP_ACTIVITY_ITEM]
01-01 00:05:49.304922  1138  3004 I am_kill : [0,7058,com.google.android.partnersetup,906,empty #17]
01-01 00:05:49.330564  1138  4963 I am_kill : [0,5186,com.google.process.gservices,906,empty #17]
01-01 00:05:49.360360  1138  4965 I am_proc_died: [0,7058,com.google.android.partnersetup,906,18]
01-01 00:05:49.360742  1138  4965 I am_uid_stopped: 10017
01-01 00:05:49.385265  1138  3873 I am_proc_died: [0,5186,com.google.process.gservices,906,18]
01-01 00:05:49.385702  1138  3873 I am_uid_stopped: 10014
01-01 00:05:49.633007  8179  8179 I menu_item_selected: [0,]
01-01 00:05:49.639404  1138  2826 I am_create_activity: [0,66025406,2,com.coloros.bootreg/.activity.DataPage,com.coloros.bootreg.wlan.next,NULL,NULL,8388608]
01-01 00:05:49.641192  1138  2826 I am_pause_activity: [0,19535296,com.coloros.wirelesssettings/.OppoWirelessSettingsActivity,userLeaving=true,resume-request]
01-01 00:05:49.649730  8179  8179 I am_on_paused_called: [0,com.coloros.wirelesssettings.OppoWirelessSettingsActivity,performPause]
01-01 00:05:49.659494  1138  3004 I am_restart_activity: [0,66025406,2,com.coloros.bootreg/.activity.DataPage]
01-01 00:05:49.664739  1138  3004 I am_set_resumed_activity: [0,com.coloros.bootreg/.activity.DataPage,minimalResumeActivityLocked]
01-01 00:05:49.663000  3963  3963 I auditd  : type=1400 audit(0.0:7480): avc: denied { read } for comm="neo-ns" name="kneuron_stat" dev="proc" ino=4026534378 scontext=u:r:neo:s0 tcontext=u:object_r:proc:s0 tclass=file permissive=0
01-01 00:05:49.675000   631   631 I auditd  : type=1400 audit(0.0:7481): avc: denied { getattr } for comm="oiface@1.0-serv" path="/sys/devices/platform/charger/power_supply/ac/online" dev="sysfs" ino=38552 scontext=u:r:hal_oiface_oppo:s0 tcontext=u:object_r:sysfs_batteryinfo:s0 tclass=file permissive=0
01-01 00:05:49.675000   631   631 I auditd  : type=1400 audit(0.0:7484): avc: denied { getattr } for comm="oiface@1.0-serv" path="/sys/devices/platform/charger/power_supply/battery/batt_rm" dev="sysfs" ino=38613 scontext=u:r:hal_oiface_oppo:s0 tcontext=u:object_r:sysfs_batteryinfo:s0 tclass=file permissive=0
01-01 00:05:49.692581  1138  1168 I sysui_count: [window_time_0,1]
01-01 00:05:49.692668  1138  1168 I sysui_multi_action: [757,803,799,window_time_0,802,1]
01-01 00:05:49.734139  1138  4963 I am_create_activity: [0,202630167,2,com.coloros.bootreg/.activity.WlanAssistantPage,NULL,NULL,NULL,8388608]
01-01 00:05:49.737048  1138  4963 I am_pause_activity: [0,66025406,com.coloros.bootreg/.activity.DataPage,userLeaving=true,resume-request]
01-01 00:05:49.744224  1138  3004 I am_finish_activity: [0,66025406,2,com.coloros.bootreg/.activity.DataPage,app-request]
01-01 00:05:49.753333  3287  3287 I am_on_create_called: [0,com.coloros.bootreg.activity.DataPage,performCreate]
01-01 00:05:49.753324  1138  1168 I sysui_count: [window_time_0,0]
01-01 00:05:49.753547  1138  1168 I sysui_multi_action: [757,803,799,window_time_0,802,0]
01-01 00:05:49.760904  1138  2826 I am_restart_activity: [0,202630167,2,com.coloros.bootreg/.activity.WlanAssistantPage]
01-01 00:05:49.763317  1138  2826 I am_set_resumed_activity: [0,com.coloros.bootreg/.activity.WlanAssistantPage,minimalResumeActivityLocked]
01-01 00:05:49.771115  1138  1168 I sysui_count: [window_time_0,0]
01-01 00:05:49.771191  1138  1168 I sysui_multi_action: [757,803,799,window_time_0,802,0]
01-01 00:05:49.794800  3287  3287 I am_on_create_called: [0,com.coloros.bootreg.activity.WlanAssistantPage,performCreate]
01-01 00:05:49.795787  3287  3287 I am_on_start_called: [0,com.coloros.bootreg.activity.WlanAssistantPage,handleStartActivity]
01-01 00:05:49.796985  3287  3287 I am_on_resume_called: [0,com.coloros.bootreg.activity.WlanAssistantPage,RESUME_ACTIVITY]
01-01 00:05:49.808968  1138  1495 I am_kill : [0,7095,com.google.process.gapps,906,empty #17]
01-01 00:05:49.834735  1138  1495 I am_proc_died: [0,7095,com.google.process.gapps,906,18]
01-01 00:05:49.835046  1138  1495 I am_uid_stopped: 10066
01-01 00:05:49.856804  1138  1490 I commit_sys_config_file: [settings-0-0,7]
01-01 00:05:49.913883  1138  1187 I am_activity_launch_time: [0,202630167,com.coloros.bootreg/.activity.WlanAssistantPage,144,248]
01-01 00:05:49.922272  1138  1167 I sysui_multi_action: [319,270,322,270,325,327,757,761,758,8,759,2,806,com.coloros.bootreg,871,com.coloros.bootreg.activity.WlanAssistantPage,904,com.coloros.bootreg,905,0,1320,5,1321,1]
01-01 00:05:50.241266  1138  1168 I am_destroy_activity: [0,66025406,2,com.coloros.bootreg/.activity.DataPage,finish-imm:activityIdleInternalLocked]
01-01 00:05:50.242055  1138  1168 I am_stop_activity: [0,19535296,com.coloros.wirelesssettings/.OppoWirelessSettingsActivity]
01-01 00:05:50.242646  3287  3287 I am_on_destroy_called: [0,com.coloros.bootreg.activity.DataPage,performDestroy]
01-01 00:05:50.267586  8179  8179 I am_on_stop_called: [0,com.coloros.wirelesssettings.OppoWirelessSettingsActivity,STOP_ACTIVITY_ITEM]
01-01 00:05:50.437946  1138  3004 I am_uid_active: 10098
01-01 00:05:50.748510  1138  4963 I am_uid_active: 10013
01-01 00:05:50.784802  1138  3873 I am_create_activity: [0,90150421,2,com.coloros.bootreg/.activity.FingerprintPage,NULL,NULL,NULL,8388608]
01-01 00:05:50.787953  1138  3873 I am_pause_activity: [0,202630167,com.coloros.bootreg/.activity.WlanAssistantPage,userLeaving=true,resume-request]
01-01 00:05:50.788819  3287  3287 I am_on_paused_called: [0,com.coloros.bootreg.activity.WlanAssistantPage,performPause]
01-01 00:05:50.800053  1138  1495 I am_restart_activity: [0,90150421,2,com.coloros.bootreg/.activity.FingerprintPage]
01-01 00:05:50.803761  1138  1495 I am_set_resumed_activity: [0,com.coloros.bootreg/.activity.FingerprintPage,minimalResumeActivityLocked]
01-01 00:05:50.811362  1138  1168 I sysui_count: [window_time_0,1]
01-01 00:05:50.811521  1138  1168 I sysui_multi_action: [757,803,799,window_time_0,802,1]
01-01 00:05:50.848091  3287  3287 I am_on_create_called: [0,com.coloros.bootreg.activity.FingerprintPage,performCreate]
01-01 00:05:50.848926  3287  3287 I am_on_start_called: [0,com.coloros.bootreg.activity.FingerprintPage,handleStartActivity]
01-01 00:05:50.849832  3287  3287 I am_on_resume_called: [0,com.coloros.bootreg.activity.FingerprintPage,RESUME_ACTIVITY]
01-01 00:05:50.860780  1138  1495 I netstats_mobile_sample: [0,0,0,0,0,0,0,0,0,0,0,0,1546272350860]
01-01 00:05:50.860826  1138  1495 I netstats_wifi_sample: [0,0,0,0,0,0,0,0,0,0,0,0,1546272350860]
01-01 00:05:50.875866  2995  2995 I service_manager_stats: [200,157,178712]
01-01 00:05:50.935646  1138  1187 I am_activity_launch_time: [0,90150421,com.coloros.bootreg/.activity.FingerprintPage,131,131]
01-01 00:05:50.948615  1138  1490 I commit_sys_config_file: [settings-0-0,7]
01-01 00:05:51.088173  1138  1490 I commit_sys_config_file: [settings-1-0,6]
01-01 00:05:51.275948  1138  1168 I am_stop_activity: [0,202630167,com.coloros.bootreg/.activity.WlanAssistantPage]
01-01 00:05:51.293554  3287  3287 I am_on_stop_called: [0,com.coloros.bootreg.activity.WlanAssistantPage,STOP_ACTIVITY_ITEM]
01-01 00:05:51.913884  3287  3287 I menu_item_selected: [0,]
01-01 00:05:52.525112  1138  1495 I am_create_activity: [0,99871512,2,com.coloros.bootreg/.activity.OppoCloudPage,NULL,NULL,NULL,8388608]
01-01 00:05:52.527229  1138  1495 I am_pause_activity: [0,90150421,com.coloros.bootreg/.activity.FingerprintPage,userLeaving=true,resume-request]
01-01 00:05:52.547988  3287  3287 I am_on_paused_called: [0,com.coloros.bootreg.activity.FingerprintPage,performPause]
01-01 00:05:52.553980  1138  1495 I am_restart_activity: [0,99871512,2,com.coloros.bootreg/.activity.OppoCloudPage]
01-01 00:05:52.556971  1138  1495 I am_set_resumed_activity: [0,com.coloros.bootreg/.activity.OppoCloudPage,minimalResumeActivityLocked]
01-01 00:05:52.564275  1138  1168 I sysui_count: [window_time_0,2]
01-01 00:05:52.564421  1138  1168 I sysui_multi_action: [757,803,799,window_time_0,802,2]
01-01 00:05:52.582133  3287  3287 I am_on_create_called: [0,com.coloros.bootreg.activity.OppoCloudPage,performCreate]
01-01 00:05:52.583181  3287  3287 I am_on_start_called: [0,com.coloros.bootreg.activity.OppoCloudPage,handleStartActivity]
01-01 00:05:52.584166  3287  3287 I am_on_resume_called: [0,com.coloros.bootreg.activity.OppoCloudPage,RESUME_ACTIVITY]
01-01 00:05:52.662250  1138  1187 I am_activity_launch_time: [0,99871512,com.coloros.bootreg/.activity.OppoCloudPage,102,102]
01-01 00:05:52.988251  1138  1168 I am_stop_activity: [0,90150421,com.coloros.bootreg/.activity.FingerprintPage]
01-01 00:05:53.008081  3287  3287 I am_on_stop_called: [0,com.coloros.bootreg.activity.FingerprintPage,STOP_ACTIVITY_ITEM]
01-01 00:05:53.408434  1138  3004 I am_create_activity: [0,84180108,2,com.coloros.bootreg/.activity.AccountPage,com.coloros.bootreg.activity.accountpage,NULL,NULL,545259520]
01-01 00:05:53.411242  1138  3004 I am_pause_activity: [0,99871512,com.coloros.bootreg/.activity.OppoCloudPage,userLeaving=true,resume-request]
01-01 00:05:53.421254  3287  3287 I am_on_paused_called: [0,com.coloros.bootreg.activity.OppoCloudPage,performPause]
01-01 00:05:53.428227  1138  3004 I am_restart_activity: [0,84180108,2,com.coloros.bootreg/.activity.AccountPage]
01-01 00:05:53.432159  1138  3004 I am_set_resumed_activity: [0,com.coloros.bootreg/.activity.AccountPage,minimalResumeActivityLocked]
01-01 00:05:53.450103  1138  1168 I sysui_count: [window_time_0,1]
01-01 00:05:53.450231  1138  1168 I sysui_multi_action: [757,803,799,window_time_0,802,1]
01-01 00:05:53.466321  3287  3287 I am_on_create_called: [0,com.coloros.bootreg.activity.AccountPage,performCreate]
01-01 00:05:53.469115  3287  3287 I am_on_start_called: [0,com.coloros.bootreg.activity.AccountPage,handleStartActivity]
01-01 00:05:53.470031  3287  3287 I am_on_resume_called: [0,com.coloros.bootreg.activity.AccountPage,RESUME_ACTIVITY]
01-01 00:05:53.539043  1138  1187 I am_activity_launch_time: [0,84180108,com.coloros.bootreg/.activity.AccountPage,107,107]
01-01 00:05:53.611162  1138  1490 I commit_sys_config_file: [settings-1-0,5]
01-01 00:05:53.884030  1138  1168 I am_stop_activity: [0,99871512,com.coloros.bootreg/.activity.OppoCloudPage]
01-01 00:05:53.885532  3287  3287 I am_on_stop_called: [0,com.coloros.bootreg.activity.OppoCloudPage,STOP_ACTIVITY_ITEM]
01-01 00:05:54.175407  3287  3287 I menu_item_selected: [0,]
01-01 00:05:54.932083  1138  3873 I am_create_activity: [0,177631192,2,com.coloros.bootreg/.activity.OTAControlPage,com.coloros.bootreg.activity.otacontrolpage,NULL,NULL,343932928]
01-01 00:05:54.934076  1138  3873 I am_pause_activity: [0,84180108,com.coloros.bootreg/.activity.AccountPage,userLeaving=true,resume-request]
01-01 00:05:54.952034  3287  3287 I am_on_paused_called: [0,com.coloros.bootreg.activity.AccountPage,performPause]
01-01 00:05:54.959723  1138  4963 I am_restart_activity: [0,177631192,2,com.coloros.bootreg/.activity.OTAControlPage]
01-01 00:05:54.963663  1138  4963 I am_set_resumed_activity: [0,com.coloros.bootreg/.activity.OTAControlPage,minimalResumeActivityLocked]
01-01 00:05:54.973256  1138  1168 I sysui_count: [window_time_0,1]
01-01 00:05:54.973433  1138  1168 I sysui_multi_action: [757,803,799,window_time_0,802,1]
01-01 00:05:54.992776  3287  3287 I am_on_create_called: [0,com.coloros.bootreg.activity.OTAControlPage,performCreate]
01-01 00:05:54.993791  3287  3287 I am_on_start_called: [0,com.coloros.bootreg.activity.OTAControlPage,handleStartActivity]
01-01 00:05:54.994640  3287  3287 I am_on_resume_called: [0,com.coloros.bootreg.activity.OTAControlPage,RESUME_ACTIVITY]
01-01 00:05:55.069183  1138  1187 I am_activity_launch_time: [0,177631192,com.coloros.bootreg/.activity.OTAControlPage,107,107]
01-01 00:05:55.419628  1138  1168 I am_stop_activity: [0,84180108,com.coloros.bootreg/.activity.AccountPage]
01-01 00:05:55.420604  3287  3287 I am_on_stop_called: [0,com.coloros.bootreg.activity.AccountPage,STOP_ACTIVITY_ITEM]
01-01 00:05:55.677595  1138  4963 I am_create_activity: [0,254273941,2,com.coloros.bootreg/.activity.LockScreenPage,NULL,NULL,NULL,8388608]
01-01 00:05:55.680943  1138  4963 I am_pause_activity: [0,177631192,com.coloros.bootreg/.activity.OTAControlPage,userLeaving=true,resume-request]
01-01 00:05:55.691797  3287  3287 I am_on_paused_called: [0,com.coloros.bootreg.activity.OTAControlPage,performPause]
01-01 00:05:55.694582  1138  4966 I am_restart_activity: [0,254273941,2,com.coloros.bootreg/.activity.LockScreenPage]
01-01 00:05:55.698193  1138  4966 I am_set_resumed_activity: [0,com.coloros.bootreg/.activity.LockScreenPage,minimalResumeActivityLocked]
01-01 00:05:55.709808  1138  1168 I sysui_count: [window_time_0,1]
01-01 00:05:55.709910  1138  1168 I sysui_multi_action: [757,803,799,window_time_0,802,1]
01-01 00:05:55.813702  3287  3287 I am_on_create_called: [0,com.coloros.bootreg.activity.LockScreenPage,performCreate]
01-01 00:05:55.814473  3287  3287 I am_on_start_called: [0,com.coloros.bootreg.activity.LockScreenPage,handleStartActivity]
01-01 00:05:55.815202  3287  3287 I am_on_resume_called: [0,com.coloros.bootreg.activity.LockScreenPage,RESUME_ACTIVITY]
01-01 00:05:55.878543  1138  1490 I commit_sys_config_file: [settings-0-0,5]
01-01 00:05:55.881255  2995  2995 I service_manager_stats: [241,107,5005]
01-01 00:05:55.890127  1138  1187 I am_activity_launch_time: [0,254273941,com.coloros.bootreg/.activity.LockScreenPage,191,191]
01-01 00:05:56.017555  1138  1243 I auto_brightness_adj: [1200.000000,357,1200.000000,357]
01-01 00:05:56.240189  1138  1168 I am_stop_activity: [0,177631192,com.coloros.bootreg/.activity.OTAControlPage]
01-01 00:05:56.241180  3287  3287 I am_on_stop_called: [0,com.coloros.bootreg.activity.OTAControlPage,STOP_ACTIVITY_ITEM]
01-01 00:05:56.623965  1138  4966 I am_create_activity: [0,89612805,2,com.coloros.bootreg/.activity.TermsUsePage,NULL,NULL,NULL,8388608]
01-01 00:05:56.626775  1138  4966 I am_pause_activity: [0,254273941,com.coloros.bootreg/.activity.LockScreenPage,userLeaving=true,resume-request]
01-01 00:05:56.637261  3287  3287 I am_on_paused_called: [0,com.coloros.bootreg.activity.LockScreenPage,performPause]
01-01 00:05:56.642292  1138  4966 I am_restart_activity: [0,89612805,2,com.coloros.bootreg/.activity.TermsUsePage]
01-01 00:05:56.645663  1138  4966 I am_set_resumed_activity: [0,com.coloros.bootreg/.activity.TermsUsePage,minimalResumeActivityLocked]
01-01 00:05:56.653389  1138  1168 I sysui_count: [window_time_0,1]
01-01 00:05:56.653571  1138  1168 I sysui_multi_action: [757,803,799,window_time_0,802,1]
01-01 00:05:56.679870  3287  3287 I am_on_create_called: [0,com.coloros.bootreg.activity.TermsUsePage,performCreate]
01-01 00:05:56.680760  3287  3287 I am_on_start_called: [0,com.coloros.bootreg.activity.TermsUsePage,handleStartActivity]
01-01 00:05:56.681554  3287  3287 I am_on_resume_called: [0,com.coloros.bootreg.activity.TermsUsePage,RESUME_ACTIVITY]
01-01 00:05:56.765273  1138  1187 I am_activity_launch_time: [0,89612805,com.coloros.bootreg/.activity.TermsUsePage,119,119]
01-01 00:05:56.828188  1138  1490 I commit_sys_config_file: [settings-1-0,5]
01-01 00:05:57.095969  1138  1168 I am_stop_activity: [0,254273941,com.coloros.bootreg/.activity.LockScreenPage]
01-01 00:05:57.121338  3287  3287 I am_on_stop_called: [0,com.coloros.bootreg.activity.LockScreenPage,STOP_ACTIVITY_ITEM]
01-01 00:05:57.825627  1138  2206 I am_create_activity: [0,88987253,2,com.coloros.bootreg/.activity.PermissionPage,NULL,NULL,NULL,8388608]
01-01 00:05:57.828379  1138  2206 I am_pause_activity: [0,89612805,com.coloros.bootreg/.activity.TermsUsePage,userLeaving=true,resume-request]
01-01 00:05:57.838846  3287  3287 I am_on_paused_called: [0,com.coloros.bootreg.activity.TermsUsePage,performPause]
01-01 00:05:57.841999  1138  4963 I am_restart_activity: [0,88987253,2,com.coloros.bootreg/.activity.PermissionPage]
01-01 00:05:57.846631  1138  4963 I am_set_resumed_activity: [0,com.coloros.bootreg/.activity.PermissionPage,minimalResumeActivityLocked]
01-01 00:05:57.860127  1138  1168 I sysui_count: [window_time_0,1]
01-01 00:05:57.860271  1138  1168 I sysui_multi_action: [757,803,799,window_time_0,802,1]
01-01 00:05:57.875976  3287  3287 I am_on_create_called: [0,com.coloros.bootreg.activity.PermissionPage,performCreate]
01-01 00:05:57.876800  3287  3287 I am_on_start_called: [0,com.coloros.bootreg.activity.PermissionPage,handleStartActivity]
01-01 00:05:57.877399  3287  3287 I am_on_resume_called: [0,com.coloros.bootreg.activity.PermissionPage,RESUME_ACTIVITY]
01-01 00:05:57.954116  1138  1187 I am_activity_launch_time: [0,88987253,com.coloros.bootreg/.activity.PermissionPage,108,108]
01-01 00:05:58.176643  1138  1254 I commit_sys_config_file: [package-user-0,7]
01-01 00:05:58.308819  1138  1168 I am_stop_activity: [0,89612805,com.coloros.bootreg/.activity.TermsUsePage]
01-01 00:05:58.310250  3287  3287 I am_on_stop_called: [0,com.coloros.bootreg.activity.TermsUsePage,STOP_ACTIVITY_ITEM]
01-01 00:05:59.836963  1138  1254 I commit_sys_config_file: [package-user-0,6]
01-01 00:05:59.843743  1138  1170 I am_uid_running: 10041
01-01 00:05:59.845276  1138  1254 I am_uid_stopped: 10041
01-01 00:05:59.846412  1138  1254 I am_broadcast_discard_app: [0,175121850,android.intent.action.PACKAGE_CHANGED,0,ResolveInfo{51aec6b com.android.vending/com.google.android.finsky.packagemanager.impl.PackageMonitorReceiverImpl$RegisteredReceiver m=0x208000}]
01-01 00:05:59.864944  1138  1254 I commit_sys_config_file: [package-user-0,6]
01-01 00:05:59.866344  1138  4963 I am_uid_running: 10014
01-01 00:05:59.875000  8571  8571 I auditd  : type=1400 audit(0.0:7485): avc: denied { read } for comm="re-initialized>" name="u:object_r:mtk_amslog_prop:s0" dev="tmpfs" ino=15427 scontext=u:r:priv_app:s0:c512,c768 tcontext=u:object_r:mtk_amslog_prop:s0 tclass=file permissive=0
01-01 00:05:59.882994  1138  3873 I am_drop_process: 8571
01-01 00:05:59.909193  1138  1171 I am_proc_start: [0,8589,10014,com.google.process.gapps,content provider,com.google.android.gsf/.settings.GoogleSettingsProvider]
01-01 00:05:59.915000  8589  8589 I auditd  : type=1400 audit(0.0:7486): avc: denied { read } for comm="re-initialized>" name="u:object_r:mtk_amslog_prop:s0" dev="tmpfs" ino=15427 scontext=u:r:priv_app:s0:c512,c768 tcontext=u:object_r:mtk_amslog_prop:s0 tclass=file permissive=0
01-01 00:05:59.920501  1138  4832 I am_proc_bound: [0,8589,com.google.process.gapps]
01-01 00:05:59.925220  1138  4832 I am_uid_active: 10014
01-01 00:05:59.929149  1138  1171 I am_proc_start: [0,8604,1000,com.coloros.sau,broadcast,com.coloros.sau/.strategy.AppInstallReceiver]
01-01 00:05:59.947000  8604  8604 I auditd  : type=1400 audit(0.0:7487): avc: denied { read } for comm="re-initialized>" name="u:object_r:mtk_amslog_prop:s0" dev="tmpfs" ino=15427 scontext=u:r:system_app:s0 tcontext=u:object_r:mtk_amslog_prop:s0 tclass=file permissive=0
01-01 00:05:59.953645  1138  2826 I am_proc_bound: [0,8604,com.coloros.sau]
01-01 00:05:59.980807  1138  1171 I am_proc_start: [0,8619,10014,com.google.android.gms.persistent,broadcast,com.google.android.gms/.chimera.GmsIntentOperationService$PersistentTrustedReceiver]
01-01 00:05:59.991000  8619  8619 I auditd  : type=1400 audit(0.0:7488): avc: denied { read } for comm="re-initialized>" name="u:object_r:mtk_amslog_prop:s0" dev="tmpfs" ino=15427 scontext=u:r:priv_app:s0:c512,c768 tcontext=u:object_r:mtk_amslog_prop:s0 tclass=file permissive=0
01-01 00:05:59.997049  1138  2826 I am_proc_bound: [0,8619,com.google.android.gms.persistent]
01-01 00:06:00.006751  1138  1170 I am_uid_running: 10041
01-01 00:06:00.007547  1138  1171 I am_proc_start: [0,8633,10014,com.google.process.gservices,content provider,com.google.android.gsf/.gservices.GservicesProvider]
01-01 00:06:00.007000  8633  8633 I auditd  : type=1400 audit(0.0:7489): avc: denied { read } for comm="re-initialized>" name="u:object_r:mtk_amslog_prop:s0" dev="tmpfs" ino=15427 scontext=u:r:priv_app:s0:c512,c768 tcontext=u:object_r:mtk_amslog_prop:s0 tclass=file permissive=0
01-01 00:06:00.012827  1138  2826 I am_proc_bound: [0,8633,com.google.process.gservices]
01-01 00:06:00.025384  1138  1171 I am_proc_start: [0,8649,10041,com.android.vending,broadcast,com.android.vending/com.google.android.finsky.packagemanager.impl.PackageMonitorReceiverImpl$RegisteredReceiver]
01-01 00:06:00.031000  8649  8649 I auditd  : type=1400 audit(0.0:7490): avc: denied { read } for comm="re-initialized>" name="u:object_r:mtk_amslog_prop:s0" dev="tmpfs" ino=15427 scontext=u:r:priv_app:s0:c512,c768 tcontext=u:object_r:mtk_amslog_prop:s0 tclass=file permissive=0
01-01 00:06:00.039253  1138  3873 I am_proc_bound: [0,8649,com.android.vending]
01-01 00:06:00.039382  1138  1490 I commit_sys_config_file: [settings-1-0,9]
01-01 00:06:00.110325  1138  4832 I am_create_activity: [0,17793929,2,com.coloros.bootreg/.activity.CUCCPermissionPage,NULL,NULL,NULL,8388608]
01-01 00:06:00.110681  1138  1138 I commit_sys_config_file: [notification-policy,5]
01-01 00:06:00.114624  1138  4832 I am_pause_activity: [0,88987253,com.coloros.bootreg/.activity.PermissionPage,userLeaving=true,resume-request]
01-01 00:06:00.129981  3287  3287 I am_on_paused_called: [0,com.coloros.bootreg.activity.PermissionPage,performPause]
01-01 00:06:00.136665  1138  4963 I am_restart_activity: [0,17793929,2,com.coloros.bootreg/.activity.CUCCPermissionPage]
01-01 00:06:00.141892  1138  4963 I am_set_resumed_activity: [0,com.coloros.bootreg/.activity.CUCCPermissionPage,minimalResumeActivityLocked]
01-01 00:06:00.159930  1138  1168 I sysui_count: [window_time_0,3]
01-01 00:06:00.160152  1138  1168 I sysui_multi_action: [757,803,799,window_time_0,802,3]
01-01 00:06:00.181934  3287  3287 I am_on_create_called: [0,com.coloros.bootreg.activity.CUCCPermissionPage,performCreate]
01-01 00:06:00.183169  3287  3287 I am_on_start_called: [0,com.coloros.bootreg.activity.CUCCPermissionPage,handleStartActivity]
01-01 00:06:00.184600  3287  3287 I am_on_resume_called: [0,com.coloros.bootreg.activity.CUCCPermissionPage,RESUME_ACTIVITY]
01-01 00:06:00.259332  1138  1187 I am_activity_launch_time: [0,17793929,com.coloros.bootreg/.activity.CUCCPermissionPage,117,117]
01-01 00:06:00.596288  1138  1168 I am_stop_activity: [0,88987253,com.coloros.bootreg/.activity.PermissionPage]
01-01 00:06:00.597726  3287  3287 I am_on_stop_called: [0,com.coloros.bootreg.activity.PermissionPage,STOP_ACTIVITY_ITEM]
01-01 00:06:00.692640  1138  1490 I commit_sys_config_file: [settings-3-0,6]
01-01 00:06:00.819759  1138  1171 I am_proc_start: [0,8734,10014,com.google.android.gms,service,com.google.android.gms/.chimera.GmsIntentOperationService]
01-01 00:06:00.827000  8734  8734 I auditd  : type=1400 audit(0.0:7491): avc: denied { read } for comm="re-initialized>" name="u:object_r:mtk_amslog_prop:s0" dev="tmpfs" ino=15427 scontext=u:r:priv_app:s0:c512,c768 tcontext=u:object_r:mtk_amslog_prop:s0 tclass=file permissive=0
01-01 00:06:00.831881  1138  4963 I am_proc_bound: [0,8734,com.google.android.gms]
01-01 00:06:00.939467  1138  3004 I am_create_activity: [0,40240820,2,com.coloros.bootreg/.activity.DataMigrationPage,NULL,NULL,NULL,8388608]
01-01 00:06:00.941799  1138  3004 I am_pause_activity: [0,17793929,com.coloros.bootreg/.activity.CUCCPermissionPage,userLeaving=true,resume-request]
01-01 00:06:00.947687  3287  3287 I am_on_paused_called: [0,com.coloros.bootreg.activity.CUCCPermissionPage,performPause]
01-01 00:06:00.951215  1138  4832 I am_restart_activity: [0,40240820,2,com.coloros.bootreg/.activity.DataMigrationPage]
01-01 00:06:00.954823  1138  4832 I am_set_resumed_activity: [0,com.coloros.bootreg/.activity.DataMigrationPage,minimalResumeActivityLocked]
01-01 00:06:00.963062  1138  1168 I sysui_count: [window_time_0,0]
01-01 00:06:00.963181  1138  1168 I sysui_multi_action: [757,803,799,window_time_0,802,0]
01-01 00:06:00.980137  3287  3287 I am_on_create_called: [0,com.coloros.bootreg.activity.DataMigrationPage,performCreate]
01-01 00:06:00.981081  3287  3287 I am_on_start_called: [0,com.coloros.bootreg.activity.DataMigrationPage,handleStartActivity]
01-01 00:06:00.981952  3287  3287 I am_on_resume_called: [0,com.coloros.bootreg.activity.DataMigrationPage,RESUME_ACTIVITY]
01-01 00:06:00.982222  1138  1138 I notification_cancel_all: [1000,1138,com.android.vending,0,0,0,17,NULL]
01-01 00:06:00.988616  1138  4832 I sysui_multi_action: [757,856,758,1,806,com.android.vending,857,1.high-priority-notifications,858,3]
01-01 00:06:00.990301  1138  1138 I commit_sys_config_file: [notification-policy,8]
01-01 00:06:00.990424  1138  1138 I notification_cancel_all: [1000,1138,com.android.vending,0,0,0,17,NULL]
01-01 00:06:00.990476  1138  1138 I chatty  : uid=1000 system_server identical 1 line
01-01 00:06:00.990524  1138  1138 I notification_cancel_all: [1000,1138,com.android.vending,0,0,0,17,NULL]
01-01 00:06:00.990676  1138  4832 I sysui_multi_action: [757,856,758,1,806,com.android.vending,857,2.account-alerts-notifications,858,3]
01-01 00:06:00.992078  1138  2206 I sysui_multi_action: [757,856,758,1,806,com.android.vending,857,3.update-notifications,858,2]
01-01 00:06:00.993629  1138  3873 I sysui_multi_action: [757,856,758,1,806,com.android.vending,857,4.update-completion-notifications,858,2]
01-01 00:06:00.995766  1138  4832 I sysui_multi_action: [757,856,758,1,806,com.android.vending,857,5.maintenance-channel,858,1]
01-01 00:06:00.995841  1138  1138 I commit_sys_config_file: [notification-policy,5]
01-01 00:06:00.998816  1138  2206 I sysui_multi_action: [757,856,758,1,806,com.android.vending,857,6.connectivity-notifications,858,2]
01-01 00:06:01.001472  1138  3873 I sysui_multi_action: [757,856,758,6,806,com.android.vending,857,1.high-priority-notifications,858,3]
01-01 00:06:01.002447  1138  1138 I commit_sys_config_file: [notification-policy,7]
01-01 00:06:01.005960  1138  4963 I sysui_multi_action: [757,856,758,6,806,com.android.vending,857,2.account-alerts-notifications,858,3]
01-01 00:06:01.011019  1138  4963 I sysui_multi_action: [757,856,758,6,806,com.android.vending,857,1.high-priority-notifications,858,3]
01-01 00:06:01.011256  1138  4832 I sysui_multi_action: [757,856,758,6,806,com.android.vending,857,3.update-notifications,858,2]
01-01 00:06:01.012143  1138  1495 I sysui_multi_action: [757,856,758,6,806,com.android.vending,857,2.account-alerts-notifications,858,3]
01-01 00:06:01.015126  1138  4966 I sysui_multi_action: [757,856,758,6,806,com.android.vending,857,1.high-priority-notifications,858,3]
01-01 00:06:01.017040  1138  1495 I sysui_multi_action: [757,856,758,6,806,com.android.vending,857,2.account-alerts-notifications,858,3]
01-01 00:06:01.017573  1138  4832 I sysui_multi_action: [757,856,758,6,806,com.android.vending,857,1.high-priority-notifications,858,3]
01-01 00:06:01.017877  1138  2826 I sysui_multi_action: [757,856,758,6,806,com.android.vending,857,3.update-notifications,858,2]
01-01 00:06:01.018210  1138  1495 I sysui_multi_action: [757,856,758,6,806,com.android.vending,857,2.account-alerts-notifications,858,3]
01-01 00:06:01.018528  1138  1138 I commit_sys_config_file: [notification-policy,16]
01-01 00:06:01.021082  1138  4963 I sysui_multi_action: [757,856,758,6,806,com.android.vending,857,1.high-priority-notifications,858,3]
01-01 00:06:01.021665  1138  2826 I sysui_multi_action: [757,856,758,6,806,com.android.vending,857,2.account-alerts-notifications,858,3]
01-01 00:06:01.022944  1138  4963 I sysui_multi_action: [757,856,758,6,806,com.android.vending,857,2.account-alerts-notifications,858,3]
01-01 00:06:01.023115  1138  4965 I sysui_multi_action: [757,856,758,6,806,com.android.vending,857,1.high-priority-notifications,858,3]
01-01 00:06:01.031054  1138  1495 I sysui_multi_action: [757,856,758,6,806,com.android.vending,857,3.update-notifications,858,2]
01-01 00:06:01.031684  1138  1138 I commit_sys_config_file: [notification-policy,13]
01-01 00:06:01.037240  1138  4965 I sysui_multi_action: [757,856,758,6,806,com.android.vending,857,3.update-notifications,858,2]
01-01 00:06:01.038679  1138  2826 I sysui_multi_action: [757,856,758,6,806,com.android.vending,857,4.update-completion-notifications,858,2]
01-01 00:06:01.039062  1138  1138 I commit_sys_config_file: [notification-policy,7]
01-01 00:06:01.042352  1138  4966 I sysui_multi_action: [757,856,758,6,806,com.android.vending,857,3.update-notifications,858,2]
01-01 00:06:01.042380  1138  1495 I sysui_multi_action: [757,856,758,6,806,com.android.vending,857,5.maintenance-channel,858,1]
01-01 00:06:01.045047  1138  1138 I commit_sys_config_file: [notification-policy,6]
01-01 00:06:01.045787  1138  3004 I sysui_multi_action: [757,856,758,6,806,com.android.vending,857,4.update-completion-notifications,858,2]
01-01 00:06:01.047693  1138  2826 I sysui_multi_action: [757,856,758,6,806,com.android.vending,857,3.update-notifications,858,2]
01-01 00:06:01.052878  1138  1495 I sysui_multi_action: [757,856,758,6,806,com.android.vending,857,5.maintenance-channel,858,1]
01-01 00:06:01.053084  1138  2826 I sysui_multi_action: [757,856,758,6,806,com.android.vending,857,4.update-completion-notifications,858,2]
01-01 00:06:01.054090  1138  1138 I commit_sys_config_file: [notification-policy,9]
01-01 00:06:01.057250  1138  3873 I sysui_multi_action: [757,856,758,6,806,com.android.vending,857,4.update-completion-notifications,858,2]
01-01 00:06:01.058681  1138  1138 I commit_sys_config_file: [notification-policy,5]
01-01 00:06:01.061453  1138  4963 I sysui_multi_action: [757,856,758,6,806,com.android.vending,857,5.maintenance-channel,858,1]
01-01 00:06:01.061875  1138  4965 I sysui_multi_action: [757,856,758,6,806,com.android.vending,857,4.update-completion-notifications,858,2]
01-01 00:06:01.064048  1138  1138 I commit_sys_config_file: [notification-policy,5]
01-01 00:06:01.067194  1138  4965 I sysui_multi_action: [757,856,758,6,806,com.android.vending,857,4.update-completion-notifications,858,2]
01-01 00:06:01.071125  1138  1138 I commit_sys_config_file: [notification-policy,6]
01-01 00:06:01.072383  1138  1495 I sysui_multi_action: [757,856,758,6,806,com.android.vending,857,5.maintenance-channel,858,1]
01-01 00:06:01.076708  1138  1187 I am_activity_launch_time: [0,40240820,com.coloros.bootreg/.activity.DataMigrationPage,116,116]
01-01 00:06:01.083119  1138  1495 I sysui_multi_action: [757,856,758,6,806,com.android.vending,857,5.maintenance-channel,858,1]
01-01 00:06:01.086926  1138  3004 I sysui_multi_action: [757,856,758,6,806,com.android.vending,857,5.maintenance-channel,858,1]
01-01 00:06:01.086996  1138  1138 I commit_sys_config_file: [notification-policy,15]
01-01 00:06:01.087062  1138  4832 I sysui_multi_action: [757,856,758,6,806,com.android.vending,857,5.maintenance-channel,858,1]
01-01 00:06:01.088794  1138  2826 I sysui_multi_action: [757,856,758,6,806,com.android.vending,857,6.connectivity-notifications,858,2]
01-01 00:06:01.095401  1138  3004 I sysui_multi_action: [757,856,758,6,806,com.android.vending,857,6.connectivity-notifications,858,2]
01-01 00:06:01.098152  1138  1138 I commit_sys_config_file: [notification-policy,10]
01-01 00:06:01.101977  1138  3004 I sysui_multi_action: [757,856,758,6,806,com.android.vending,857,6.connectivity-notifications,858,2]
01-01 00:06:01.104148  1138  3004 I sysui_multi_action: [757,856,758,6,806,com.android.vending,857,6.connectivity-notifications,858,2]
01-01 00:06:01.105001  1138  1138 I commit_sys_config_file: [notification-policy,7]
01-01 00:06:01.108121  1138  4832 I sysui_multi_action: [757,856,758,6,806,com.android.vending,857,6.connectivity-notifications,858,2]
01-01 00:06:01.109906  1138  1495 I sysui_multi_action: [757,856,758,6,806,com.android.vending,857,6.connectivity-notifications,858,2]
01-01 00:06:01.109977  1138  1138 I commit_sys_config_file: [notification-policy,5]
01-01 00:06:01.116354  1138  1138 I commit_sys_config_file: [notification-policy,6]
01-01 00:06:01.120583  1138  1138 I commit_sys_config_file: [notification-policy,4]
01-01 00:06:01.127915  1138  1138 I commit_sys_config_file: [notification-policy,7]
01-01 00:06:01.142642  1138  1490 I commit_sys_config_file: [settings-2-0,5]
01-01 00:06:01.421390  1138  1168 I am_stop_activity: [0,17793929,com.coloros.bootreg/.activity.CUCCPermissionPage]
01-01 00:06:01.422302  3287  3287 I am_on_stop_called: [0,com.coloros.bootreg.activity.CUCCPermissionPage,STOP_ACTIVITY_ITEM]
01-01 00:06:01.830552  1138  4832 I am_create_activity: [0,3693141,2,com.coloros.bootreg/.activity.CompletePage,NULL,NULL,NULL,8388608]
01-01 00:06:01.833858  1138  4832 I am_pause_activity: [0,40240820,com.coloros.bootreg/.activity.DataMigrationPage,userLeaving=true,resume-request]
01-01 00:06:01.844049  3287  3287 I am_on_paused_called: [0,com.coloros.bootreg.activity.DataMigrationPage,performPause]
01-01 00:06:01.851984  1138  1495 I am_restart_activity: [0,3693141,2,com.coloros.bootreg/.activity.CompletePage]
01-01 00:06:01.856541  1138  1495 I am_set_resumed_activity: [0,com.coloros.bootreg/.activity.CompletePage,minimalResumeActivityLocked]
01-01 00:06:01.867763  2995  2995 I service_manager_stats: [200,94,5987]
01-01 00:06:01.872471  1138  1168 I sysui_count: [window_time_0,1]
01-01 00:06:01.872623  1138  1168 I sysui_multi_action: [757,803,799,window_time_0,802,1]
01-01 00:06:01.880553  3287  3287 I am_on_create_called: [0,com.coloros.bootreg.activity.CompletePage,performCreate]
01-01 00:06:01.881463  3287  3287 I am_on_start_called: [0,com.coloros.bootreg.activity.CompletePage,handleStartActivity]
01-01 00:06:01.882557  3287  3287 I am_on_resume_called: [0,com.coloros.bootreg.activity.CompletePage,RESUME_ACTIVITY]
01-01 00:06:01.972239  1138  1187 I am_activity_launch_time: [0,3693141,com.coloros.bootreg/.activity.CompletePage,116,116]
01-01 00:06:02.191000   748   748 I auditd  : type=1400 audit(0.0:7492): avc: denied { read } for comm="HwBinder:748_3" name="u:object_r:default_prop:s0" dev="tmpfs" ino=15367 scontext=u:r:mediacodec:s0 tcontext=u:object_r:default_prop:s0 tclass=file permissive=0
01-01 00:06:02.191000   748   748 I auditd  : type=1400 audit(0.0:7493): avc: denied { read } for comm="HwBinder:748_3" name="u:object_r:default_prop:s0" dev="tmpfs" ino=15367 scontext=u:r:mediacodec:s0 tcontext=u:object_r:default_prop:s0 tclass=file permissive=0
01-01 00:06:02.195000   636   636 I auditd  : type=1400 audit(0.0:7494): avc: denied { search } for comm="atlasservice" name="740" dev="proc" ino=20140 scontext=u:r:atlasservice:s0 tcontext=u:r:mediaserver:s0 tclass=dir permissive=0
01-01 00:06:02.231000   740   740 I auditd  : type=1400 audit(0.0:7495): avc: denied { search } for comm="CodecLooper" name="clients" dev="debugfs" ino=7839 scontext=u:r:mediaserver:s0 tcontext=u:object_r:debugfs_ion:s0 tclass=dir permissive=0
01-01 00:06:02.334229  1138  1168 I am_stop_activity: [0,40240820,com.coloros.bootreg/.activity.DataMigrationPage]
01-01 00:06:02.339000   599   599 I auditd  : type=1400 audit(0.0:7496): avc: denied { read } for comm="Dispatcher_0" name="u:object_r:default_prop:s0" dev="tmpfs" ino=15367 scontext=u:r:hal_graphics_composer_default:s0 tcontext=u:object_r:default_prop:s0 tclass=file permissive=0
01-01 00:06:02.343000   599   599 I auditd  : type=1400 audit(0.0:7497): avc: denied { read } for comm="Dispatcher_0" name="boot_mode" dev="sysfs" ino=6690 scontext=u:r:hal_graphics_composer_default:s0 tcontext=u:object_r:sysfs_boot_mode:s0 tclass=file permissive=0
01-01 00:06:02.346596  3287  3287 I am_on_stop_called: [0,com.coloros.bootreg.activity.DataMigrationPage,STOP_ACTIVITY_ITEM]
01-01 00:06:02.655962  1138  1170 I am_uid_running: 10032
01-01 00:06:02.660235  1138  1495 I commit_sys_config_file: [settings-0-0,5]
01-01 00:06:02.666212  1138  1495 I commit_sys_config_file: [settings-2-0,3]
01-01 00:06:02.671826  1138  1171 I am_proc_start: [0,8801,10032,com.coloros.speechassist,broadcast,com.coloros.speechassist/.DaemonService$ScreenStateReciver]
01-01 00:06:02.680246  1138  1254 I commit_sys_config_file: [package-user-0,7]
01-01 00:06:02.683000  8801  8801 I auditd  : type=1400 audit(0.0:7498): avc: denied { read } for comm="re-initialized>" name="u:object_r:mtk_amslog_prop:s0" dev="tmpfs" ino=15427 scontext=u:r:priv_app:s0:c512,c768 tcontext=u:object_r:mtk_amslog_prop:s0 tclass=file permissive=0
01-01 00:06:02.689045  1138  1495 I wm_task_created: [3,0]
01-01 00:06:02.690280  1138  1495 I wm_task_moved: [3,0,2147483647]
01-01 00:06:02.690942  1138  1495 I am_create_task: [0,3]
01-01 00:06:02.690989  1138  1495 I am_create_activity: [0,111407054,3,com.oppo.launcher/.Launcher,android.intent.action.MAIN,NULL,NULL,268435456]
01-01 00:06:02.691172  1138  1495 I wm_task_moved: [3,0,2147483647]
01-01 00:06:02.694600  1138  1495 I am_pause_activity: [0,3693141,com.coloros.bootreg/.activity.CompletePage,userLeaving=true,resume-request]
01-01 00:06:02.695736  1138  1138 I commit_sys_config_file: [sync-accounts,5]
01-01 00:06:02.706528  1138  2826 I am_proc_bound: [0,8801,com.coloros.speechassist]
01-01 00:06:02.731000  1138  1138 I auditd  : type=1400 audit(0.0:7499): avc: denied { search } for comm="Binder:1138_14" name="heaps" dev="debugfs" ino=7838 scontext=u:r:system_server:s0 tcontext=u:object_r:debugfs_ion_mm_heap:s0 tclass=dir permissive=0
01-01 00:06:02.736746  1138  4965 I am_finish_activity: [0,149680591,2,com.coloros.bootreg/.activity.WelcomePage,finish-and-remove-task]
01-01 00:06:02.737180  1138  4965 I am_destroy_activity: [0,149680591,2,com.coloros.bootreg/.activity.WelcomePage,finish-imm:finishActivityLocked]
01-01 00:06:02.740953  1138  4965 I am_finish_activity: [0,19535296,2,com.coloros.wirelesssettings/.OppoWirelessSettingsActivity,finish-and-remove-task]
